Component: ARM Compiler 5.06 update 5 (build 528) Tool: armlink [4d35e2]

==============================================================================

Section Cross References

    main.o(i.main) refers to led.o(i.LED_Init) for LED_Init
    main.o(i.main) refers to delay.o(i.delay_init) for delay_init
    main.o(i.main) refers to oled.o(i.OLED_Init) for OLED_Init
    main.o(i.main) refers to oled.o(i.OLED_ColorTurn) for OLED_ColorTurn
    main.o(i.main) refers to oled.o(i.OLED_DisplayTurn) for OLED_DisplayTurn
    main.o(i.main) refers to mpu6050.o(i.MPU_Init) for MPU_Init
    main.o(i.main) refers to uart.o(i.USART1_Init) for USART1_Init
    main.o(i.main) refers to countsensor.o(i.CountSensor_Init) for CountSensor_Init
    main.o(i.main) refers to timer.o(i.Timer_Init) for Timer_Init
    main.o(i.main) refers to led.o(i.Moto_Init) for Moto_Init
    main.o(i.main) refers to oled.o(i.OLED_ShowString) for OLED_ShowString
    main.o(i.main) refers to oled.o(i.OLED_Refresh) for OLED_Refresh
    main.o(i.main) refers to stm32f10x_rcc.o(i.RCC_APB2PeriphClockCmd) for RCC_APB2PeriphClockCmd
    main.o(i.main) refers to stm32f10x_gpio.o(i.GPIO_PinRemapConfig) for GPIO_PinRemapConfig
    main.o(i.main) refers to oled.o(i.OLED_Clear) for OLED_Clear
    main.o(i.main) refers to inv_mpu.o(i.mpu_dmp_init) for mpu_dmp_init
    main.o(i.main) refers to inv_mpu.o(i.mpu_dmp_get_data) for mpu_dmp_get_data
    main.o(i.main) refers to ds18b20.o(i.DS18B20_Get_Temp) for DS18B20_Get_Temp
    main.o(i.main) refers to mpu6050.o(i.MPU_Get_Temperature) for MPU_Get_Temperature
    main.o(i.main) refers to mpu6050.o(i.MPU_Get_Accelerometer) for MPU_Get_Accelerometer
    main.o(i.main) refers to mpu6050.o(i.MPU_Get_Gyroscope) for MPU_Get_Gyroscope
    main.o(i.main) refers to f2d.o(.text) for __aeabi_f2d
    main.o(i.main) refers to printfa.o(i.__0printf) for __2printf
    main.o(i.main) refers to fflti.o(.text) for __aeabi_i2f
    main.o(i.main) refers to fdiv.o(.text) for __aeabi_fdiv
    main.o(i.main) refers to oled.o(i.OLED_ShowFloat) for OLED_ShowFloat
    main.o(i.main) refers to oled.o(i.OLED_ShowNum) for OLED_ShowNum
    main.o(i.main) refers to main.o(.data) for T
    main.o(i.main) refers to timer.o(.data) for Speed
    system_stm32f10x.o(i.SetSysClock) refers to system_stm32f10x.o(i.SetSysClockTo72) for SetSysClockTo72
    system_stm32f10x.o(i.SystemCoreClockUpdate) refers to system_stm32f10x.o(.data) for SystemCoreClock
    system_stm32f10x.o(i.SystemInit) refers to system_stm32f10x.o(i.SetSysClock) for SetSysClock
    startup_stm32f10x_hd.o(RESET) refers to startup_stm32f10x_hd.o(STACK) for __initial_sp
    startup_stm32f10x_hd.o(RESET) refers to startup_stm32f10x_hd.o(.text) for Reset_Handler
    startup_stm32f10x_hd.o(RESET) refers to stm32f10x_it.o(i.NMI_Handler) for NMI_Handler
    startup_stm32f10x_hd.o(RESET) refers to stm32f10x_it.o(i.HardFault_Handler) for HardFault_Handler
    startup_stm32f10x_hd.o(RESET) refers to stm32f10x_it.o(i.MemManage_Handler) for MemManage_Handler
    startup_stm32f10x_hd.o(RESET) refers to stm32f10x_it.o(i.BusFault_Handler) for BusFault_Handler
    startup_stm32f10x_hd.o(RESET) refers to stm32f10x_it.o(i.UsageFault_Handler) for UsageFault_Handler
    startup_stm32f10x_hd.o(RESET) refers to stm32f10x_it.o(i.SVC_Handler) for SVC_Handler
    startup_stm32f10x_hd.o(RESET) refers to stm32f10x_it.o(i.DebugMon_Handler) for DebugMon_Handler
    startup_stm32f10x_hd.o(RESET) refers to stm32f10x_it.o(i.PendSV_Handler) for PendSV_Handler
    startup_stm32f10x_hd.o(RESET) refers to stm32f10x_it.o(i.SysTick_Handler) for SysTick_Handler
    startup_stm32f10x_hd.o(RESET) refers to countsensor.o(i.EXTI9_5_IRQHandler) for EXTI9_5_IRQHandler
    startup_stm32f10x_hd.o(RESET) refers to timer.o(i.TIM2_IRQHandler) for TIM2_IRQHandler
    startup_stm32f10x_hd.o(RESET) refers to uart.o(i.USART1_IRQHandler) for USART1_IRQHandler
    startup_stm32f10x_hd.o(.text) refers to system_stm32f10x.o(i.SystemInit) for SystemInit
    startup_stm32f10x_hd.o(.text) refers to entry.o(.ARM.Collect$$$$00000000) for __main
    stm32f10x_adc.o(i.ADC_DeInit) refers to stm32f10x_rcc.o(i.RCC_APB2PeriphResetCmd) for RCC_APB2PeriphResetCmd
    stm32f10x_bkp.o(i.BKP_DeInit) refers to stm32f10x_rcc.o(i.RCC_BackupResetCmd) for RCC_BackupResetCmd
    stm32f10x_can.o(i.CAN_DeInit) refers to stm32f10x_rcc.o(i.RCC_APB1PeriphResetCmd) for RCC_APB1PeriphResetCmd
    stm32f10x_can.o(i.CAN_GetITStatus) refers to stm32f10x_can.o(i.CheckITStatus) for CheckITStatus
    stm32f10x_cec.o(i.CEC_DeInit) refers to stm32f10x_rcc.o(i.RCC_APB1PeriphResetCmd) for RCC_APB1PeriphResetCmd
    stm32f10x_dac.o(i.DAC_DeInit) refers to stm32f10x_rcc.o(i.RCC_APB1PeriphResetCmd) for RCC_APB1PeriphResetCmd
    stm32f10x_flash.o(i.FLASH_EnableWriteProtection) refers to stm32f10x_flash.o(i.FLASH_WaitForLastOperation) for FLASH_WaitForLastOperation
[...]
    i.EXTI9_5_IRQHandler                     0x08000dd4   Section        0  countsensor.o(i.EXTI9_5_IRQHandler)
    i.EXTI_ClearITPendingBit                 0x08000e04   Section        0  stm32f10x_exti.o(i.EXTI_ClearITPendingBit)
    i.EXTI_GetITStatus                       0x08000e10   Section        0  stm32f10x_exti.o(i.EXTI_GetITStatus)
    i.EXTI_Init                              0x08000e38   Section        0  stm32f10x_exti.o(i.EXTI_Init)
    i.GPIO_EXTILineConfig                    0x08000ecc   Section        0  stm32f10x_gpio.o(i.GPIO_EXTILineConfig)
    i.GPIO_Init                              0x08000f0c   Section        0  stm32f10x_gpio.o(i.GPIO_Init)
    i.GPIO_PinRemapConfig                    0x08001024   Section        0  stm32f10x_gpio.o(i.GPIO_PinRemapConfig)
    i.GPIO_ReadInputDataBit                  0x080010b4   Section        0  stm32f10x_gpio.o(i.GPIO_ReadInputDataBit)
    i.GPIO_ResetBits                         0x080010c6   Section        0  stm32f10x_gpio.o(i.GPIO_ResetBits)
    i.GPIO_SetBits                           0x080010ca   Section        0  stm32f10x_gpio.o(i.GPIO_SetBits)
    i.HardFault_Handler                      0x080010ce   Section        0  stm32f10x_it.o(i.HardFault_Handler)
    i.I2C_Start                              0x080010d4   Section        0  olediic.o(i.I2C_Start)
    i.I2C_Stop                               0x08001108   Section        0  olediic.o(i.I2C_Stop)
    i.I2C_WaitAck                            0x0800112c   Section        0  olediic.o(i.I2C_WaitAck)
    i.IIC_delay                              0x08001158   Section        0  olediic.o(i.IIC_delay)
    i.LED_Init                               0x08001168   Section        0  led.o(i.LED_Init)
    i.MPU_Get_Accelerometer                  0x0800119c   Section        0  mpu6050.o(i.MPU_Get_Accelerometer)
    i.MPU_Get_Gyroscope                      0x080011ec   Section        0  mpu6050.o(i.MPU_Get_Gyroscope)
    i.MPU_Get_Temperature                    0x0800123c   Section        0  mpu6050.o(i.MPU_Get_Temperature)
    i.MPU_IIC_Ack                            0x080012a4   Section        0  mpuiic.o(i.MPU_IIC_Ack)
    i.MPU_IIC_Delay                          0x080012f0   Section        0  mpuiic.o(i.MPU_IIC_Delay)
    i.MPU_IIC_Init                           0x080012fc   Section        0  mpuiic.o(i.MPU_IIC_Init)
    i.MPU_IIC_NAck                           0x08001334   Section        0  mpuiic.o(i.MPU_IIC_NAck)
    i.MPU_IIC_Read_Byte                      0x08001380   Section        0  mpuiic.o(i.MPU_IIC_Read_Byte)
    i.MPU_IIC_Send_Byte                      0x080013ec   Section        0  mpuiic.o(i.MPU_IIC_Send_Byte)
    i.MPU_IIC_Start                          0x08001448   Section        0  mpuiic.o(i.MPU_IIC_Start)
    i.MPU_IIC_Stop                           0x08001490   Section        0  mpuiic.o(i.MPU_IIC_Stop)
    i.MPU_IIC_Wait_Ack                       0x080014d8   Section        0  mpuiic.o(i.MPU_IIC_Wait_Ack)
    i.MPU_Init                               0x0800153c   Section        0  mpu6050.o(i.MPU_Init)
    i.MPU_Read_Byte                          0x080015fc   Section        0  mpu6050.o(i.MPU_Read_Byte)
    i.MPU_Read_Len                           0x08001636   Section        0  mpu6050.o(i.MPU_Read_Len)
    i.MPU_Set_Accel_Fsr                      0x080016aa   Section        0  mpu6050.o(i.MPU_Set_Accel_Fsr)
    i.MPU_Set_Gyro_Fsr                       0x080016ba   Section        0  mpu6050.o(i.MPU_Set_Gyro_Fsr)
    i.MPU_Set_LPF                            0x080016ca   Section        0  mpu6050.o(i.MPU_Set_LPF)
    i.MPU_Set_Rate                           0x08001704   Section        0  mpu6050.o(i.MPU_Set_Rate)
    i.MPU_Write_Byte                         0x0800173e   Section        0  mpu6050.o(i.MPU_Write_Byte)
    i.MPU_Write_Len                          0x08001782   Section        0  mpu6050.o(i.MPU_Write_Len)
    i.MemManage_Handler                      0x080017e2   Section        0  stm32f10x_it.o(i.MemManage_Handler)
    i.Moto_Init                              0x080017e8   Section        0  led.o(i.Moto_Init)
    i.My_abs                                 0x08001828   Section        0  oled.o(i.My_abs)
    i.NMI_Handler                            0x08001840   Section        0  stm32f10x_it.o(i.NMI_Handler)
    i.NVIC_Init                              0x08001844   Section        0  misc.o(i.NVIC_Init)
    i.NVIC_PriorityGroupConfig               0x080018b4   Section        0  misc.o(i.NVIC_PriorityGroupConfig)
    i.OLED_Clear                             0x080018c8   Section        0  oled.o(i.OLED_Clear)
    i.OLED_ColorTurn                         0x080018f8   Section        0  oled.o(i.OLED_ColorTurn)
    i.OLED_DisplayTurn                       0x08001914   Section        0  oled.o(i.OLED_DisplayTurn)
    i.OLED_DrawPoint                         0x08001940   Section        0  oled.o(i.OLED_DrawPoint)
    i.OLED_Init                              0x080019b8   Section        0  oled.o(i.OLED_Init)
    i.OLED_Pow                               0x08001ac0   Section        0  oled.o(i.OLED_Pow)
    i.OLED_Refresh                           0x08001ad8   Section        0  oled.o(i.OLED_Refresh)
    i.OLED_ShowChar                          0x08001b40   Section        0  oled.o(i.OLED_ShowChar)
    i.OLED_ShowFloat                         0x08001c7c   Section        0  oled.o(i.OLED_ShowFloat)
    i.OLED_ShowNum                           0x08001e68   Section        0  oled.o(i.OLED_ShowNum)
    i.OLED_ShowString                        0x08001ef4   Section        0  oled.o(i.OLED_ShowString)
    i.OLED_WR_Byte                           0x08001f3e   Section        0  oled.o(i.OLED_WR_Byte)
    i.PendSV_Handler                         0x08001f76   Section        0  stm32f10x_it.o(i.PendSV_Handler)
    i.RCC_APB1PeriphClockCmd                 0x08001f78   Section        0  stm32f10x_rcc.o(i.RCC_APB1PeriphClockCmd)
    i.RCC_APB2PeriphClockCmd                 0x08001f98   Section        0  stm32f10x_rcc.o(i.RCC_APB2PeriphClockCmd)
    i.RCC_GetClocksFreq                      0x08001fb8   Section        0  stm32f10x_rcc.o(i.RCC_GetClocksFreq)
    i.SVC_Handler                            0x0800208c   Section        0  stm32f10x_it.o(i.SVC_Handler)
    i.Send_Byte                              0x08002090   Section        0  olediic.o(i.Send_Byte)
    i.SetSysClock                            0x080020dc   Section        0  system_stm32f10x.o(i.SetSysClock)
    SetSysClock                              0x080020dd   Thumb Code     8  system_stm32f10x.o(i.SetSysClock)
    i.SetSysClockTo72                        0x080020e4   Section        0  system_stm32f10x.o(i.SetSysClockTo72)
    SetSysClockTo72                          0x080020e5   Thumb Code   214  system_stm32f10x.o(i.SetSysClockTo72)
    i.SysTick_CLKSourceConfig                0x080021c4   Section        0  misc.o(i.SysTick_CLKSourceConfig)
    i.SysTick_Handler                        0x080021ec   Section        0  stm32f10x_it.o(i.SysTick_Handler)
    i.SystemInit                             0x080021f0   Section        0  system_stm32f10x.o(i.SystemInit)
    i.TIM2_IRQHandler                        0x08002250   Section        0  timer.o(i.TIM2_IRQHandler)
    i.TIM_ClearFlag                          0x0800228c   Section        0  stm32f10x_tim.o(i.TIM_ClearFlag)
    i.TIM_ClearITPendingBit                  0x08002292   Section        0  stm32f10x_tim.o(i.TIM_ClearITPendingBit)
    i.TIM_Cmd                                0x08002298   Section        0  stm32f10x_tim.o(i.TIM_Cmd)
    i.TIM_GetITStatus                        0x080022b0   Section        0  stm32f10x_tim.o(i.TIM_GetITStatus)
    i.TIM_ITConfig                           0x080022d2   Section        0  stm32f10x_tim.o(i.TIM_ITConfig)
    i.TIM_InternalClockConfig                0x080022e4   Section        0  stm32f10x_tim.o(i.TIM_InternalClockConfig)
    i.TIM_TimeBaseInit                       0x080022f0   Section        0  stm32f10x_tim.o(i.TIM_TimeBaseInit)
    i.Timer_Init                             0x08002394   Section        0  timer.o(i.Timer_Init)
    i.USART1_IRQHandler                      0x08002414   Section        0  uart.o(i.USART1_IRQHandler)
    i.USART1_Init                            0x080024c4   Section        0  uart.o(i.USART1_Init)
    i.USART_ClearFlag                        0x0800257c   Section        0  stm32f10x_usart.o(i.USART_ClearFlag)
    i.USART_ClearITPendingBit                0x0800258e   Section        0  stm32f10x_usart.o(i.USART_ClearITPendingBit)
    i.USART_Cmd                              0x080025ac   Section        0  stm32f10x_usart.o(i.USART_Cmd)
    i.USART_GetITStatus                      0x080025c4   Section        0  stm32f10x_usart.o(i.USART_GetITStatus)
    i.USART_ITConfig                         0x08002618   Section        0  stm32f10x_usart.o(i.USART_ITConfig)
    i.USART_Init                             0x08002664   Section        0  stm32f10x_usart.o(i.USART_Init)
    i.USART_ReceiveData                      0x0800273c   Section        0  stm32f10x_usart.o(i.USART_ReceiveData)
    i.UsageFault_Handler                     0x08002746   Section        0  stm32f10x_it.o(i.UsageFault_Handler)
    i.__0printf                              0x0800274c   Section        0  printfa.o(i.__0printf)
    i.__ARM_fpclassify                       0x0800276c   Section        0  fpclassify.o(i.__ARM_fpclassify)
    i.__kernel_poly                          0x08002794   Section        0  poly.o(i.__kernel_poly)
    i.__mathlib_dbl_infnan                   0x0800283e   Section        0  dunder.o(i.__mathlib_dbl_infnan)
    i.__mathlib_dbl_infnan2                  0x08002844   Section        0  dunder.o(i.__mathlib_dbl_infnan2)
    i.__mathlib_dbl_invalid                  0x08002848   Section        0  dunder.o(i.__mathlib_dbl_invalid)
    i.__mathlib_dbl_underflow                0x08002854   Section        0  dunder.o(i.__mathlib_dbl_underflow)
    i.__scatterload_copy                     0x08002864   Section       14  handlers.o(i.__scatterload_copy)
    i.__scatterload_null                     0x08002872   Section        2  handlers.o(i.__scatterload_null)
    i.__scatterload_zeroinit                 0x08002874   Section       14  handlers.o(i.__scatterload_zeroinit)
    i.__set_errno                            0x08002884   Section        0  errno.o(i.__set_errno)
    i._fp_digits                             0x08002890   Section        0  printfa.o(i._fp_digits)
    _fp_digits                               0x08002891   Thumb Code   366  printfa.o(i._fp_digits)
    i._printf_core                           0x08002a14   Section        0  printfa.o(i._printf_core)
    _printf_core                             0x08002a15   Thumb Code  1744  printfa.o(i._printf_core)
    i._printf_post_padding                   0x080030f0   Section        0  printfa.o(i._printf_post_padding)
    _printf_post_padding                     0x080030f1   Thumb Code    36  printfa.o(i._printf_post_padding)
    i._printf_pre_padding                    0x08003114   Section        0  printfa.o(i._printf_pre_padding)
    _printf_pre_padding                      0x08003115   Thumb Code    46  printfa.o(i._printf_pre_padding)
    i.accel_self_test                        0x08003144   Section        0  inv_mpu.o(i.accel_self_test)
    accel_self_test                          0x08003145   Thumb Code   164  inv_mpu.o(i.accel_self_test)
    i.asin                                   0x080031ec   Section        0  asin.o(i.asin)
    i.atan                                   0x0800345c   Section        0  atan.o(i.atan)
    i.atan2                                  0x0800367c   Section        0  atan2.o(i.atan2)
    i.decode_gesture                         0x080037fc   Section        0  inv_mpu_dmp_motion_driver.o(i.decode_gesture)
    decode_gesture                           0x080037fd   Thumb Code    94  inv_mpu_dmp_motion_driver.o(i.decode_gesture)
    i.delay_init                             0x08003860   Section        0  delay.o(i.delay_init)
    i.delay_ms                               0x080038a4   Section        0  delay.o(i.delay_ms)
    i.delay_us                               0x080038f0   Section        0  delay.o(i.delay_us)
    i.dmp_enable_6x_lp_quat                  0x0800393c   Section        0  inv_mpu_dmp_motion_driver.o(i.dmp_enable_6x_lp_quat)
    i.dmp_enable_feature                     0x08003978   Section        0  inv_mpu_dmp_motion_driver.o(i.dmp_enable_feature)
    i.dmp_enable_gyro_cal                    0x08003b94   Section        0  inv_mpu_dmp_motion_driver.o(i.dmp_enable_gyro_cal)
    i.dmp_enable_lp_quat                     0x08003bec   Section        0  inv_mpu_dmp_motion_driver.o(i.dmp_enable_lp_quat)
    i.dmp_load_motion_driver_firmware        0x08003c28   Section        0  inv_mpu_dmp_motion_driver.o(i.dmp_load_motion_driver_firmware)
    i.dmp_read_fifo                          0x08003c40   Section        0  inv_mpu_dmp_motion_driver.o(i.dmp_read_fifo)
    i.dmp_set_accel_bias                     0x08003e0c   Section        0  inv_mpu_dmp_motion_driver.o(i.dmp_set_accel_bias)
    i.dmp_set_fifo_rate                      0x08003f3c   Section        0  inv_mpu_dmp_motion_driver.o(i.dmp_set_fifo_rate)
    i.dmp_set_gyro_bias                      0x08003fac   Section        0  inv_mpu_dmp_motion_driver.o(i.dmp_set_gyro_bias)
    i.dmp_set_orientation                    0x080040dc   Section        0  inv_mpu_dmp_motion_driver.o(i.dmp_set_orientation)
    i.dmp_set_shake_reject_thresh            0x08004214   Section        0  inv_mpu_dmp_motion_driver.o(i.dmp_set_shake_reject_thresh)
    i.dmp_set_shake_reject_time              0x0800424c   Section        0  inv_mpu_dmp_motion_driver.o(i.dmp_set_shake_reject_time)
    i.dmp_set_shake_reject_timeout           0x08004272   Section        0  inv_mpu_dmp_motion_driver.o(i.dmp_set_shake_reject_timeout)
    i.dmp_set_tap_axes                       0x08004298   Section        0  inv_mpu_dmp_motion_driver.o(i.dmp_set_tap_axes)
    i.dmp_set_tap_count                      0x080042de   Section        0  inv_mpu_dmp_motion_driver.o(i.dmp_set_tap_count)
    i.dmp_set_tap_thresh                     0x08004304   Section        0  inv_mpu_dmp_motion_driver.o(i.dmp_set_tap_thresh)
    i.dmp_set_tap_time                       0x080044a4   Section        0  inv_mpu_dmp_motion_driver.o(i.dmp_set_tap_time)
    i.dmp_set_tap_time_multi                 0x080044ca   Section        0  inv_mpu_dmp_motion_driver.o(i.dmp_set_tap_time_multi)
    i.fputc                                  0x080044f0   Section        0  usart.o(i.fputc)
    i.get_accel_prod_shift                   0x0800450c   Section        0  inv_mpu.o(i.get_accel_prod_shift)
    get_accel_prod_shift                     0x0800450d   Thumb Code   168  inv_mpu.o(i.get_accel_prod_shift)
    i.get_st_biases                          0x080045c0   Section        0  inv_mpu.o(i.get_st_biases)
    get_st_biases                            0x080045c1   Thumb Code  1132  inv_mpu.o(i.get_st_biases)
    i.gyro_self_test                         0x08004a30   Section        0  inv_mpu.o(i.gyro_self_test)
    gyro_self_test                           0x08004a31   Thumb Code   256  inv_mpu.o(i.gyro_self_test)
    i.inv_orientation_matrix_to_scalar       0x08004b40   Section        0  inv_mpu.o(i.inv_orientation_matrix_to_scalar)
    i.inv_row_2_scale                        0x08004b68   Section        0  inv_mpu.o(i.inv_row_2_scale)
    i.main                                   0x08004bb8   Section        0  main.o(i.main)
    i.mget_ms                                0x08004e58   Section        0  inv_mpu.o(i.mget_ms)
    i.mpu_configure_fifo                     0x08004e5c   Section        0  inv_mpu.o(i.mpu_configure_fifo)
    i.mpu_dmp_get_data                       0x08004ecc   Section        0  inv_mpu.o(i.mpu_dmp_get_data)
    i.mpu_dmp_init                           0x080050f0   Section        0  inv_mpu.o(i.mpu_dmp_init)
    i.mpu_get_accel_fsr                      0x08005190   Section        0  inv_mpu.o(i.mpu_get_accel_fsr)
    i.mpu_get_accel_sens                     0x080051dc   Section        0  inv_mpu.o(i.mpu_get_accel_sens)
    i.mpu_get_fifo_config                    0x08005230   Section        0  inv_mpu.o(i.mpu_get_fifo_config)
    i.mpu_get_gyro_fsr                       0x08005240   Section        0  inv_mpu.o(i.mpu_get_gyro_fsr)
    i.mpu_get_gyro_sens                      0x08005284   Section        0  inv_mpu.o(i.mpu_get_gyro_sens)
    i.mpu_get_lpf                            0x080052d4   Section        0  inv_mpu.o(i.mpu_get_lpf)
    i.mpu_get_sample_rate                    0x08005324   Section        0  inv_mpu.o(i.mpu_get_sample_rate)
    i.mpu_init                               0x08005344   Section        0  inv_mpu.o(i.mpu_init)
    i.mpu_load_firmware                      0x08005534   Section        0  inv_mpu.o(i.mpu_load_firmware)
    i.mpu_lp_accel_mode                      0x080055ec   Section        0  inv_mpu.o(i.mpu_lp_accel_mode)
    i.mpu_read_fifo_stream                   0x080056cc   Section        0  inv_mpu.o(i.mpu_read_fifo_stream)
    i.mpu_read_mem                           0x0800578c   Section        0  inv_mpu.o(i.mpu_read_mem)
    i.mpu_reset_fifo                         0x0800580c   Section        0  inv_mpu.o(i.mpu_reset_fifo)
    i.mpu_run_self_test                      0x080059d4   Section        0  inv_mpu.o(i.mpu_run_self_test)
    i.mpu_set_accel_fsr                      0x08005af0   Section        0  inv_mpu.o(i.mpu_set_accel_fsr)
    i.mpu_set_bypass                         0x08005b74   Section        0  inv_mpu.o(i.mpu_set_bypass)
    i.mpu_set_dmp_state                      0x08005cc0   Section        0  inv_mpu.o(i.mpu_set_dmp_state)
    i.mpu_set_gyro_fsr                       0x08005d50   Section        0  inv_mpu.o(i.mpu_set_gyro_fsr)
    i.mpu_set_int_latched                    0x08005dd8   Section        0  inv_mpu.o(i.mpu_set_int_latched)
    i.mpu_set_lpf                            0x08005e44   Section        0  inv_mpu.o(i.mpu_set_lpf)
    i.mpu_set_sample_rate                    0x08005ec8   Section        0  inv_mpu.o(i.mpu_set_sample_rate)
    i.mpu_set_sensors                        0x08005f64   Section        0  inv_mpu.o(i.mpu_set_sensors)
    i.mpu_write_mem                          0x08006034   Section        0  inv_mpu.o(i.mpu_write_mem)
    i.run_self_test                          0x080060b4   Section        0  inv_mpu.o(i.run_self_test)
    i.set_int_enable                         0x08006148   Section        0  inv_mpu.o(i.set_int_enable)
    set_int_enable                           0x08006149   Thumb Code   138  inv_mpu.o(i.set_int_enable)
    i.sqrt                                   0x080061d8   Section        0  sqrt.o(i.sqrt)
    .constdata                               0x08006224   Section     3062  inv_mpu_dmp_motion_driver.o(.constdata)
    dmp_memory                               0x08006224   Data        3062  inv_mpu_dmp_motion_driver.o(.constdata)
    .constdata                               0x08006e1c   Section       80  inv_mpu.o(.constdata)
    .constdata                               0x08006e6c   Section     7696  oled.o(.constdata)
    .constdata                               0x08008c80   Section       80  asin.o(.constdata)
    pS                                       0x08008c80   Data          48  asin.o(.constdata)
    qS                                       0x08008cb0   Data          32  asin.o(.constdata)
    .constdata                               0x08008cd0   Section      152  atan.o(.constdata)
    atanhi                                   0x08008cd0   Data          32  atan.o(.constdata)
    atanlo                                   0x08008cf0   Data          32  atan.o(.constdata)
    aTodd                                    0x08008d10   Data          40  atan.o(.constdata)
    aTeven                                   0x08008d38   Data          48  atan.o(.constdata)
    .constdata                               0x08008d68   Section        8  qnan.o(.constdata)
    .conststring                             0x08008d70   Section       77  inv_mpu.o(.conststring)
    .data                                    0x20000000   Section        4  main.o(.data)
    .data                                    0x20000004   Section       20  system_stm32f10x.o(.data)
    .data                                    0x20000018   Section       20  stm32f10x_rcc.o(.data)
    APBAHBPrescTable                         0x20000018   Data          16  stm32f10x_rcc.o(.data)
    ADCPrescTable                            0x20000028   Data           4  stm32f10x_rcc.o(.data)
    .data                                    0x2000002c   Section        4  delay.o(.data)
    fac_us                                   0x2000002c   Data           1  delay.o(.data)
    fac_ms                                   0x2000002e   Data           2  delay.o(.data)
    .data                                    0x20000030   Section        6  usart.o(.data)
    .data                                    0x20000038   Section       53  inv_mpu.o(.data)
    st                                       0x20000038   Data          44  inv_mpu.o(.data)
    gyro_orientation                         0x20000064   Data           9  inv_mpu.o(.data)
    .data                                    0x2000006d   Section        1  uart.o(.data)
    .data                                    0x2000006e   Section        2  countsensor.o(.data)
    .data                                    0x20000070   Section        2  timer.o(.data)
    .data                                    0x20000074   Section        4  errno.o(.data)
    _errno                                   0x20000074   Data           4  errno.o(.data)
    .bss                                     0x20000078   Section       16  inv_mpu_dmp_motion_driver.o(.bss)
    dmp                                      0x20000078   Data          16  inv_mpu_dmp_motion_driver.o(.bss)
    .bss                                     0x20000088   Section     1152  oled.o(.bss)
    STACK                                    0x20000508   Section     1024  startup_stm32f10x_hd.o(STACK)

    Global Symbols

    Symbol Name                              Value     Ov Type        Size  Object(Section)

    BuildAttributes$$THM_ISAv4$P$D$K$B$S$PE$A:L22UL41UL21$X:L11$S22US41US21$IEEE1$IW$USESV6$~STKCKD$USESV7$~SHL$OTIME$ROPI$IEEEX$EBA8$MICROLIB$REQ8$PRES8$EABIv2 0x00000000   Number         0  anon$$obj.o ABSOLUTE
    __ARM_use_no_argv                        0x00000000   Number         0  main.o ABSOLUTE
    __use_no_errno                           0x00000000   Number         0  useno.o ABSOLUTE
    __use_no_exception_handling              0x00000000   Number         0  useno.o ABSOLUTE
    __use_no_fp                              0x00000000   Number         0  useno.o ABSOLUTE
    __use_no_heap                            0x00000000   Number         0  useno.o ABSOLUTE
    __use_no_heap_region                     0x00000000   Number         0  useno.o ABSOLUTE
    __use_no_semihosting                     0x00000000   Number         0  useno.o ABSOLUTE
    __use_no_semihosting_swi                 0x00000000   Number         0  useno.o ABSOLUTE
    __use_no_signal_handling                 0x00000000   Number         0  useno.o ABSOLUTE
    _printf_a                                0x00000000   Number         0  stubs.o ABSOLUTE
    _printf_c                                0x00000000   Number         0  stubs.o ABSOLUTE
    _printf_charcount                        0x00000000   Number         0  stubs.o ABSOLUTE
    _printf_d                                0x00000000   Number         0  stubs.o ABSOLUTE
    _printf_e                                0x00000000   Number         0  stubs.o ABSOLUTE
    _printf_f                                0x00000000   Number         0  stubs.o ABSOLUTE
    _printf_flags                            0x00000000   Number         0  stubs.o ABSOLUTE
    _printf_fp_dec                           0x00000000   Number         0  stubs.o ABSOLUTE
    _printf_fp_hex                           0x00000000   Number         0  stubs.o ABSOLUTE
    _printf_g                                0x00000000   Number         0  stubs.o ABSOLUTE
    _printf_i                                0x00000000   Number         0  stubs.o ABSOLUTE
    _printf_int_dec                          0x00000000   Number         0  stubs.o ABSOLUTE
    _printf_l                                0x00000000   Number         0  stubs.o ABSOLUTE
    _printf_lc                               0x00000000   Number         0  stubs.o ABSOLUTE
    _printf_ll                               0x00000000   Number         0  stubs.o ABSOLUTE
    _printf_lld                              0x00000000   Number         0  stubs.o ABSOLUTE
    _printf_lli                              0x00000000   Number         0  stubs.o ABSOLUTE
    _printf_llo                              0x00000000   Number         0  stubs.o ABSOLUTE
    _printf_llu                              0x00000000   Number         0  stubs.o ABSOLUTE
    _printf_llx                              0x00000000   Number         0  stubs.o ABSOLUTE
    _printf_longlong_dec                     0x00000000   Number         0  stubs.o ABSOLUTE
    _printf_longlong_hex                     0x00000000   Number         0  stubs.o ABSOLUTE
    _printf_longlong_oct                     0x00000000   Number         0  stubs.o ABSOLUTE
    _printf_ls                               0x00000000   Number         0  stubs.o ABSOLUTE
    _printf_mbtowc                           0x00000000   Number         0  stubs.o ABSOLUTE
    _printf_n                                0x00000000   Number         0  stubs.o ABSOLUTE
    _printf_o                                0x00000000   Number         0  stubs.o ABSOLUTE
    _printf_p                                0x00000000   Number         0  stubs.o ABSOLUTE
    _printf_percent                          0x00000000   Number         0  stubs.o ABSOLUTE
    _printf_pre_padding                      0x00000000   Number         0  stubs.o ABSOLUTE
    _printf_return_value                     0x00000000   Number         0  stubs.o ABSOLUTE
    _printf_s                                0x00000000   Number         0  stubs.o ABSOLUTE
    _printf_sizespec                         0x00000000   Number         0  stubs.o ABSOLUTE
    _printf_str                              0x00000000   Number         0  stubs.o ABSOLUTE
    _printf_truncate_signed                  0x00000000   Number         0  stubs.o ABSOLUTE
    _printf_truncate_unsigned                0x00000000   Number         0  stubs.o ABSOLUTE
    _printf_u                                0x00000000   Number         0  stubs.o ABSOLUTE
    _printf_wc                               0x00000000   Number         0  stubs.o ABSOLUTE
    _printf_wctomb                           0x00000000   Number         0  stubs.o ABSOLUTE
    _printf_widthprec                        0x00000000   Number         0  stubs.o ABSOLUTE
    _printf_x                                0x00000000   Number         0  stubs.o ABSOLUTE
    __cpp_initialize__aeabi_                  - Undefined Weak Reference
    __cxa_finalize                            - Undefined Weak Reference
    __decompress                              - Undefined Weak Reference
    _clock_init                               - Undefined Weak Reference
    _microlib_exit                            - Undefined Weak Reference
    __Vectors_Size                           0x00000130   Number         0  startup_stm32f10x_hd.o ABSOLUTE
    __Vectors                                0x08000000   Data           4  startup_stm32f10x_hd.o(RESET)
    __Vectors_End                            0x08000130   Data           0  startup_stm32f10x_hd.o(RESET)
    __main                                   0x08000131   Thumb Code     0  entry.o(.ARM.Collect$$$$00000000)
    _main_stk                                0x08000131   Thumb Code     0  entry2.o(.ARM.Collect$$$$00000001)
    _main_scatterload                        0x08000135   Thumb Code     0  entry5.o(.ARM.Collect$$$$00000004)
    __main_after_scatterload                 0x08000139   Thumb Code     0  entry5.o(.ARM.Collect$$$$00000004)
    _main_clock                              0x08000139   Thumb Code     0  entry7b.o(.ARM.Collect$$$$00000008)
    _main_cpp_init                           0x08000139   Thumb Code     0  entry8b.o(.ARM.Collect$$$$0000000A)
    _main_init                               0x08000139   Thumb Code     0  entry9a.o(.ARM.Collect$$$$0000000B)
    __rt_final_cpp                           0x08000141   Thumb Code     0  entry10a.o(.ARM.Collect$$$$0000000D)
    __rt_final_exit                          0x08000141   Thumb Code     0  entry11a.o(.ARM.Collect$$$$0000000F)
    Reset_Handler                            0x08000145   Thumb Code     8  startup_stm32f10x_hd.o(.text)
    ADC1_2_IRQHandler                        0x0800015f   Thumb Code     0  startup_stm32f10x_hd.o(.text)
    ADC3_IRQHandler                          0x0800015f   Thumb Code     0  startup_stm32f10x_hd.o(.text)
    CAN1_RX1_IRQHandler                      0x0800015f   Thumb Code     0  startup_stm32f10x_hd.o(.text)
    CAN1_SCE_IRQHandler                      0x0800015f   Thumb Code     0  startup_stm32f10x_hd.o(.text)
    DMA1_Channel1_IRQHandler                 0x0800015f   Thumb Code     0  startup_stm32f10x_hd.o(.text)
    DMA1_Channel2_IRQHandler                 0x0800015f   Thumb Code     0  startup_stm32f10x_hd.o(.text)
    DMA1_Channel3_IRQHandler                 0x0800015f   Thumb Code     0  startup_stm32f10x_hd.o(.text)
    DMA1_Channel4_IRQHandler                 0x0800015f   Thumb Code     0  startup_stm32f10x_hd.o(.text)
    DMA1_Channel5_IRQHandler                 0x0800015f   Thumb Code     0  startup_stm32f10x_hd.o(.text)
    DMA1_Channel6_IRQHandler                 0x0800015f   Thumb Code     0  startup_stm32f10x_hd.o(.text)
    DMA1_Channel7_IRQHandler                 0x0800015f   Thumb Code     0  startup_stm32f10x_hd.o(.text)
    DMA2_Channel1_IRQHandler                 0x0800015f   Thumb Code     0  startup_stm32f10x_hd.o(.text)
    DMA2_Channel2_IRQHandler                 0x0800015f   Thumb Code     0  startup_stm32f10x_hd.o(.text)
    DMA2_Channel3_IRQHandler                 0x0800015f   Thumb Code     0  startup_stm32f10x_hd.o(.text)
    DMA2_Channel4_5_IRQHandler               0x0800015f   Thumb Code     0  startup_stm32f10x_hd.o(.text)
    EXTI0_IRQHandler                         0x0800015f   Thumb Code     0  startup_stm32f10x_hd.o(.text)
    EXTI15_10_IRQHandler                     0x0800015f   Thumb Code     0  startup_stm32f10x_hd.o(.text)
    EXTI1_IRQHandler                         0x0800015f   Thumb Code     0  startup_stm32f10x_hd.o(.text)
    EXTI2_IRQHandler                         0x0800015f   Thumb Code     0  startup_stm32f10x_hd.o(.text)
    EXTI3_IRQHandler                         0x0800015f   Thumb Code     0  startup_stm32f10x_hd.o(.text)
    EXTI4_IRQHandler                         0x0800015f   Thumb Code     0  startup_stm32f10x_hd.o(.text)
    FLASH_IRQHandler                         0x0800015f   Thumb Code     0  startup_stm32f10x_hd.o(.text)
    FSMC_IRQHandler                          0x0800015f   Thumb Code     0  startup_stm32f10x_hd.o(.text)
    I2C1_ER_IRQHandler                       0x0800015f   Thumb Code     0  startup_stm32f10x_hd.o(.text)
    I2C1_EV_IRQHandler                       0x0800015f   Thumb Code     0  startup_stm32f10x_hd.o(.text)
    I2C2_ER_IRQHandler                       0x0800015f   Thumb Code     0  startup_stm32f10x_hd.o(.text)
    I2C2_EV_IRQHandler                       0x0800015f   Thumb Code     0  startup_stm32f10x_hd.o(.text)
    PVD_IRQHandler                           0x0800015f   Thumb Code     0  startup_stm32f10x_hd.o(.text)
    RCC_IRQHandler                           0x0800015f   Thumb Code     0  startup_stm32f10x_hd.o(.text)
    RTCAlarm_IRQHandler                      0x0800015f   Thumb Code     0  startup_stm32f10x_hd.o(.text)
    RTC_IRQHandler                           0x0800015f   Thumb Code     0  startup_stm32f10x_hd.o(.text)
    SDIO_IRQHandler                          0x0800015f   Thumb Code     0  startup_stm32f10x_hd.o(.text)
    SPI1_IRQHandler                          0x0800015f   Thumb Code     0  startup_stm32f10x_hd.o(.text)
    SPI2_IRQHandler                          0x0800015f   Thumb Code     0  startup_stm32f10x_hd.o(.text)
    SPI3_IRQHandler                          0x0800015f   Thumb Code     0  startup_stm32f10x_hd.o(.text)
    TAMPER_IRQHandler                        0x0800015f   Thumb Code     0  startup_stm32f10x_hd.o(.text)
    TIM1_BRK_IRQHandler                      0x0800015f   Thumb Code     0  startup_stm32f10x_hd.o(.text)
    TIM1_CC_IRQHandler                       0x0800015f   Thumb Code     0  startup_stm32f10x_hd.o(.text)
    TIM1_TRG_COM_IRQHandler                  0x0800015f   Thumb Code     0  startup_stm32f10x_hd.o(.text)
    TIM1_UP_IRQHandler                       0x0800015f   Thumb Code     0  startup_stm32f10x_hd.o(.text)
    TIM3_IRQHandler                          0x0800015f   Thumb Code     0  startup_stm32f10x_hd.o(.text)
    TIM4_IRQHandler                          0x0800015f   Thumb Code     0  startup_stm32f10x_hd.o(.text)
    TIM5_IRQHandler                          0x0800015f   Thumb Code     0  startup_stm32f10x_hd.o(.text)
    TIM6_IRQHandler                          0x0800015f   Thumb Code     0  startup_stm32f10x_hd.o(.text)
    TIM7_IRQHandler                          0x0800015f   Thumb Code     0  startup_stm32f10x_hd.o(.text)
    TIM8_BRK_IRQHandler                      0x0800015f   Thumb Code     0  startup_stm32f10x_hd.o(.text)
    TIM8_CC_IRQHandler                       0x0800015f   Thumb Code     0  startup_stm32f10x_hd.o(.text)
    TIM8_TRG_COM_IRQHandler                  0x0800015f   Thumb Code     0  startup_stm32f10x_hd.o(.text)
    TIM8_UP_IRQHandler                       0x0800015f   Thumb Code     0  startup_stm32f10x_hd.o(.text)
    UART4_IRQHandler                         0x0800015f   Thumb Code     0  startup_stm32f10x_hd.o(.text)
    UART5_IRQHandler                         0x0800015f   Thumb Code     0  startup_stm32f10x_hd.o(.text)
    USART2_IRQHandler                        0x0800015f   Thumb Code     0  startup_stm32f10x_hd.o(.text)
    USART3_IRQHandler                        0x0800015f   Thumb Code     0  startup_stm32f10x_hd.o(.text)
    USBWakeUp_IRQHandler                     0x0800015f   Thumb Code     0  startup_stm32f10x_hd.o(.text)
    USB_HP_CAN1_TX_IRQHandler                0x0800015f   Thumb Code     0  startup_stm32f10x_hd.o(.text)
    USB_LP_CAN1_RX0_IRQHandler               0x0800015f   Thumb Code     0  startup_stm32f10x_hd.o(.text)
    WWDG_IRQHandler                          0x0800015f   Thumb Code     0  startup_stm32f10x_hd.o(.text)
    __aeabi_ldivmod                          0x08000169   Thumb Code    98  ldiv.o(.text)
    __aeabi_memset                           0x080001cb   Thumb Code    14  memseta.o(.text)
    __aeabi_memset4                          0x080001cb   Thumb Code     0  memseta.o(.text)
    __aeabi_memset8                          0x080001cb   Thumb Code     0  memseta.o(.text)
    __aeabi_memclr                           0x080001d9   Thumb Code     4  memseta.o(.text)
    __aeabi_memclr4                          0x080001d9   Thumb Code     0  memseta.o(.text)
    __aeabi_memclr8                          0x080001d9   Thumb Code     0  memseta.o(.text)
    _memset$wrapper                          0x080001dd   Thumb Code    18  memseta.o(.text)
    memcmp                                   0x080001ef   Thumb Code    26  memcmp.o(.text)
    __aeabi_fadd                             0x08000209   Thumb Code   164  fadd.o(.text)
    __aeabi_fsub                             0x080002ad   Thumb Code     6  fadd.o(.text)
    __aeabi_frsub                            0x080002b3   Thumb Code     6  fadd.o(.text)
    __aeabi_fmul                             0x080002b9   Thumb Code   100  fmul.o(.text)
    __aeabi_fdiv                             0x0800031d   Thumb Code   124  fdiv.o(.text)
    __aeabi_dadd                             0x08000399   Thumb Code   322  dadd.o(.text)
    __aeabi_dsub                             0x080004db   Thumb Code     6  dadd.o(.text)
    __aeabi_drsub                            0x080004e1   Thumb Code     6  dadd.o(.text)
    __aeabi_dmul                             0x080004e7   Thumb Code   228  dmul.o(.text)
    __aeabi_ddiv                             0x080005cb   Thumb Code   222  ddiv.o(.text)
    __aeabi_i2f                              0x080006a9   Thumb Code    18  fflti.o(.text)
    __aeabi_ui2f                             0x080006bb   Thumb Code    10  ffltui.o(.text)
    __aeabi_i2d                              0x080006c5   Thumb Code    34  dflti.o(.text)
    __aeabi_f2iz                             0x080006e7   Thumb Code    50  ffixi.o(.text)
    __aeabi_f2uiz                            0x08000719   Thumb Code    40  ffixui.o(.text)
    __aeabi_f2d                              0x08000741   Thumb Code    38  f2d.o(.text)
    __aeabi_d2f                              0x08000767   Thumb Code    56  d2f.o(.text)
    __aeabi_cfcmpeq                          0x080007a1   Thumb Code     0  cfcmple.o(.text)
    __aeabi_cfcmple                          0x080007a1   Thumb Code    20  cfcmple.o(.text)
    __aeabi_cfrcmple                         0x080007b5   Thumb Code    20  cfrcmple.o(.text)
    __aeabi_uidiv                            0x080007c9   Thumb Code     0  uidiv.o(.text)
    __aeabi_uidivmod                         0x080007c9   Thumb Code    44  uidiv.o(.text)
    __aeabi_uldivmod                         0x080007f5   Thumb Code    98  uldiv.o(.text)
    __aeabi_llsl                             0x08000857   Thumb Code    30  llshl.o(.text)
    _ll_shift_l                              0x08000857   Thumb Code     0  llshl.o(.text)
    __aeabi_lasr                             0x08000875   Thumb Code    36  llsshr.o(.text)
    _ll_sshift_r                             0x08000875   Thumb Code     0  llsshr.o(.text)
    __I$use$fp                               0x08000899   Thumb Code     0  iusefp.o(.text)
    _float_round                             0x08000899   Thumb Code    18  fepilogue.o(.text)
    _float_epilogue                          0x080008ab   Thumb Code    92  fepilogue.o(.text)
    _double_round                            0x08000907   Thumb Code    30  depilogue.o(.text)
    _double_epilogue                         0x08000925   Thumb Code   156  depilogue.o(.text)
    __ARM_scalbn                             0x080009c1   Thumb Code    46  dscalb.o(.text)
    scalbn                                   0x080009c1   Thumb Code     0  dscalb.o(.text)
    __aeabi_d2ulz                            0x080009ef   Thumb Code    48  dfixul.o(.text)
    __aeabi_cdrcmple                         0x08000a21   Thumb Code    48  cdrcmple.o(.text)
    __scatterload                            0x08000a51   Thumb Code    28  init.o(.text)
    __scatterload_rt2                        0x08000a51   Thumb Code     0  init.o(.text)
    __aeabi_llsr                             0x08000a75   Thumb Code    32  llushr.o(.text)
    _ll_ushift_r                             0x08000a75   Thumb Code     0  llushr.o(.text)
    _dsqrt                                   0x08000a95   Thumb Code   162  dsqrt.o(.text)
    BusFault_Handler                         0x08000b37   Thumb Code     4  stm32f10x_it.o(i.BusFault_Handler)
    CountSensor_Init                         0x08000b3d   Thumb Code   118  countsensor.o(i.CountSensor_Init)
    DS18B20_Get_Temp                         0x08000bb9   Thumb Code   128  ds18b20.o(i.DS18B20_Get_Temp)
    DS18B20_Read_Byte                        0x08000d19   Thumb Code    34  ds18b20.o(i.DS18B20_Read_Byte)
    DS18B20_Write_Byte                       0x08000d6d   Thumb Code    96  ds18b20.o(i.DS18B20_Write_Byte)
    DebugMon_Handler                         0x08000dd1   Thumb Code     2  stm32f10x_it.o(i.DebugMon_Handler)
    EXTI9_5_IRQHandler                       0x08000dd5   Thumb Code    40  countsensor.o(i.EXTI9_5_IRQHandler)
    EXTI_ClearITPendingBit                   0x08000e05   Thumb Code     6  stm32f10x_exti.o(i.EXTI_ClearITPendingBit)
    EXTI_GetITStatus                         0x08000e11   Thumb Code    34  stm32f10x_exti.o(i.EXTI_GetITStatus)
    EXTI_Init                                0x08000e39   Thumb Code   142  stm32f10x_exti.o(i.EXTI_Init)
    GPIO_EXTILineConfig                      0x08000ecd   Thumb Code    60  stm32f10x_gpio.o(i.GPIO_EXTILineConfig)
    GPIO_Init                                0x08000f0d   Thumb Code   278  stm32f10x_gpio.o(i.GPIO_Init)
    GPIO_PinRemapConfig                      0x08001025   Thumb Code   138  stm32f10x_gpio.o(i.GPIO_PinRemapConfig)
    GPIO_ReadInputDataBit                    0x080010b5   Thumb Code    18  stm32f10x_gpio.o(i.GPIO_ReadInputDataBit)
    GPIO_ResetBits                           0x080010c7   Thumb Code     4  stm32f10x_gpio.o(i.GPIO_ResetBits)
    GPIO_SetBits                             0x080010cb   Thumb Code     4  stm32f10x_gpio.o(i.GPIO_SetBits)
    HardFault_Handler                        0x080010cf   Thumb Code     4  stm32f10x_it.o(i.HardFault_Handler)
    I2C_Start                                0x080010d5   Thumb Code    48  olediic.o(i.I2C_Start)
    I2C_Stop                                 0x08001109   Thumb Code    32  olediic.o(i.I2C_Stop)
    I2C_WaitAck                              0x0800112d   Thumb Code    40  olediic.o(i.I2C_WaitAck)
    IIC_delay                                0x08001159   Thumb Code    16  olediic.o(i.IIC_delay)
    LED_Init                                 0x08001169   Thumb Code    46  led.o(i.LED_Init)
    MPU_Get_Accelerometer                    0x0800119d   Thumb Code    80  mpu6050.o(i.MPU_Get_Accelerometer)
    MPU_Get_Gyroscope                        0x080011ed   Thumb Code    80  mpu6050.o(i.MPU_Get_Gyroscope)
    MPU_Get_Temperature                      0x0800123d   Thumb Code    86  mpu6050.o(i.MPU_Get_Temperature)
    MPU_IIC_Ack                              0x080012a5   Thumb Code    62  mpuiic.o(i.MPU_IIC_Ack)
    MPU_IIC_Delay                            0x080012f1   Thumb Code    10  mpuiic.o(i.MPU_IIC_Delay)
    MPU_IIC_Init                             0x080012fd   Thumb Code    50  mpuiic.o(i.MPU_IIC_Init)
    MPU_IIC_NAck                             0x08001335   Thumb Code    62  mpuiic.o(i.MPU_IIC_NAck)
    MPU_IIC_Read_Byte                        0x08001381   Thumb Code    94  mpuiic.o(i.MPU_IIC_Read_Byte)
    MPU_IIC_Send_Byte                        0x080013ed   Thumb Code    80  mpuiic.o(i.MPU_IIC_Send_Byte)
    MPU_IIC_Start                            0x08001449   Thumb Code    60  mpuiic.o(i.MPU_IIC_Start)
    MPU_IIC_Stop                             0x08001491   Thumb Code    58  mpuiic.o(i.MPU_IIC_Stop)
    MPU_IIC_Wait_Ack                         0x080014d9   Thumb Code    86  mpuiic.o(i.MPU_IIC_Wait_Ack)
    MPU_Init                                 0x0800153d   Thumb Code   180  mpu6050.o(i.MPU_Init)
    MPU_Read_Byte                            0x080015fd   Thumb Code    58  mpu6050.o(i.MPU_Read_Byte)
    MPU_Read_Len                             0x08001637   Thumb Code   116  mpu6050.o(i.MPU_Read_Len)
    MPU_Set_Accel_Fsr                        0x080016ab   Thumb Code    16  mpu6050.o(i.MPU_Set_Accel_Fsr)
    MPU_Set_Gyro_Fsr                         0x080016bb   Thumb Code    16  mpu6050.o(i.MPU_Set_Gyro_Fsr)
    MPU_Set_LPF                              0x080016cb   Thumb Code    58  mpu6050.o(i.MPU_Set_LPF)
    MPU_Set_Rate                             0x08001705   Thumb Code    58  mpu6050.o(i.MPU_Set_Rate)
    MPU_Write_Byte                           0x0800173f   Thumb Code    68  mpu6050.o(i.MPU_Write_Byte)
    MPU_Write_Len                            0x08001783   Thumb Code    96  mpu6050.o(i.MPU_Write_Len)
    MemManage_Handler                        0x080017e3   Thumb Code     4  stm32f10x_it.o(i.MemManage_Handler)
    Moto_Init                                0x080017e9   Thumb Code    60  led.o(i.Moto_Init)
    My_abs                                   0x08001829   Thumb Code    24  oled.o(i.My_abs)
    NMI_Handler                              0x08001841   Thumb Code     2  stm32f10x_it.o(i.NMI_Handler)
    NVIC_Init                                0x08001845   Thumb Code   100  misc.o(i.NVIC_Init)
    NVIC_PriorityGroupConfig                 0x080018b5   Thumb Code    10  misc.o(i.NVIC_PriorityGroupConfig)
    OLED_Clear                               0x080018c9   Thumb Code    42  oled.o(i.OLED_Clear)
    OLED_ColorTurn                           0x080018f9   Thumb Code    28  oled.o(i.OLED_ColorTurn)
    OLED_DisplayTurn                         0x08001915   Thumb Code    44  oled.o(i.OLED_DisplayTurn)
    OLED_DrawPoint                           0x08001941   Thumb Code   114  oled.o(i.OLED_DrawPoint)
    OLED_Init                                0x080019b9   Thumb Code   258  oled.o(i.OLED_Init)
    OLED_Pow                                 0x08001ac1   Thumb Code    22  oled.o(i.OLED_Pow)
    OLED_Refresh                             0x08001ad9   Thumb Code   100  oled.o(i.OLED_Refresh)
    OLED_ShowChar                            0x08001b41   Thumb Code   300  oled.o(i.OLED_ShowChar)
    OLED_ShowFloat                           0x08001c7d   Thumb Code   482  oled.o(i.OLED_ShowFloat)
    OLED_ShowNum                             0x08001e69   Thumb Code   140  oled.o(i.OLED_ShowNum)
    OLED_ShowString                          0x08001ef5   Thumb Code    74  oled.o(i.OLED_ShowString)
    OLED_WR_Byte                             0x08001f3f   Thumb Code    56  oled.o(i.OLED_WR_Byte)
    PendSV_Handler                           0x08001f77   Thumb Code     2  stm32f10x_it.o(i.PendSV_Handler)
    RCC_APB1PeriphClockCmd                   0x08001f79   Thumb Code    26  stm32f10x_rcc.o(i.RCC_APB1PeriphClockCmd)
    RCC_APB2PeriphClockCmd                   0x08001f99   Thumb Code    26  stm32f10x_rcc.o(i.RCC_APB2PeriphClockCmd)
    RCC_GetClocksFreq                        0x08001fb9   Thumb Code   192  stm32f10x_rcc.o(i.RCC_GetClocksFreq)
    SVC_Handler                              0x0800208d   Thumb Code     2  stm32f10x_it.o(i.SVC_Handler)
    Send_Byte                                0x08002091   Thumb Code    70  olediic.o(i.Send_Byte)
    SysTick_CLKSourceConfig                  0x080021c5   Thumb Code    40  misc.o(i.SysTick_CLKSourceConfig)
    SysTick_Handler                          0x080021ed   Thumb Code     2  stm32f10x_it.o(i.SysTick_Handler)
    SystemInit                               0x080021f1   Thumb Code    78  system_stm32f10x.o(i.SystemInit)
    TIM2_IRQHandler                          0x08002251   Thumb Code    50  timer.o(i.TIM2_IRQHandler)
    TIM_ClearFlag                            0x0800228d   Thumb Code     6  stm32f10x_tim.o(i.TIM_ClearFlag)
    TIM_ClearITPendingBit                    0x08002293   Thumb Code     6  stm32f10x_tim.o(i.TIM_ClearITPendingBit)
    TIM_Cmd                                  0x08002299   Thumb Code    24  stm32f10x_tim.o(i.TIM_Cmd)
    TIM_GetITStatus                          0x080022b1   Thumb Code    34  stm32f10x_tim.o(i.TIM_GetITStatus)
    TIM_ITConfig                             0x080022d3   Thumb Code    18  stm32f10x_tim.o(i.TIM_ITConfig)
    TIM_InternalClockConfig                  0x080022e5   Thumb Code    12  stm32f10x_tim.o(i.TIM_InternalClockConfig)
    TIM_TimeBaseInit                         0x080022f1   Thumb Code   122  stm32f10x_tim.o(i.TIM_TimeBaseInit)
    Timer_Init                               0x08002395   Thumb Code   126  timer.o(i.Timer_Init)
    USART1_IRQHandler                        0x08002415   Thumb Code   162  uart.o(i.USART1_IRQHandler)
    USART1_Init                              0x080024c5   Thumb Code   174  uart.o(i.USART1_Init)
    USART_ClearFlag                          0x0800257d   Thumb Code    18  stm32f10x_usart.o(i.USART_ClearFlag)
    USART_ClearITPendingBit                  0x0800258f   Thumb Code    30  stm32f10x_usart.o(i.USART_ClearITPendingBit)
    USART_Cmd                                0x080025ad   Thumb Code    24  stm32f10x_usart.o(i.USART_Cmd)
    USART_GetITStatus                        0x080025c5   Thumb Code    84  stm32f10x_usart.o(i.USART_GetITStatus)
    USART_ITConfig                           0x08002619   Thumb Code    74  stm32f10x_usart.o(i.USART_ITConfig)
    USART_Init                               0x08002665   Thumb Code   210  stm32f10x_usart.o(i.USART_Init)
    USART_ReceiveData                        0x0800273d   Thumb Code    10  stm32f10x_usart.o(i.USART_ReceiveData)
    UsageFault_Handler                       0x08002747   Thumb Code     4  stm32f10x_it.o(i.UsageFault_Handler)
    __0printf                                0x0800274d   Thumb Code    22  printfa.o(i.__0printf)
    __1printf                                0x0800274d   Thumb Code     0  printfa.o(i.__0printf)
    __2printf                                0x0800274d   Thumb Code     0  printfa.o(i.__0printf)
    __c89printf                              0x0800274d   Thumb Code     0  printfa.o(i.__0printf)
    printf                                   0x0800274d   Thumb Code     0  printfa.o(i.__0printf)
    __ARM_fpclassify                         0x0800276d   Thumb Code    40  fpclassify.o(i.__ARM_fpclassify)
    __kernel_poly                            0x08002795   Thumb Code   170  poly.o(i.__kernel_poly)
    __mathlib_dbl_infnan                     0x0800283f   Thumb Code     6  dunder.o(i.__mathlib_dbl_infnan)
    __mathlib_dbl_infnan2                    0x08002845   Thumb Code     4  dunder.o(i.__mathlib_dbl_infnan2)
    __mathlib_dbl_invalid                    0x08002849   Thumb Code    12  dunder.o(i.__mathlib_dbl_invalid)
    __mathlib_dbl_underflow                  0x08002855   Thumb Code    10  dunder.o(i.__mathlib_dbl_underflow)
    __scatterload_copy                       0x08002865   Thumb Code    14  handlers.o(i.__scatterload_copy)
    __scatterload_null                       0x08002873   Thumb Code     2  handlers.o(i.__scatterload_null)
    __scatterload_zeroinit                   0x08002875   Thumb Code    14  handlers.o(i.__scatterload_zeroinit)
    __set_errno                              0x08002885   Thumb Code     6  errno.o(i.__set_errno)
    asin                                     0x080031ed   Thumb Code   572  asin.o(i.asin)
    atan                                     0x0800345d   Thumb Code   474  atan.o(i.atan)
    atan2                                    0x0800367d   Thumb Code   346  atan2.o(i.atan2)
    delay_init                               0x08003861   Thumb Code    50  delay.o(i.delay_init)
    delay_ms                                 0x080038a5   Thumb Code    72  delay.o(i.delay_ms)
    delay_us                                 0x080038f1   Thumb Code    72  delay.o(i.delay_us)
    dmp_enable_6x_lp_quat                    0x0800393d   Thumb Code    60  inv_mpu_dmp_motion_driver.o(i.dmp_enable_6x_lp_quat)
    dmp_enable_feature                       0x08003979   Thumb Code   530  inv_mpu_dmp_motion_driver.o(i.dmp_enable_feature)
    dmp_enable_gyro_cal                      0x08003b95   Thumb Code    62  inv_mpu_dmp_motion_driver.o(i.dmp_enable_gyro_cal)
    dmp_enable_lp_quat                       0x08003bed   Thumb Code    60  inv_mpu_dmp_motion_driver.o(i.dmp_enable_lp_quat)
    dmp_load_motion_driver_firmware          0x08003c29   Thumb Code    20  inv_mpu_dmp_motion_driver.o(i.dmp_load_motion_driver_firmware)
    dmp_read_fifo                            0x08003c41   Thumb Code   456  inv_mpu_dmp_motion_driver.o(i.dmp_read_fifo)
    dmp_set_accel_bias                       0x08003e0d   Thumb Code   300  inv_mpu_dmp_motion_driver.o(i.dmp_set_accel_bias)
    dmp_set_fifo_rate                        0x08003f3d   Thumb Code    96  inv_mpu_dmp_motion_driver.o(i.dmp_set_fifo_rate)
    dmp_set_gyro_bias                        0x08003fad   Thumb Code   294  inv_mpu_dmp_motion_driver.o(i.dmp_set_gyro_bias)
    dmp_set_orientation                      0x080040dd   Thumb Code   290  inv_mpu_dmp_motion_driver.o(i.dmp_set_orientation)
    dmp_set_shake_reject_thresh              0x08004215   Thumb Code    56  inv_mpu_dmp_motion_driver.o(i.dmp_set_shake_reject_thresh)
    dmp_set_shake_reject_time                0x0800424d   Thumb Code    38  inv_mpu_dmp_motion_driver.o(i.dmp_set_shake_reject_time)
    dmp_set_shake_reject_timeout             0x08004273   Thumb Code    38  inv_mpu_dmp_motion_driver.o(i.dmp_set_shake_reject_timeout)
    dmp_set_tap_axes                         0x08004299   Thumb Code    70  inv_mpu_dmp_motion_driver.o(i.dmp_set_tap_axes)
    dmp_set_tap_count                        0x080042df   Thumb Code    38  inv_mpu_dmp_motion_driver.o(i.dmp_set_tap_count)
    dmp_set_tap_thresh                       0x08004305   Thumb Code   396  inv_mpu_dmp_motion_driver.o(i.dmp_set_tap_thresh)
    dmp_set_tap_time                         0x080044a5   Thumb Code    38  inv_mpu_dmp_motion_driver.o(i.dmp_set_tap_time)
    dmp_set_tap_time_multi                   0x080044cb   Thumb Code    38  inv_mpu_dmp_motion_driver.o(i.dmp_set_tap_time_multi)
    fputc                                    0x080044f1   Thumb Code    24  usart.o(i.fputc)
    inv_orientation_matrix_to_scalar         0x08004b41   Thumb Code    40  inv_mpu.o(i.inv_orientation_matrix_to_scalar)
    inv_row_2_scale                          0x08004b69   Thumb Code    78  inv_mpu.o(i.inv_row_2_scale)
    main                                     0x08004bb9   Thumb Code   504  main.o(i.main)
    mget_ms                                  0x08004e59   Thumb Code     2  inv_mpu.o(i.mget_ms)
    mpu_configure_fifo                       0x08004e5d   Thumb Code   106  inv_mpu.o(i.mpu_configure_fifo)
    mpu_dmp_get_data                         0x08004ecd   Thumb Code   544  inv_mpu.o(i.mpu_dmp_get_data)
    mpu_dmp_init                             0x080050f1   Thumb Code   154  inv_mpu.o(i.mpu_dmp_init)
    mpu_get_accel_fsr                        0x08005191   Thumb Code    72  inv_mpu.o(i.mpu_get_accel_fsr)
    mpu_get_accel_sens                       0x080051dd   Thumb Code    78  inv_mpu.o(i.mpu_get_accel_sens)
    mpu_get_fifo_config                      0x08005231   Thumb Code    12  inv_mpu.o(i.mpu_get_fifo_config)
    mpu_get_gyro_fsr                         0x08005241   Thumb Code    64  inv_mpu.o(i.mpu_get_gyro_fsr)
    mpu_get_gyro_sens                        0x08005285   Thumb Code    58  inv_mpu.o(i.mpu_get_gyro_sens)
    mpu_get_lpf                              0x080052d5   Thumb Code    74  inv_mpu.o(i.mpu_get_lpf)
    mpu_get_sample_rate                      0x08005325   Thumb Code    26  inv_mpu.o(i.mpu_get_sample_rate)
    mpu_init                                 0x08005345   Thumb Code   416  inv_mpu.o(i.mpu_init)
    mpu_load_firmware                        0x08005535   Thumb Code   180  inv_mpu.o(i.mpu_load_firmware)
    mpu_lp_accel_mode                        0x080055ed   Thumb Code   218  inv_mpu.o(i.mpu_lp_accel_mode)
    mpu_read_fifo_stream                     0x080056cd   Thumb Code   186  inv_mpu.o(i.mpu_read_fifo_stream)
    mpu_read_mem                             0x0800578d   Thumb Code   122  inv_mpu.o(i.mpu_read_mem)
    mpu_reset_fifo                           0x0800580d   Thumb Code   450  inv_mpu.o(i.mpu_reset_fifo)
    mpu_run_self_test                        0x080059d5   Thumb Code   278  inv_mpu.o(i.mpu_run_self_test)
    mpu_set_accel_fsr                        0x08005af1   Thumb Code   126  inv_mpu.o(i.mpu_set_accel_fsr)
    mpu_set_bypass                           0x08005b75   Thumb Code   328  inv_mpu.o(i.mpu_set_bypass)
    mpu_set_dmp_state                        0x08005cc1   Thumb Code   138  inv_mpu.o(i.mpu_set_dmp_state)
    mpu_set_gyro_fsr                         0x08005d51   Thumb Code   132  inv_mpu.o(i.mpu_set_gyro_fsr)
    mpu_set_int_latched                      0x08005dd9   Thumb Code   102  inv_mpu.o(i.mpu_set_int_latched)
    mpu_set_lpf                              0x08005e45   Thumb Code   126  inv_mpu.o(i.mpu_set_lpf)
    mpu_set_sample_rate                      0x08005ec9   Thumb Code   152  inv_mpu.o(i.mpu_set_sample_rate)
    mpu_set_sensors                          0x08005f65   Thumb Code   202  inv_mpu.o(i.mpu_set_sensors)
    mpu_write_mem                            0x08006035   Thumb Code   122  inv_mpu.o(i.mpu_write_mem)
    run_self_test                            0x080060b5   Thumb Code   148  inv_mpu.o(i.run_self_test)
    sqrt                                     0x080061d9   Thumb Code    76  sqrt.o(i.sqrt)
    reg                                      0x08006e1c   Data          27  inv_mpu.o(.constdata)
    hw                                       0x08006e38   Data          12  inv_mpu.o(.constdata)
    test                                     0x08006e44   Data          40  inv_mpu.o(.constdata)
    asc2_0806                                0x08006e6c   Data         552  oled.o(.constdata)
    asc2_1206                                0x08007094   Data        1140  oled.o(.constdata)
    asc2_1608                                0x08007508   Data        1520  oled.o(.constdata)
    asc2_2412                                0x08007af8   Data        3420  oled.o(.constdata)
    Hzk1                                     0x08008854   Data         352  oled.o(.constdata)
    Hzk2                                     0x080089b4   Data          72  oled.o(.constdata)
    Hzk3                                     0x080089fc   Data         128  oled.o(.constdata)
    Hzk4                                     0x08008a7c   Data         512  oled.o(.constdata)
    __mathlib_zero                           0x08008d68   Data           8  qnan.o(.constdata)
    Region$$Table$$Base                      0x08008dc0   Number         0  anon$$obj.o(Region$$Table)
    Region$$Table$$Limit                     0x08008de0   Number         0  anon$$obj.o(Region$$Table)
    T                                        0x20000000   Data           4  main.o(.data)
    SystemCoreClock                          0x20000004   Data           4  system_stm32f10x.o(.data)
    AHBPrescTable                            0x20000008   Data          16  system_stm32f10x.o(.data)
    __stdout                                 0x20000030   Data           4  usart.o(.data)
    USART_RX_STA                             0x20000034   Data           2  usart.o(.data)
    Serial_Rxdata                            0x2000006d   Data           1  uart.o(.data)
    RubbishFlat                              0x2000006e   Data           2  countsensor.o(.data)
    Speed                                    0x20000070   Data           2  timer.o(.data)
    OLED_GRAM                                0x20000088   Data        1152  oled.o(.bss)
    __initial_sp                             0x20000908   Data           0  startup_stm32f10x_hd.o(STACK)



==============================================================================

Memory Map of the image

  Image Entry point : 0x08000131

  Load Region LR_IROM1 (Base: 0x08000000, Size: 0x00008e58, Max: 0x00010000, ABSOLUTE)

    Execution Region ER_IROM1 (Exec base: 0x08000000, Load base: 0x08000000, Size: 0x00008de0, Max: 0x00010000, ABSOLUTE)

    Exec Addr    Load Addr    Size         Type   Attr      Idx    E Section Name        Object

    0x08000000   0x08000000   0x00000130   Data   RO          280    RESET               startup_stm32f10x_hd.o
    0x08000130   0x08000130   0x00000000   Code   RO         4367  * .ARM.Collect$$$$00000000  mc_w.l(entry.o)
    0x08000130   0x08000130   0x00000004   Code   RO         4704    .ARM.Collect$$$$00000001  mc_w.l(entry2.o)
    0x08000134   0x08000134   0x00000004   Code   RO         4707    .ARM.Collect$$$$00000004  mc_w.l(entry5.o)
    0x08000138   0x08000138   0x00000000   Code   RO         4709    .ARM.Collect$$$$00000008  mc_w.l(entry7b.o)
    0x08000138   0x08000138   0x00000000   Code   RO         4711    .ARM.Collect$$$$0000000A  mc_w.l(entry8b.o)
    0x08000138   0x08000138   0x00000008   Code   RO         4712    .ARM.Collect$$$$0000000B  mc_w.l(entry9a.o)
    0x08000140   0x08000140   0x00000000   Code   RO         4714    .ARM.Collect$$$$0000000D  mc_w.l(entry10a.o)
    0x08000140   0x08000140   0x00000000   Code   RO         4716    .ARM.Collect$$$$0000000F  mc_w.l(entry11a.o)
    0x08000140   0x08000140   0x00000004   Code   RO         4705    .ARM.Collect$$$$00002712  mc_w.l(entry2.o)
    0x08000144   0x08000144   0x00000024   Code   RO          281    .text               startup_stm32f10x_hd.o
    0x08000168   0x08000168   0x00000062   Code   RO         4370    .text               mc_w.l(ldiv.o)
    0x080001ca   0x080001ca   0x00000024   Code   RO         4372    .text               mc_w.l(memseta.o)
    0x080001ee   0x080001ee   0x0000001a   Code   RO         4374    .text               mc_w.l(memcmp.o)
    0x08000208   0x08000208   0x000000b0   Code   RO         4637    .text               mf_w.l(fadd.o)
    0x080002b8   0x080002b8   0x00000064   Code   RO         4639    .text               mf_w.l(fmul.o)
    0x0800031c   0x0800031c   0x0000007c   Code   RO         4641    .text               mf_w.l(fdiv.o)
    0x08000398   0x08000398   0x0000014e   Code   RO         4643    .text               mf_w.l(dadd.o)
    0x080004e6   0x080004e6   0x000000e4   Code   RO         4645    .text               mf_w.l(dmul.o)
    0x080005ca   0x080005ca   0x000000de   Code   RO         4647    .text               mf_w.l(ddiv.o)
    0x080006a8   0x080006a8   0x00000012   Code   RO         4649    .text               mf_w.l(fflti.o)
    0x080006ba   0x080006ba   0x0000000a   Code   RO         4651    .text               mf_w.l(ffltui.o)
    0x080006c4   0x080006c4   0x00000022   Code   RO         4653    .text               mf_w.l(dflti.o)
    0x080006e6   0x080006e6   0x00000032   Code   RO         4655    .text               mf_w.l(ffixi.o)
    0x08000718   0x08000718   0x00000028   Code   RO         4657    .text               mf_w.l(ffixui.o)
    0x08000740   0x08000740   0x00000026   Code   RO         4659    .text               mf_w.l(f2d.o)
    0x08000766   0x08000766   0x00000038   Code   RO         4661    .text               mf_w.l(d2f.o)
    0x0800079e   0x0800079e   0x00000002   PAD
    0x080007a0   0x080007a0   0x00000014   Code   RO         4663    .text               mf_w.l(cfcmple.o)
    0x080007b4   0x080007b4   0x00000014   Code   RO         4665    .text               mf_w.l(cfrcmple.o)
    0x080007c8   0x080007c8   0x0000002c   Code   RO         4718    .text               mc_w.l(uidiv.o)
    0x080007f4   0x080007f4   0x00000062   Code   RO         4720    .text               mc_w.l(uldiv.o)
    0x08000856   0x08000856   0x0000001e   Code   RO         4722    .text               mc_w.l(llshl.o)
    0x08000874   0x08000874   0x00000024   Code   RO         4724    .text               mc_w.l(llsshr.o)
    0x08000898   0x08000898   0x00000000   Code   RO         4733    .text               mc_w.l(iusefp.o)
    0x08000898   0x08000898   0x0000006e   Code   RO         4734    .text               mf_w.l(fepilogue.o)
    0x08000906   0x08000906   0x000000ba   Code   RO         4736    .text               mf_w.l(depilogue.o)
    0x080009c0   0x080009c0   0x0000002e   Code   RO         4738    .text               mf_w.l(dscalb.o)
    0x080009ee   0x080009ee   0x00000030   Code   RO         4740    .text               mf_w.l(dfixul.o)
    0x08000a1e   0x08000a1e   0x00000002   PAD
    0x08000a20   0x08000a20   0x00000030   Code   RO         4742    .text               mf_w.l(cdrcmple.o)
    0x08000a50   0x08000a50   0x00000024   Code   RO         4744    .text               mc_w.l(init.o)
    0x08000a74   0x08000a74   0x00000020   Code   RO         4746    .text               mc_w.l(llushr.o)
    0x08000a94   0x08000a94   0x000000a2   Code   RO         4748    .text               mf_w.l(dsqrt.o)
    0x08000b36   0x08000b36   0x00000004   Code   RO          155    i.BusFault_Handler  stm32f10x_it.o
    0x08000b3a   0x08000b3a   0x00000002   PAD
    0x08000b3c   0x08000b3c   0x0000007c   Code   RO         4303    i.CountSensor_Init  countsensor.o
    0x08000bb8   0x08000bb8   0x00000084   Code   RO         4238    i.DS18B20_Get_Temp  ds18b20.o
    0x08000c3c   0x08000c3c   0x00000020   Code   RO         4240    i.DS18B20_Mode_IPU  ds18b20.o
    0x08000c5c   0x08000c5c   0x00000024   Code   RO         4241    i.DS18B20_Mode_Out_PP  ds18b20.o
    0x08000c80   0x08000c80   0x0000005c   Code   RO         4242    i.DS18B20_Presence  ds18b20.o
    0x08000cdc   0x08000cdc   0x0000003c   Code   RO         4243    i.DS18B20_Read_Bit  ds18b20.o
    0x08000d18   0x08000d18   0x00000022   Code   RO         4244    i.DS18B20_Read_Byte  ds18b20.o
    0x08000d3a   0x08000d3a   0x00000002   PAD
    0x08000d3c   0x08000d3c   0x00000030   Code   RO         4245    i.DS18B20_Rst       ds18b20.o
    0x08000d6c   0x08000d6c   0x00000064   Code   RO         4247    i.DS18B20_Write_Byte  ds18b20.o
    0x08000dd0   0x08000dd0   0x00000002   Code   RO          156    i.DebugMon_Handler  stm32f10x_it.o
    0x08000dd2   0x08000dd2   0x00000002   PAD
    0x08000dd4   0x08000dd4   0x00000030   Code   RO         4304    i.EXTI9_5_IRQHandler  countsensor.o
    0x08000e04   0x08000e04   0x0000000c   Code   RO         1094    i.EXTI_ClearITPendingBit  stm32f10x_exti.o
    0x08000e10   0x08000e10   0x00000028   Code   RO         1098    i.EXTI_GetITStatus  stm32f10x_exti.o
    0x08000e38   0x08000e38   0x00000094   Code   RO         1099    i.EXTI_Init         stm32f10x_exti.o
    0x08000ecc   0x08000ecc   0x00000040   Code   RO         1444    i.GPIO_EXTILineConfig  stm32f10x_gpio.o
    0x08000f0c   0x08000f0c   0x00000116   Code   RO         1447    i.GPIO_Init         stm32f10x_gpio.o
    0x08001022   0x08001022   0x00000002   PAD
    0x08001024   0x08001024   0x00000090   Code   RO         1449    i.GPIO_PinRemapConfig  stm32f10x_gpio.o
    0x080010b4   0x080010b4   0x00000012   Code   RO         1451    i.GPIO_ReadInputDataBit  stm32f10x_gpio.o
    0x080010c6   0x080010c6   0x00000004   Code   RO         1454    i.GPIO_ResetBits    stm32f10x_gpio.o
    0x080010ca   0x080010ca   0x00000004   Code   RO         1455    i.GPIO_SetBits      stm32f10x_gpio.o
    0x080010ce   0x080010ce   0x00000004   Code   RO          157    i.HardFault_Handler  stm32f10x_it.o
    0x080010d2   0x080010d2   0x00000002   PAD
    0x080010d4   0x080010d4   0x00000034   Code   RO         4147    i.I2C_Start         olediic.o
    0x08001108   0x08001108   0x00000024   Code   RO         4148    i.I2C_Stop          olediic.o
    0x0800112c   0x0800112c   0x0000002c   Code   RO         4149    i.I2C_WaitAck       olediic.o
    0x08001158   0x08001158   0x00000010   Code   RO         4150    i.IIC_delay         olediic.o
    0x08001168   0x08001168   0x00000034   Code   RO         4219    i.LED_Init          led.o
    0x0800119c   0x0800119c   0x00000050   Code   RO         3352    i.MPU_Get_Accelerometer  mpu6050.o
    0x080011ec   0x080011ec   0x00000050   Code   RO         3353    i.MPU_Get_Gyroscope  mpu6050.o
    0x0800123c   0x0800123c   0x00000068   Code   RO         3354    i.MPU_Get_Temperature  mpu6050.o
    0x080012a4   0x080012a4   0x0000004c   Code   RO         3434    i.MPU_IIC_Ack       mpuiic.o
    0x080012f0   0x080012f0   0x0000000a   Code   RO         3435    i.MPU_IIC_Delay     mpuiic.o
    0x080012fa   0x080012fa   0x00000002   PAD
    0x080012fc   0x080012fc   0x00000038   Code   RO         3436    i.MPU_IIC_Init      mpuiic.o
    0x08001334   0x08001334   0x0000004c   Code   RO         3437    i.MPU_IIC_NAck      mpuiic.o
    0x08001380   0x08001380   0x0000006c   Code   RO         3438    i.MPU_IIC_Read_Byte  mpuiic.o
    0x080013ec   0x080013ec   0x0000005c   Code   RO         3439    i.MPU_IIC_Send_Byte  mpuiic.o
    0x08001448   0x08001448   0x00000048   Code   RO         3440    i.MPU_IIC_Start     mpuiic.o
    0x08001490   0x08001490   0x00000048   Code   RO         3441    i.MPU_IIC_Stop      mpuiic.o
    0x080014d8   0x080014d8   0x00000064   Code   RO         3442    i.MPU_IIC_Wait_Ack  mpuiic.o
    0x0800153c   0x0800153c   0x000000c0   Code   RO         3355    i.MPU_Init          mpu6050.o
    0x080015fc   0x080015fc   0x0000003a   Code   RO         3356    i.MPU_Read_Byte     mpu6050.o
    0x08001636   0x08001636   0x00000074   Code   RO         3357    i.MPU_Read_Len      mpu6050.o
    0x080016aa   0x080016aa   0x00000010   Code   RO         3358    i.MPU_Set_Accel_Fsr  mpu6050.o
    0x080016ba   0x080016ba   0x00000010   Code   RO         3359    i.MPU_Set_Gyro_Fsr  mpu6050.o
    0x080016ca   0x080016ca   0x0000003a   Code   RO         3360    i.MPU_Set_LPF       mpu6050.o
    0x08001704   0x08001704   0x0000003a   Code   RO         3361    i.MPU_Set_Rate      mpu6050.o
    0x0800173e   0x0800173e   0x00000044   Code   RO         3362    i.MPU_Write_Byte    mpu6050.o
    0x08001782   0x08001782   0x00000060   Code   RO         3363    i.MPU_Write_Len     mpu6050.o
    0x080017e2   0x080017e2   0x00000004   Code   RO          158    i.MemManage_Handler  stm32f10x_it.o
    0x080017e6   0x080017e6   0x00000002   PAD
    0x080017e8   0x080017e8   0x00000040   Code   RO         4220    i.Moto_Init         led.o
    0x08001828   0x08001828   0x00000018   Code   RO         4011    i.My_abs            oled.o
    0x08001840   0x08001840   0x00000002   Code   RO          159    i.NMI_Handler       stm32f10x_it.o
    0x08001842   0x08001842   0x00000002   PAD
    0x08001844   0x08001844   0x00000070   Code   RO          296    i.NVIC_Init         misc.o
    0x080018b4   0x080018b4   0x00000014   Code   RO          297    i.NVIC_PriorityGroupConfig  misc.o
    0x080018c8   0x080018c8   0x00000030   Code   RO         4012    i.OLED_Clear        oled.o
    0x080018f8   0x080018f8   0x0000001c   Code   RO         4013    i.OLED_ColorTurn    oled.o
    0x08001914   0x08001914   0x0000002c   Code   RO         4016    i.OLED_DisplayTurn  oled.o
    0x08001940   0x08001940   0x00000078   Code   RO         4019    i.OLED_DrawPoint    oled.o
    0x080019b8   0x080019b8   0x00000108   Code   RO         4020    i.OLED_Init         oled.o
    0x08001ac0   0x08001ac0   0x00000016   Code   RO         4021    i.OLED_Pow          oled.o
    0x08001ad6   0x08001ad6   0x00000002   PAD
    0x08001ad8   0x08001ad8   0x00000068   Code   RO         4022    i.OLED_Refresh      oled.o
    0x08001b40   0x08001b40   0x0000013c   Code   RO         4024    i.OLED_ShowChar     oled.o
    0x08001c7c   0x08001c7c   0x000001ec   Code   RO         4026    i.OLED_ShowFloat    oled.o
    0x08001e68   0x08001e68   0x0000008c   Code   RO         4027    i.OLED_ShowNum      oled.o
    0x08001ef4   0x08001ef4   0x0000004a   Code   RO         4029    i.OLED_ShowString   oled.o
    0x08001f3e   0x08001f3e   0x00000038   Code   RO         4030    i.OLED_WR_Byte      oled.o
    0x08001f76   0x08001f76   0x00000002   Code   RO          160    i.PendSV_Handler    stm32f10x_it.o
    0x08001f78   0x08001f78   0x00000020   Code   RO         1863    i.RCC_APB1PeriphClockCmd  stm32f10x_rcc.o
    0x08001f98   0x08001f98   0x00000020   Code   RO         1865    i.RCC_APB2PeriphClockCmd  stm32f10x_rcc.o
    0x08001fb8   0x08001fb8   0x000000d4   Code   RO         1873    i.RCC_GetClocksFreq  stm32f10x_rcc.o
    0x0800208c   0x0800208c   0x00000002   Code   RO          161    i.SVC_Handler       stm32f10x_it.o
    0x0800208e   0x0800208e   0x00000002   PAD
    0x08002090   0x08002090   0x0000004c   Code   RO         4151    i.Send_Byte         olediic.o
    0x080020dc   0x080020dc   0x00000008   Code   RO          244    i.SetSysClock       system_stm32f10x.o
    0x080020e4   0x080020e4   0x000000e0   Code   RO          245    i.SetSysClockTo72   system_stm32f10x.o
    0x080021c4   0x080021c4   0x00000028   Code   RO          300    i.SysTick_CLKSourceConfig  misc.o
    0x080021ec   0x080021ec   0x00000002   Code   RO          162    i.SysTick_Handler   stm32f10x_it.o
    0x080021ee   0x080021ee   0x00000002   PAD
    0x080021f0   0x080021f0   0x00000060   Code   RO          247    i.SystemInit        system_stm32f10x.o
    0x08002250   0x08002250   0x0000003c   Code   RO         4327    i.TIM2_IRQHandler   timer.o
    0x0800228c   0x0800228c   0x00000006   Code   RO         2491    i.TIM_ClearFlag     stm32f10x_tim.o
    0x08002292   0x08002292   0x00000006   Code   RO         2492    i.TIM_ClearITPendingBit  stm32f10x_tim.o
    0x08002298   0x08002298   0x00000018   Code   RO         2497    i.TIM_Cmd           stm32f10x_tim.o
    0x080022b0   0x080022b0   0x00000022   Code   RO         2518    i.TIM_GetITStatus   stm32f10x_tim.o
    0x080022d2   0x080022d2   0x00000012   Code   RO         2522    i.TIM_ITConfig      stm32f10x_tim.o
    0x080022e4   0x080022e4   0x0000000c   Code   RO         2524    i.TIM_InternalClockConfig  stm32f10x_tim.o
    0x080022f0   0x080022f0   0x000000a4   Code   RO         2568    i.TIM_TimeBaseInit  stm32f10x_tim.o
    0x08002394   0x08002394   0x0000007e   Code   RO         4328    i.Timer_Init        timer.o
    0x08002412   0x08002412   0x00000002   PAD
    0x08002414   0x08002414   0x000000b0   Code   RO         4183    i.USART1_IRQHandler  uart.o
    0x080024c4   0x080024c4   0x000000b8   Code   RO         4184    i.USART1_Init       uart.o
    0x0800257c   0x0800257c   0x00000012   Code   RO         3029    i.USART_ClearFlag   stm32f10x_usart.o
    0x0800258e   0x0800258e   0x0000001e   Code   RO         3030    i.USART_ClearITPendingBit  stm32f10x_usart.o
    0x080025ac   0x080025ac   0x00000018   Code   RO         3033    i.USART_Cmd         stm32f10x_usart.o
    0x080025c4   0x080025c4   0x00000054   Code   RO         3037    i.USART_GetITStatus  stm32f10x_usart.o
    0x08002618   0x08002618   0x0000004a   Code   RO         3039    i.USART_ITConfig    stm32f10x_usart.o
    0x08002662   0x08002662   0x00000002   PAD
    0x08002664   0x08002664   0x000000d8   Code   RO         3040    i.USART_Init        stm32f10x_usart.o
    0x0800273c   0x0800273c   0x0000000a   Code   RO         3047    i.USART_ReceiveData  stm32f10x_usart.o
    0x08002746   0x08002746   0x00000004   Code   RO          163    i.UsageFault_Handler  stm32f10x_it.o
    0x0800274a   0x0800274a   0x00000002   PAD
    0x0800274c   0x0800274c   0x00000020   Code   RO         4609    i.__0printf         mc_w.l(printfa.o)
    0x0800276c   0x0800276c   0x00000028   Code   RO         4691    i.__ARM_fpclassify  m_ws.l(fpclassify.o)
    0x08002794   0x08002794   0x000000aa   Code   RO         4693    i.__kernel_poly     m_ws.l(poly.o)
    0x0800283e   0x0800283e   0x00000006   Code   RO         4678    i.__mathlib_dbl_infnan  m_ws.l(dunder.o)
    0x08002844   0x08002844   0x00000004   Code   RO         4679    i.__mathlib_dbl_infnan2  m_ws.l(dunder.o)
    0x08002848   0x08002848   0x0000000c   Code   RO         4680    i.__mathlib_dbl_invalid  m_ws.l(dunder.o)
    0x08002854   0x08002854   0x00000010   Code   RO         4683    i.__mathlib_dbl_underflow  m_ws.l(dunder.o)
    0x08002864   0x08002864   0x0000000e   Code   RO         4754    i.__scatterload_copy  mc_w.l(handlers.o)
    0x08002872   0x08002872   0x00000002   Code   RO         4755    i.__scatterload_null  mc_w.l(handlers.o)
    0x08002874   0x08002874   0x0000000e   Code   RO         4756    i.__scatterload_zeroinit  mc_w.l(handlers.o)
    0x08002882   0x08002882   0x00000002   PAD
    0x08002884   0x08002884   0x0000000c   Code   RO         4728    i.__set_errno       mc_w.l(errno.o)
    0x08002890   0x08002890   0x00000184   Code   RO         4616    i._fp_digits        mc_w.l(printfa.o)
    0x08002a14   0x08002a14   0x000006dc   Code   RO         4617    i._printf_core      mc_w.l(printfa.o)
    0x080030f0   0x080030f0   0x00000024   Code   RO         4618    i._printf_post_padding  mc_w.l(printfa.o)
    0x08003114   0x08003114   0x0000002e   Code   RO         4619    i._printf_pre_padding  mc_w.l(printfa.o)
    0x08003142   0x08003142   0x00000002   PAD
    0x08003144   0x08003144   0x000000a8   Code   RO         3686    i.accel_self_test   inv_mpu.o
    0x080031ec   0x080031ec   0x00000270   Code   RO         4350    i.asin              m_ws.l(asin.o)
    0x0800345c   0x0800345c   0x00000220   Code   RO         4668    i.atan              m_ws.l(atan.o)
    0x0800367c   0x0800367c   0x00000180   Code   RO         4360    i.atan2             m_ws.l(atan2.o)
    0x080037fc   0x080037fc   0x00000064   Code   RO         3494    i.decode_gesture    inv_mpu_dmp_motion_driver.o
    0x08003860   0x08003860   0x00000044   Code   RO         3263    i.delay_init        delay.o
    0x080038a4   0x080038a4   0x0000004c   Code   RO         3264    i.delay_ms          delay.o
    0x080038f0   0x080038f0   0x0000004c   Code   RO         3265    i.delay_us          delay.o
    0x0800393c   0x0800393c   0x0000003c   Code   RO         3495    i.dmp_enable_6x_lp_quat  inv_mpu_dmp_motion_driver.o
    0x08003978   0x08003978   0x0000021c   Code   RO         3496    i.dmp_enable_feature  inv_mpu_dmp_motion_driver.o
    0x08003b94   0x08003b94   0x00000058   Code   RO         3497    i.dmp_enable_gyro_cal  inv_mpu_dmp_motion_driver.o
    0x08003bec   0x08003bec   0x0000003c   Code   RO         3498    i.dmp_enable_lp_quat  inv_mpu_dmp_motion_driver.o
    0x08003c28   0x08003c28   0x00000018   Code   RO         3503    i.dmp_load_motion_driver_firmware  inv_mpu_dmp_motion_driver.o
    0x08003c40   0x08003c40   0x000001cc   Code   RO         3504    i.dmp_read_fifo     inv_mpu_dmp_motion_driver.o
    0x08003e0c   0x08003e0c   0x00000130   Code   RO         3507    i.dmp_set_accel_bias  inv_mpu_dmp_motion_driver.o
    0x08003f3c   0x08003f3c   0x00000070   Code   RO         3508    i.dmp_set_fifo_rate  inv_mpu_dmp_motion_driver.o
    0x08003fac   0x08003fac   0x00000130   Code   RO         3509    i.dmp_set_gyro_bias  inv_mpu_dmp_motion_driver.o
    0x080040dc   0x080040dc   0x00000138   Code   RO         3511    i.dmp_set_orientation  inv_mpu_dmp_motion_driver.o
    0x08004214   0x08004214   0x00000038   Code   RO         3514    i.dmp_set_shake_reject_thresh  inv_mpu_dmp_motion_driver.o
    0x0800424c   0x0800424c   0x00000026   Code   RO         3515    i.dmp_set_shake_reject_time  inv_mpu_dmp_motion_driver.o
    0x08004272   0x08004272   0x00000026   Code   RO         3516    i.dmp_set_shake_reject_timeout  inv_mpu_dmp_motion_driver.o
    0x08004298   0x08004298   0x00000046   Code   RO         3517    i.dmp_set_tap_axes  inv_mpu_dmp_motion_driver.o
    0x080042de   0x080042de   0x00000026   Code   RO         3518    i.dmp_set_tap_count  inv_mpu_dmp_motion_driver.o
    0x08004304   0x08004304   0x000001a0   Code   RO         3519    i.dmp_set_tap_thresh  inv_mpu_dmp_motion_driver.o
    0x080044a4   0x080044a4   0x00000026   Code   RO         3520    i.dmp_set_tap_time  inv_mpu_dmp_motion_driver.o
    0x080044ca   0x080044ca   0x00000026   Code   RO         3521    i.dmp_set_tap_time_multi  inv_mpu_dmp_motion_driver.o
    0x080044f0   0x080044f0   0x0000001c   Code   RO         3318    i.fputc             usart.o
    0x0800450c   0x0800450c   0x000000b4   Code   RO         3687    i.get_accel_prod_shift  inv_mpu.o
    0x080045c0   0x080045c0   0x00000470   Code   RO         3688    i.get_st_biases     inv_mpu.o
    0x08004a30   0x08004a30   0x00000110   Code   RO         3689    i.gyro_self_test    inv_mpu.o
    0x08004b40   0x08004b40   0x00000028   Code   RO         3690    i.inv_orientation_matrix_to_scalar  inv_mpu.o
    0x08004b68   0x08004b68   0x0000004e   Code   RO         3691    i.inv_row_2_scale   inv_mpu.o
    0x08004bb6   0x08004bb6   0x00000002   PAD
    0x08004bb8   0x08004bb8   0x000002a0   Code   RO            1    i.main              main.o
    0x08004e58   0x08004e58   0x00000002   Code   RO         3692    i.mget_ms           inv_mpu.o
    0x08004e5a   0x08004e5a   0x00000002   PAD
    0x08004e5c   0x08004e5c   0x00000070   Code   RO         3693    i.mpu_configure_fifo  inv_mpu.o
    0x08004ecc   0x08004ecc   0x00000224   Code   RO         3694    i.mpu_dmp_get_data  inv_mpu.o
    0x080050f0   0x080050f0   0x000000a0   Code   RO         3695    i.mpu_dmp_init      inv_mpu.o
    0x08005190   0x08005190   0x0000004c   Code   RO         3696    i.mpu_get_accel_fsr  inv_mpu.o
    0x080051dc   0x080051dc   0x00000054   Code   RO         3698    i.mpu_get_accel_sens  inv_mpu.o
    0x08005230   0x08005230   0x00000010   Code   RO         3703    i.mpu_get_fifo_config  inv_mpu.o
    0x08005240   0x08005240   0x00000044   Code   RO         3704    i.mpu_get_gyro_fsr  inv_mpu.o
    0x08005284   0x08005284   0x00000050   Code   RO         3706    i.mpu_get_gyro_sens  inv_mpu.o
    0x080052d4   0x080052d4   0x00000050   Code   RO         3708    i.mpu_get_lpf       inv_mpu.o
    0x08005324   0x08005324   0x00000020   Code   RO         3710    i.mpu_get_sample_rate  inv_mpu.o
    0x08005344   0x08005344   0x000001f0   Code   RO         3712    i.mpu_init          inv_mpu.o
    0x08005534   0x08005534   0x000000b8   Code   RO         3713    i.mpu_load_firmware  inv_mpu.o
    0x080055ec   0x080055ec   0x000000e0   Code   RO         3714    i.mpu_lp_accel_mode  inv_mpu.o
    0x080056cc   0x080056cc   0x000000c0   Code   RO         3717    i.mpu_read_fifo_stream  inv_mpu.o
    0x0800578c   0x0800578c   0x00000080   Code   RO         3718    i.mpu_read_mem      inv_mpu.o
    0x0800580c   0x0800580c   0x000001c8   Code   RO         3721    i.mpu_reset_fifo    inv_mpu.o
    0x080059d4   0x080059d4   0x0000011c   Code   RO         3722    i.mpu_run_self_test  inv_mpu.o
    0x08005af0   0x08005af0   0x00000084   Code   RO         3724    i.mpu_set_accel_fsr  inv_mpu.o
    0x08005b74   0x08005b74   0x0000014c   Code   RO         3725    i.mpu_set_bypass    inv_mpu.o
    0x08005cc0   0x08005cc0   0x00000090   Code   RO         3727    i.mpu_set_dmp_state  inv_mpu.o
    0x08005d50   0x08005d50   0x00000088   Code   RO         3728    i.mpu_set_gyro_fsr  inv_mpu.o
    0x08005dd8   0x08005dd8   0x0000006c   Code   RO         3729    i.mpu_set_int_latched  inv_mpu.o
    0x08005e44   0x08005e44   0x00000084   Code   RO         3731    i.mpu_set_lpf       inv_mpu.o
    0x08005ec8   0x08005ec8   0x0000009c   Code   RO         3732    i.mpu_set_sample_rate  inv_mpu.o
    0x08005f64   0x08005f64   0x000000d0   Code   RO         3733    i.mpu_set_sensors   inv_mpu.o
    0x08006034   0x08006034   0x00000080   Code   RO         3734    i.mpu_write_mem     inv_mpu.o
    0x080060b4   0x080060b4   0x00000094   Code   RO         3735    i.run_self_test     inv_mpu.o
    0x08006148   0x08006148   0x00000090   Code   RO         3736    i.set_int_enable    inv_mpu.o
    0x080061d8   0x080061d8   0x0000004c   Code   RO         4697    i.sqrt              m_ws.l(sqrt.o)
    0x08006224   0x08006224   0x00000bf6   Data   RO         3523    .constdata          inv_mpu_dmp_motion_driver.o
    0x08006e1a   0x08006e1a   0x00000002   PAD
    0x08006e1c   0x08006e1c   0x00000050   Data   RO         3738    .constdata          inv_mpu.o
    0x08006e6c   0x08006e6c   0x00001e10   Data   RO         4032    .constdata          oled.o
    0x08008c7c   0x08008c7c   0x00000004   PAD
    0x08008c80   0x08008c80   0x00000050   Data   RO         4351    .constdata          m_ws.l(asin.o)
    0x08008cd0   0x08008cd0   0x00000098   Data   RO         4669    .constdata          m_ws.l(atan.o)
    0x08008d68   0x08008d68   0x00000008   Data   RO         4695    .constdata          m_ws.l(qnan.o)
    0x08008d70   0x08008d70   0x0000004d   Data   RO         3739    .conststring        inv_mpu.o
    0x08008dbd   0x08008dbd   0x00000003   PAD
    0x08008dc0   0x08008dc0   0x00000020   Data   RO         4752    Region$$Table       anon$$obj.o


    Execution Region RW_IRAM1 (Exec base: 0x20000000, Load base: 0x08008de0, Size: 0x00000908, Max: 0x00005000, ABSOLUTE)

    Exec Addr    Load Addr    Size         Type   Attr      Idx    E Section Name        Object

    0x20000000   0x08008de0   0x00000004   Data   RW            2    .data               main.o
    0x20000004   0x08008de4   0x00000014   Data   RW          248    .data               system_stm32f10x.o
    0x20000018   0x08008df8   0x00000014   Data   RW         1893    .data               stm32f10x_rcc.o
    0x2000002c   0x08008e0c   0x00000004   Data   RW         3266    .data               delay.o
    0x20000030   0x08008e10   0x00000006   Data   RW         3321    .data               usart.o
    0x20000036   0x08008e16   0x00000002   PAD
    0x20000038   0x08008e18   0x00000035   Data   RW         3740    .data               inv_mpu.o
    0x2000006d   0x08008e4d   0x00000001   Data   RW         4185    .data               uart.o
    0x2000006e   0x08008e4e   0x00000002   Data   RW         4305    .data               countsensor.o
    0x20000070   0x08008e50   0x00000002   Data   RW         4329    .data               timer.o
    0x20000072   0x08008e52   0x00000002   PAD
    0x20000074   0x08008e54   0x00000004   Data   RW         4729    .data               mc_w.l(errno.o)
    0x20000078        -       0x00000010   Zero   RW         3522    .bss                inv_mpu_dmp_motion_driver.o
    0x20000088        -       0x00000480   Zero   RW         4031    .bss                oled.o
    0x20000508        -       0x00000400   Zero   RW          278    STACK               startup_stm32f10x_hd.o


==============================================================================

Image component sizes


      Code (inc. data)   RO Data    RW Data    ZI Data      Debug   Object Name

       172         14          0          2          0       1394   countsensor.o
       220         26          0          4          0       1707   delay.o
       534         34          0          0          0       4320   ds18b20.o
      6864        290        157         53          0      31136   inv_mpu.o
      3096        122       3062          0         16      20722   inv_mpu_dmp_motion_driver.o
       116         10          0          0          0        975   led.o
       672        168          0          4          0     254555   main.o
       172         22          0          0          0       2045   misc.o
       942         30          0          0          0       8249   mpu6050.o
       662        100          0          0          0       4818   mpuiic.o
      1732         48       7696          0       1152      10146   oled.o
       224         18          0          0          0       2409   olediic.o
        36          8        304          0       1024        812   startup_stm32f10x_hd.o
       200         18          0          0          0       2096   stm32f10x_exti.o
       512         10          0          0          0       5092   stm32f10x_gpio.o
        26          0          0          0          0       3690   stm32f10x_it.o
       276         32          0         20          0       4426   stm32f10x_rcc.o
       264         42          0          0          0       4576   stm32f10x_tim.o
       456          6          0          0          0       6170   stm32f10x_usart.o
       328         28          0         20          0       2077   system_stm32f10x.o
       186         10          0          2          0       1271   timer.o
       360         24          0          1          0       1438   uart.o
        28          4          0          6          0       2372   usart.o

    ----------------------------------------------------------------------
     18110       1064      11260        116       2192     376496   Object Totals
         0          0         32          0          0          0   (incl. Generated)
        32          0          9          4          0          0   (incl. Padding)

    ----------------------------------------------------------------------

      Code (inc. data)   RO Data    RW Data    ZI Data      Debug   Library Member Name

       624         52         80          0          0        168   asin.o
       544         70        152          0          0        124   atan.o
       384         38          0          0          0        144   atan2.o
        38          6          0          0          0        272   dunder.o
        40          0          0          0          0         68   fpclassify.o
       170          0          0          0          0         96   poly.o
         0          0          8          0          0          0   qnan.o
        76          0          0          0          0         84   sqrt.o
         0          0          0          0          0          0   entry.o
         0          0          0          0          0          0   entry10a.o
         0          0          0          0          0          0   entry11a.o
         8          4          0          0          0          0   entry2.o
         4          0          0          0          0          0   entry5.o
         0          0          0          0          0          0   entry7b.o
         0          0          0          0          0          0   entry8b.o
         8          4          0          0          0          0   entry9a.o
        12          6          0          4          0         68   errno.o
        30          0          0          0          0          0   handlers.o
        36          8          0          0          0         68   init.o
         0          0          0          0          0          0   iusefp.o
        98          0          0          0          0         84   ldiv.o
        30          0          0          0          0         68   llshl.o
        36          0          0          0          0         68   llsshr.o
        32          0          0          0          0         68   llushr.o
        26          0          0          0          0         80   memcmp.o
        36          0          0          0          0        108   memseta.o
      2258         90          0          0          0        452   printfa.o
        44          0          0          0          0         80   uidiv.o
        98          0          0          0          0         92   uldiv.o
        48          0          0          0          0         68   cdrcmple.o
        20          0          0          0          0         68   cfcmple.o
        20          0          0          0          0         68   cfrcmple.o
        56          0          0          0          0         88   d2f.o
       334          0          0          0          0        148   dadd.o
       222          0          0          0          0        100   ddiv.o
       186          0          0          0          0        176   depilogue.o
        48          0          0          0          0         68   dfixul.o
        34          0          0          0          0         76   dflti.o
       228          0          0          0          0         96   dmul.o
        46          0          0          0          0         80   dscalb.o
       162          0          0          0          0        100   dsqrt.o
        38          0          0          0          0         68   f2d.o
       176          0          0          0          0        140   fadd.o
       124          0          0          0          0         88   fdiv.o
       110          0          0          0          0        168   fepilogue.o
        50          0          0          0          0         68   ffixi.o
        40          0          0          0          0         68   ffixui.o
        18          0          0          0          0         68   fflti.o
        10          0          0          0          0         68   ffltui.o
       100          0          0          0          0         76   fmul.o

    ----------------------------------------------------------------------
      6710        278        240          4          0       4140   Library Totals
         8          0          0          0          0          0   (incl. Padding)

    ----------------------------------------------------------------------

      Code (inc. data)   RO Data    RW Data    ZI Data      Debug   Library Name

      1876        166        240          0          0        956   m_ws.l
      2756        112          0          4          0       1236   mc_w.l
      2070          0          0          0          0       1948   mf_w.l

    ----------------------------------------------------------------------
      6710        278        240          4          0       4140   Library Totals

    ----------------------------------------------------------------------

==============================================================================


      Code (inc. data)   RO Data    RW Data    ZI Data      Debug   

     24820       1342      11500        120       2192     370700   Grand Totals
     24820       1342      11500        120       2192     370700   ELF Image Totals
     24820       1342      11500        120          0          0   ROM Totals

==============================================================================

    Total RO  Size (Code + RO Data)                36320 (  35.47kB)
    Total RW  Size (RW Data + ZI Data)              2312 (   2.26kB)
    Total ROM Size (Code + RO Data + RW Data)      36440 (  35.59kB)

==============================================================================

