Component: ARM Compiler 5.06 update 5 (build 528) Tool: armlink [4d35e2]

==============================================================================

Section Cross References

    main.o(i.main) refers to led.o(i.LED_Init) for LED_Init
    main.o(i.main) refers to delay.o(i.delay_init) for delay_init
    main.o(i.main) refers to oled.o(i.OLED_Init) for OLED_Init
    main.o(i.main) refers to oled.o(i.OLED_ColorTurn) for OLED_ColorTurn
    main.o(i.main) refers to oled.o(i.OLED_DisplayTurn) for OLED_DisplayTurn
    main.o(i.main) refers to mpu6050.o(i.MPU_Init) for MPU_Init
    main.o(i.main) refers to uart.o(i.USART1_Init) for USART1_Init
    main.o(i.main) refers to oled.o(i.OLED_ShowString) for OLED_ShowString
    main.o(i.main) refers to oled.o(i.OLED_Refresh) for OLED_Refresh
    main.o(i.main) refers to stm32f10x_rcc.o(i.RCC_APB2PeriphClockCmd) for RCC_APB2PeriphClockCmd
    main.o(i.main) refers to stm32f10x_gpio.o(i.GPIO_PinRemapConfig) for GPIO_PinRemapConfig
    main.o(i.main) refers to oled.o(i.OLED_Clear) for OLED_Clear
    main.o(i.main) refers to inv_mpu.o(i.mpu_dmp_init) for mpu_dmp_init
    main.o(i.main) refers to inv_mpu.o(i.mpu_dmp_get_data) for mpu_dmp_get_data
    main.o(i.main) refers to mpu6050.o(i.MPU_Get_Temperature) for MPU_Get_Temperature
    main.o(i.main) refers to mpu6050.o(i.MPU_Get_Accelerometer) for MPU_Get_Accelerometer
    main.o(i.main) refers to mpu6050.o(i.MPU_Get_Gyroscope) for MPU_Get_Gyroscope
    main.o(i.main) refers to ffixi.o(.text) for __aeabi_f2iz
    main.o(i.main) refers to printf8.o(i.__0printf$8) for __2printf
    main.o(i.main) refers to oled.o(i.OLED_ShowFloat) for OLED_ShowFloat
    main.o(i.main) refers to fflti.o(.text) for __aeabi_i2f
    main.o(i.main) refers to fdiv.o(.text) for __aeabi_fdiv
    system_stm32f10x.o(i.SetSysClock) refers to system_stm32f10x.o(i.SetSysClockTo72) for SetSysClockTo72
    system_stm32f10x.o(i.SystemCoreClockUpdate) refers to system_stm32f10x.o(.data) for SystemCoreClock
    system_stm32f10x.o(i.SystemInit) refers to system_stm32f10x.o(i.SetSysClock) for SetSysClock
    startup_stm32f10x_hd.o(RESET) refers to startup_stm32f10x_hd.o(STACK) for __initial_sp
    startup_stm32f10x_hd.o(RESET) refers to startup_stm32f10x_hd.o(.text) for Reset_Handler
    startup_stm32f10x_hd.o(RESET) refers to stm32f10x_it.o(i.NMI_Handler) for NMI_Handler
    startup_stm32f10x_hd.o(RESET) refers to stm32f10x_it.o(i.HardFault_Handler) for HardFault_Handler
    startup_stm32f10x_hd.o(RESET) refers to stm32f10x_it.o(i.MemManage_Handler) for MemManage_Handler
    startup_stm32f10x_hd.o(RESET) refers to stm32f10x_it.o(i.BusFault_Handler) for BusFault_Handler
    startup_stm32f10x_hd.o(RESET) refers to stm32f10x_it.o(i.UsageFault_Handler) for UsageFault_Handler
    startup_stm32f10x_hd.o(RESET) refers to stm32f10x_it.o(i.SVC_Handler) for SVC_Handler
    startup_stm32f10x_hd.o(RESET) refers to stm32f10x_it.o(i.DebugMon_Handler) for DebugMon_Handler
    startup_stm32f10x_hd.o(RESET) refers to stm32f10x_it.o(i.PendSV_Handler) for PendSV_Handler
    startup_stm32f10x_hd.o(RESET) refers to stm32f10x_it.o(i.SysTick_Handler) for SysTick_Handler
    startup_stm32f10x_hd.o(RESET) refers to uart.o(i.USART1_IRQHandler) for USART1_IRQHandler
    startup_stm32f10x_hd.o(.text) refers to system_stm32f10x.o(i.SystemInit) for SystemInit
    startup_stm32f10x_hd.o(.text) refers to entry.o(.ARM.Collect$$$$00000000) for __main
    stm32f10x_adc.o(i.ADC_DeInit) refers to stm32f10x_rcc.o(i.RCC_APB2PeriphResetCmd) for RCC_APB2PeriphResetCmd
    stm32f10x_bkp.o(i.BKP_DeInit) refers to stm32f10x_rcc.o(i.RCC_BackupResetCmd) for RCC_BackupResetCmd
    stm32f10x_can.o(i.CAN_DeInit) refers to stm32f10x_rcc.o(i.RCC_APB1PeriphResetCmd) for RCC_APB1PeriphResetCmd
    stm32f10x_can.o(i.CAN_GetITStatus) refers to stm32f10x_can.o(i.CheckITStatus) for CheckITStatus
    stm32f10x_cec.o(i.CEC_DeInit) refers to stm32f10x_rcc.o(i.RCC_APB1PeriphResetCmd) for RCC_APB1PeriphResetCmd
    stm32f10x_dac.o(i.DAC_DeInit) refers to stm32f10x_rcc.o(i.RCC_APB1PeriphResetCmd) for RCC_APB1PeriphResetCmd
    stm32f10x_flash.o(i.FLASH_EnableWriteProtection) refers to stm32f10x_flash.o(i.FLASH_WaitForLastOperation) for FLASH_WaitForLastOperation
    stm32f10x_flash.o(i.FLASH_EraseAllBank1Pages) refers to stm32f10x_flash.o(i.FLASH_WaitForLastBank1Operation) for FLASH_WaitForLastBank1Operation
    stm32f10x_flash.o(i.FLASH_EraseAllPages) refers to stm32f10x_flash.o(i.FLASH_WaitForLastOperation) for FLASH_WaitForLastOperation
    stm32f10x_flash.o(i.FLASH_EraseOptionBytes) refers to stm32f10x_flash.o(i.FLASH_GetReadOutProtectionStatus) for FLASH_GetReadOutProtectionStatus
    stm32f10x_flash.o(i.FLASH_EraseOptionBytes) refers to stm32f10x_flash.o(i.FLASH_WaitForLastOperation) for FLASH_WaitForLastOperation
    stm32f10x_flash.o(i.FLASH_ErasePage) refers to stm32f10x_flash.o(i.FLASH_WaitForLastOperation) for FLASH_WaitForLastOperation
[...]
    ../mathlib/atan2.c                       0x00000000   Number         0  atan2.o ABSOLUTE
    ../mathlib/atan2.c                       0x00000000   Number         0  atan2_x.o ABSOLUTE
    ../mathlib/dunder.c                      0x00000000   Number         0  dunder.o ABSOLUTE
    ../mathlib/fpclassify.c                  0x00000000   Number         0  fpclassify.o ABSOLUTE
    ../mathlib/poly.c                        0x00000000   Number         0  poly.o ABSOLUTE
    ../mathlib/qnan.c                        0x00000000   Number         0  qnan.o ABSOLUTE
    ../mathlib/sqrt.c                        0x00000000   Number         0  sqrt_x.o ABSOLUTE
    ../mathlib/sqrt.c                        0x00000000   Number         0  sqrt.o ABSOLUTE
    ..\CORE\core_cm3.c                       0x00000000   Number         0  core_cm3.o ABSOLUTE
    ..\CORE\startup_stm32f10x_hd.s           0x00000000   Number         0  startup_stm32f10x_hd.o ABSOLUTE
    ..\HARDWARE\ANGLE\angle.c                0x00000000   Number         0  angle.o ABSOLUTE
    ..\HARDWARE\LED\LED.c                    0x00000000   Number         0  led.o ABSOLUTE
    ..\HARDWARE\MPU6050\eMPL\inv_mpu.c       0x00000000   Number         0  inv_mpu.o ABSOLUTE
    ..\HARDWARE\MPU6050\eMPL\inv_mpu_dmp_motion_driver.c 0x00000000   Number         0  inv_mpu_dmp_motion_driver.o ABSOLUTE
    ..\HARDWARE\MPU6050\mpu6050.c            0x00000000   Number         0  mpu6050.o ABSOLUTE
    ..\HARDWARE\MPU6050\mpuiic.c             0x00000000   Number         0  mpuiic.o ABSOLUTE
    ..\HARDWARE\OLED\oled.c                  0x00000000   Number         0  oled.o ABSOLUTE
    ..\HARDWARE\OLED\olediic.c               0x00000000   Number         0  olediic.o ABSOLUTE
    ..\HARDWARE\UART\uart.c                  0x00000000   Number         0  uart.o ABSOLUTE
    ..\STM32F10x_FWLib\src\misc.c            0x00000000   Number         0  misc.o ABSOLUTE
    ..\STM32F10x_FWLib\src\stm32f10x_adc.c   0x00000000   Number         0  stm32f10x_adc.o ABSOLUTE
    ..\STM32F10x_FWLib\src\stm32f10x_bkp.c   0x00000000   Number         0  stm32f10x_bkp.o ABSOLUTE
    ..\STM32F10x_FWLib\src\stm32f10x_can.c   0x00000000   Number         0  stm32f10x_can.o ABSOLUTE
    ..\STM32F10x_FWLib\src\stm32f10x_cec.c   0x00000000   Number         0  stm32f10x_cec.o ABSOLUTE
    ..\STM32F10x_FWLib\src\stm32f10x_crc.c   0x00000000   Number         0  stm32f10x_crc.o ABSOLUTE
    ..\STM32F10x_FWLib\src\stm32f10x_dac.c   0x00000000   Number         0  stm32f10x_dac.o ABSOLUTE
    ..\STM32F10x_FWLib\src\stm32f10x_dbgmcu.c 0x00000000   Number         0  stm32f10x_dbgmcu.o ABSOLUTE
    ..\STM32F10x_FWLib\src\stm32f10x_dma.c   0x00000000   Number         0  stm32f10x_dma.o ABSOLUTE
    ..\STM32F10x_FWLib\src\stm32f10x_exti.c  0x00000000   Number         0  stm32f10x_exti.o ABSOLUTE
    ..\STM32F10x_FWLib\src\stm32f10x_flash.c 0x00000000   Number         0  stm32f10x_flash.o ABSOLUTE
    ..\STM32F10x_FWLib\src\stm32f10x_fsmc.c  0x00000000   Number         0  stm32f10x_fsmc.o ABSOLUTE
    ..\STM32F10x_FWLib\src\stm32f10x_gpio.c  0x00000000   Number         0  stm32f10x_gpio.o ABSOLUTE
    ..\STM32F10x_FWLib\src\stm32f10x_i2c.c   0x00000000   Number         0  stm32f10x_i2c.o ABSOLUTE
    ..\STM32F10x_FWLib\src\stm32f10x_iwdg.c  0x00000000   Number         0  stm32f10x_iwdg.o ABSOLUTE
    ..\STM32F10x_FWLib\src\stm32f10x_pwr.c   0x00000000   Number         0  stm32f10x_pwr.o ABSOLUTE
    ..\STM32F10x_FWLib\src\stm32f10x_rcc.c   0x00000000   Number         0  stm32f10x_rcc.o ABSOLUTE
    ..\STM32F10x_FWLib\src\stm32f10x_rtc.c   0x00000000   Number         0  stm32f10x_rtc.o ABSOLUTE
    ..\STM32F10x_FWLib\src\stm32f10x_sdio.c  0x00000000   Number         0  stm32f10x_sdio.o ABSOLUTE
    ..\STM32F10x_FWLib\src\stm32f10x_spi.c   0x00000000   Number         0  stm32f10x_spi.o ABSOLUTE
    ..\STM32F10x_FWLib\src\stm32f10x_tim.c   0x00000000   Number         0  stm32f10x_tim.o ABSOLUTE
    ..\STM32F10x_FWLib\src\stm32f10x_usart.c 0x00000000   Number         0  stm32f10x_usart.o ABSOLUTE
    ..\STM32F10x_FWLib\src\stm32f10x_wwdg.c  0x00000000   Number         0  stm32f10x_wwdg.o ABSOLUTE
    ..\SYSTEM\delay\delay.c                  0x00000000   Number         0  delay.o ABSOLUTE
    ..\SYSTEM\sys\sys.c                      0x00000000   Number         0  sys.o ABSOLUTE
    ..\SYSTEM\usart\usart.c                  0x00000000   Number         0  usart.o ABSOLUTE
    ..\\CORE\\core_cm3.c                     0x00000000   Number         0  core_cm3.o ABSOLUTE
    ..\\SYSTEM\\sys\\sys.c                   0x00000000   Number         0  sys.o ABSOLUTE
    cdcmple.s                                0x00000000   Number         0  cdcmple.o ABSOLUTE
    cdrcmple.s                               0x00000000   Number         0  cdrcmple.o ABSOLUTE
    cfcmple.s                                0x00000000   Number         0  cfcmple.o ABSOLUTE
    cfrcmple.s                               0x00000000   Number         0  cfrcmple.o ABSOLUTE
    dc.s                                     0x00000000   Number         0  dc.o ABSOLUTE
    handlers.s                               0x00000000   Number         0  handlers.o ABSOLUTE
    init.s                                   0x00000000   Number         0  init.o ABSOLUTE
    main.c                                   0x00000000   Number         0  main.o ABSOLUTE
    stm32f10x_it.c                           0x00000000   Number         0  stm32f10x_it.o ABSOLUTE
    system_stm32f10x.c                       0x00000000   Number         0  system_stm32f10x.o ABSOLUTE
    RESET                                    0x08000000   Section      304  startup_stm32f10x_hd.o(RESET)
    .ARM.Collect$$$$00000000                 0x08000130   Section        0  entry.o(.ARM.Collect$$$$00000000)
    .ARM.Collect$$$$00000001                 0x08000130   Section        4  entry2.o(.ARM.Collect$$$$00000001)
    .ARM.Collect$$$$00000004                 0x08000134   Section        4  entry5.o(.ARM.Collect$$$$00000004)
    .ARM.Collect$$$$00000008                 0x08000138   Section        0  entry7b.o(.ARM.Collect$$$$00000008)
    .ARM.Collect$$$$0000000A                 0x08000138   Section        0  entry8b.o(.ARM.Collect$$$$0000000A)
    .ARM.Collect$$$$0000000B                 0x08000138   Section        8  entry9a.o(.ARM.Collect$$$$0000000B)
    .ARM.Collect$$$$0000000D                 0x08000140   Section        0  entry10a.o(.ARM.Collect$$$$0000000D)
    .ARM.Collect$$$$0000000F                 0x08000140   Section        0  entry11a.o(.ARM.Collect$$$$0000000F)
    .ARM.Collect$$$$00002712                 0x08000140   Section        4  entry2.o(.ARM.Collect$$$$00002712)
    __lit__00000000                          0x08000140   Data           4  entry2.o(.ARM.Collect$$$$00002712)
    .text                                    0x08000144   Section       36  startup_stm32f10x_hd.o(.text)
    .text                                    0x08000168   Section        0  ldiv.o(.text)
    .text                                    0x080001ca   Section        0  memseta.o(.text)
    .text                                    0x080001ee   Section        0  memcmp.o(.text)
    .text                                    0x08000208   Section        0  fadd.o(.text)
    .text                                    0x080002b8   Section        0  fmul.o(.text)
    .text                                    0x0800031c   Section        0  fdiv.o(.text)
    .text                                    0x08000398   Section        0  dadd.o(.text)
    .text                                    0x080004e6   Section        0  dmul.o(.text)
    .text                                    0x080005ca   Section        0  ddiv.o(.text)
    .text                                    0x080006a8   Section        0  fflti.o(.text)
    .text                                    0x080006ba   Section        0  ffltui.o(.text)
    .text                                    0x080006c4   Section        0  dflti.o(.text)
    .text                                    0x080006e6   Section        0  ffixi.o(.text)
    .text                                    0x08000718   Section        0  ffixui.o(.text)
    .text                                    0x08000740   Section        0  f2d.o(.text)
    .text                                    0x08000766   Section        0  d2f.o(.text)
    .text                                    0x080007a0   Section       20  cfcmple.o(.text)
    .text                                    0x080007b4   Section       20  cfrcmple.o(.text)
    .text                                    0x080007c8   Section        0  uldiv.o(.text)
    .text                                    0x0800082a   Section        0  llshl.o(.text)
    .text                                    0x08000848   Section        0  llsshr.o(.text)
    .text                                    0x0800086c   Section        0  fepilogue.o(.text)
    .text                                    0x0800086c   Section        0  iusefp.o(.text)
    .text                                    0x080008da   Section        0  depilogue.o(.text)
    .text                                    0x08000994   Section        0  dscalb.o(.text)
    .text                                    0x080009c4   Section       36  init.o(.text)
    .text                                    0x080009e8   Section        0  llushr.o(.text)
    .text                                    0x08000a08   Section        0  dsqrt.o(.text)
    i.BusFault_Handler                       0x08000aaa   Section        0  stm32f10x_it.o(i.BusFault_Handler)
    i.DebugMon_Handler                       0x08000aae   Section        0  stm32f10x_it.o(i.DebugMon_Handler)
    i.GPIO_Init                              0x08000ab0   Section        0  stm32f10x_gpio.o(i.GPIO_Init)
    i.GPIO_PinRemapConfig                    0x08000bc8   Section        0  stm32f10x_gpio.o(i.GPIO_PinRemapConfig)
    i.GPIO_ResetBits                         0x08000c58   Section        0  stm32f10x_gpio.o(i.GPIO_ResetBits)
    i.GPIO_SetBits                           0x08000c5c   Section        0  stm32f10x_gpio.o(i.GPIO_SetBits)
    i.HardFault_Handler                      0x08000c60   Section        0  stm32f10x_it.o(i.HardFault_Handler)
    i.I2C_Start                              0x08000c64   Section        0  olediic.o(i.I2C_Start)
    i.I2C_Stop                               0x08000c98   Section        0  olediic.o(i.I2C_Stop)
    i.I2C_WaitAck                            0x08000cbc   Section        0  olediic.o(i.I2C_WaitAck)
    i.IIC_delay                              0x08000ce8   Section        0  olediic.o(i.IIC_delay)
    i.LED_Init                               0x08000cf8   Section        0  led.o(i.LED_Init)
    i.MPU_Get_Accelerometer                  0x08000d2c   Section        0  mpu6050.o(i.MPU_Get_Accelerometer)
    i.MPU_Get_Gyroscope                      0x08000d7c   Section        0  mpu6050.o(i.MPU_Get_Gyroscope)
    i.MPU_Get_Temperature                    0x08000dcc   Section        0  mpu6050.o(i.MPU_Get_Temperature)
    i.MPU_IIC_Ack                            0x08000e34   Section        0  mpuiic.o(i.MPU_IIC_Ack)
    i.MPU_IIC_Delay                          0x08000e80   Section        0  mpuiic.o(i.MPU_IIC_Delay)
    i.MPU_IIC_Init                           0x08000e8c   Section        0  mpuiic.o(i.MPU_IIC_Init)
    i.MPU_IIC_NAck                           0x08000ec4   Section        0  mpuiic.o(i.MPU_IIC_NAck)
    i.MPU_IIC_Read_Byte                      0x08000f10   Section        0  mpuiic.o(i.MPU_IIC_Read_Byte)
    i.MPU_IIC_Send_Byte                      0x08000f7c   Section        0  mpuiic.o(i.MPU_IIC_Send_Byte)
    i.MPU_IIC_Start                          0x08000fd8   Section        0  mpuiic.o(i.MPU_IIC_Start)
    i.MPU_IIC_Stop                           0x08001020   Section        0  mpuiic.o(i.MPU_IIC_Stop)
    i.MPU_IIC_Wait_Ack                       0x08001068   Section        0  mpuiic.o(i.MPU_IIC_Wait_Ack)
    i.MPU_Init                               0x080010cc   Section        0  mpu6050.o(i.MPU_Init)
    i.MPU_Read_Byte                          0x0800118c   Section        0  mpu6050.o(i.MPU_Read_Byte)
    i.MPU_Read_Len                           0x080011c6   Section        0  mpu6050.o(i.MPU_Read_Len)
    i.MPU_Set_Accel_Fsr                      0x0800123a   Section        0  mpu6050.o(i.MPU_Set_Accel_Fsr)
    i.MPU_Set_Gyro_Fsr                       0x0800124a   Section        0  mpu6050.o(i.MPU_Set_Gyro_Fsr)
    i.MPU_Set_LPF                            0x0800125a   Section        0  mpu6050.o(i.MPU_Set_LPF)
    i.MPU_Set_Rate                           0x08001294   Section        0  mpu6050.o(i.MPU_Set_Rate)
    i.MPU_Write_Byte                         0x080012ce   Section        0  mpu6050.o(i.MPU_Write_Byte)
    i.MPU_Write_Len                          0x08001312   Section        0  mpu6050.o(i.MPU_Write_Len)
    i.MemManage_Handler                      0x08001372   Section        0  stm32f10x_it.o(i.MemManage_Handler)
    i.My_abs                                 0x08001376   Section        0  oled.o(i.My_abs)
    i.NMI_Handler                            0x0800138e   Section        0  stm32f10x_it.o(i.NMI_Handler)
    i.NVIC_Init                              0x08001390   Section        0  misc.o(i.NVIC_Init)
    i.NVIC_PriorityGroupConfig               0x08001400   Section        0  misc.o(i.NVIC_PriorityGroupConfig)
    i.OLED_Clear                             0x08001414   Section        0  oled.o(i.OLED_Clear)
    i.OLED_ColorTurn                         0x08001444   Section        0  oled.o(i.OLED_ColorTurn)
    i.OLED_DisplayTurn                       0x08001460   Section        0  oled.o(i.OLED_DisplayTurn)
    i.OLED_DrawPoint                         0x0800148c   Section        0  oled.o(i.OLED_DrawPoint)
    i.OLED_Init                              0x08001504   Section        0  oled.o(i.OLED_Init)
    i.OLED_Pow                               0x0800160c   Section        0  oled.o(i.OLED_Pow)
    i.OLED_Refresh                           0x08001624   Section        0  oled.o(i.OLED_Refresh)
    i.OLED_ShowChar                          0x0800168c   Section        0  oled.o(i.OLED_ShowChar)
    i.OLED_ShowFloat                         0x080017c8   Section        0  oled.o(i.OLED_ShowFloat)
    i.OLED_ShowNum                           0x080019b4   Section        0  oled.o(i.OLED_ShowNum)
    i.OLED_ShowString                        0x08001a40   Section        0  oled.o(i.OLED_ShowString)
    i.OLED_WR_Byte                           0x08001a8a   Section        0  oled.o(i.OLED_WR_Byte)
    i.PendSV_Handler                         0x08001ac2   Section        0  stm32f10x_it.o(i.PendSV_Handler)
    i.RCC_APB2PeriphClockCmd                 0x08001ac4   Section        0  stm32f10x_rcc.o(i.RCC_APB2PeriphClockCmd)
    i.RCC_GetClocksFreq                      0x08001ae4   Section        0  stm32f10x_rcc.o(i.RCC_GetClocksFreq)
    i.SVC_Handler                            0x08001bb8   Section        0  stm32f10x_it.o(i.SVC_Handler)
    i.Send_Byte                              0x08001bbc   Section        0  olediic.o(i.Send_Byte)
    i.SetSysClock                            0x08001c08   Section        0  system_stm32f10x.o(i.SetSysClock)
    SetSysClock                              0x08001c09   Thumb Code     8  system_stm32f10x.o(i.SetSysClock)
    i.SetSysClockTo72                        0x08001c10   Section        0  system_stm32f10x.o(i.SetSysClockTo72)
    SetSysClockTo72                          0x08001c11   Thumb Code   214  system_stm32f10x.o(i.SetSysClockTo72)
    i.SysTick_CLKSourceConfig                0x08001cf0   Section        0  misc.o(i.SysTick_CLKSourceConfig)
    i.SysTick_Handler                        0x08001d18   Section        0  stm32f10x_it.o(i.SysTick_Handler)
    i.SystemInit                             0x08001d1c   Section        0  system_stm32f10x.o(i.SystemInit)
    i.USART1_IRQHandler                      0x08001d7c   Section        0  uart.o(i.USART1_IRQHandler)
    i.USART1_Init                            0x08001e2c   Section        0  uart.o(i.USART1_Init)
    i.USART_ClearFlag                        0x08001ee4   Section        0  stm32f10x_usart.o(i.USART_ClearFlag)
    i.USART_ClearITPendingBit                0x08001ef6   Section        0  stm32f10x_usart.o(i.USART_ClearITPendingBit)
    i.USART_Cmd                              0x08001f14   Section        0  stm32f10x_usart.o(i.USART_Cmd)
    i.USART_GetITStatus                      0x08001f2c   Section        0  stm32f10x_usart.o(i.USART_GetITStatus)
    i.USART_ITConfig                         0x08001f80   Section        0  stm32f10x_usart.o(i.USART_ITConfig)
    i.USART_Init                             0x08001fcc   Section        0  stm32f10x_usart.o(i.USART_Init)
    i.USART_ReceiveData                      0x080020a4   Section        0  stm32f10x_usart.o(i.USART_ReceiveData)
    i.UsageFault_Handler                     0x080020ae   Section        0  stm32f10x_it.o(i.UsageFault_Handler)
    i.__0printf$8                            0x080020b4   Section        0  printf8.o(i.__0printf$8)
    i.__ARM_fpclassify                       0x080020d4   Section        0  fpclassify.o(i.__ARM_fpclassify)
    i.__kernel_poly                          0x080020fc   Section        0  poly.o(i.__kernel_poly)
    i.__mathlib_dbl_infnan                   0x080021a6   Section        0  dunder.o(i.__mathlib_dbl_infnan)
    i.__mathlib_dbl_infnan2                  0x080021ac   Section        0  dunder.o(i.__mathlib_dbl_infnan2)
    i.__mathlib_dbl_invalid                  0x080021b0   Section        0  dunder.o(i.__mathlib_dbl_invalid)
    i.__mathlib_dbl_underflow                0x080021bc   Section        0  dunder.o(i.__mathlib_dbl_underflow)
    i.__scatterload_copy                     0x080021cc   Section       14  handlers.o(i.__scatterload_copy)
    i.__scatterload_null                     0x080021da   Section        2  handlers.o(i.__scatterload_null)
    i.__scatterload_zeroinit                 0x080021dc   Section       14  handlers.o(i.__scatterload_zeroinit)
    i.__set_errno                            0x080021ec   Section        0  errno.o(i.__set_errno)
    i._printf_core                           0x080021f8   Section        0  printf8.o(i._printf_core)
    _printf_core                             0x080021f9   Thumb Code   996  printf8.o(i._printf_core)
    i._printf_post_padding                   0x08002608   Section        0  printf8.o(i._printf_post_padding)
    _printf_post_padding                     0x08002609   Thumb Code    36  printf8.o(i._printf_post_padding)
    i._printf_pre_padding                    0x0800262c   Section        0  printf8.o(i._printf_pre_padding)
    _printf_pre_padding                      0x0800262d   Thumb Code    46  printf8.o(i._printf_pre_padding)
    i.accel_self_test                        0x0800265c   Section        0  inv_mpu.o(i.accel_self_test)
    accel_self_test                          0x0800265d   Thumb Code   164  inv_mpu.o(i.accel_self_test)
    i.asin                                   0x08002704   Section        0  asin.o(i.asin)
    i.atan                                   0x08002974   Section        0  atan.o(i.atan)
    i.atan2                                  0x08002b94   Section        0  atan2.o(i.atan2)
    i.decode_gesture                         0x08002d14   Section        0  inv_mpu_dmp_motion_driver.o(i.decode_gesture)
    decode_gesture                           0x08002d15   Thumb Code    94  inv_mpu_dmp_motion_driver.o(i.decode_gesture)
    i.delay_init                             0x08002d78   Section        0  delay.o(i.delay_init)
    i.delay_ms                               0x08002dbc   Section        0  delay.o(i.delay_ms)
    i.delay_us                               0x08002e08   Section        0  delay.o(i.delay_us)
    i.dmp_enable_6x_lp_quat                  0x08002e54   Section        0  inv_mpu_dmp_motion_driver.o(i.dmp_enable_6x_lp_quat)
    i.dmp_enable_feature                     0x08002e90   Section        0  inv_mpu_dmp_motion_driver.o(i.dmp_enable_feature)
    i.dmp_enable_gyro_cal                    0x080030ac   Section        0  inv_mpu_dmp_motion_driver.o(i.dmp_enable_gyro_cal)
    i.dmp_enable_lp_quat                     0x08003104   Section        0  inv_mpu_dmp_motion_driver.o(i.dmp_enable_lp_quat)
    i.dmp_load_motion_driver_firmware        0x08003140   Section        0  inv_mpu_dmp_motion_driver.o(i.dmp_load_motion_driver_firmware)
    i.dmp_read_fifo                          0x08003158   Section        0  inv_mpu_dmp_motion_driver.o(i.dmp_read_fifo)
    i.dmp_set_accel_bias                     0x08003324   Section        0  inv_mpu_dmp_motion_driver.o(i.dmp_set_accel_bias)
    i.dmp_set_fifo_rate                      0x08003454   Section        0  inv_mpu_dmp_motion_driver.o(i.dmp_set_fifo_rate)
    i.dmp_set_gyro_bias                      0x080034c4   Section        0  inv_mpu_dmp_motion_driver.o(i.dmp_set_gyro_bias)
    i.dmp_set_orientation                    0x080035f4   Section        0  inv_mpu_dmp_motion_driver.o(i.dmp_set_orientation)
    i.dmp_set_shake_reject_thresh            0x0800372c   Section        0  inv_mpu_dmp_motion_driver.o(i.dmp_set_shake_reject_thresh)
    i.dmp_set_shake_reject_time              0x08003764   Section        0  inv_mpu_dmp_motion_driver.o(i.dmp_set_shake_reject_time)
    i.dmp_set_shake_reject_timeout           0x0800378a   Section        0  inv_mpu_dmp_motion_driver.o(i.dmp_set_shake_reject_timeout)
    i.dmp_set_tap_axes                       0x080037b0   Section        0  inv_mpu_dmp_motion_driver.o(i.dmp_set_tap_axes)
    i.dmp_set_tap_count                      0x080037f6   Section        0  inv_mpu_dmp_motion_driver.o(i.dmp_set_tap_count)
    i.dmp_set_tap_thresh                     0x0800381c   Section        0  inv_mpu_dmp_motion_driver.o(i.dmp_set_tap_thresh)
    i.dmp_set_tap_time                       0x080039bc   Section        0  inv_mpu_dmp_motion_driver.o(i.dmp_set_tap_time)
    i.dmp_set_tap_time_multi                 0x080039e2   Section        0  inv_mpu_dmp_motion_driver.o(i.dmp_set_tap_time_multi)
    i.fputc                                  0x08003a08   Section        0  usart.o(i.fputc)
    i.get_accel_prod_shift                   0x08003a24   Section        0  inv_mpu.o(i.get_accel_prod_shift)
    get_accel_prod_shift                     0x08003a25   Thumb Code   168  inv_mpu.o(i.get_accel_prod_shift)
    i.get_st_biases                          0x08003ad8   Section        0  inv_mpu.o(i.get_st_biases)
    get_st_biases                            0x08003ad9   Thumb Code  1132  inv_mpu.o(i.get_st_biases)
    i.gyro_self_test                         0x08003f48   Section        0  inv_mpu.o(i.gyro_self_test)
    gyro_self_test                           0x08003f49   Thumb Code   256  inv_mpu.o(i.gyro_self_test)
    i.inv_orientation_matrix_to_scalar       0x08004058   Section        0  inv_mpu.o(i.inv_orientation_matrix_to_scalar)
    i.inv_row_2_scale                        0x08004080   Section        0  inv_mpu.o(i.inv_row_2_scale)
    i.main                                   0x080040d0   Section        0  main.o(i.main)
    i.mget_ms                                0x080042a8   Section        0  inv_mpu.o(i.mget_ms)
    i.mpu_configure_fifo                     0x080042ac   Section        0  inv_mpu.o(i.mpu_configure_fifo)
    i.mpu_dmp_get_data                       0x0800431c   Section        0  inv_mpu.o(i.mpu_dmp_get_data)
    i.mpu_dmp_init                           0x08004540   Section        0  inv_mpu.o(i.mpu_dmp_init)
    i.mpu_get_accel_fsr                      0x080045e0   Section        0  inv_mpu.o(i.mpu_get_accel_fsr)
    i.mpu_get_accel_sens                     0x0800462c   Section        0  inv_mpu.o(i.mpu_get_accel_sens)
    i.mpu_get_fifo_config                    0x08004680   Section        0  inv_mpu.o(i.mpu_get_fifo_config)
    i.mpu_get_gyro_fsr                       0x08004690   Section        0  inv_mpu.o(i.mpu_get_gyro_fsr)
    i.mpu_get_gyro_sens                      0x080046d4   Section        0  inv_mpu.o(i.mpu_get_gyro_sens)
    i.mpu_get_lpf                            0x08004724   Section        0  inv_mpu.o(i.mpu_get_lpf)
    i.mpu_get_sample_rate                    0x08004774   Section        0  inv_mpu.o(i.mpu_get_sample_rate)
    i.mpu_init                               0x08004794   Section        0  inv_mpu.o(i.mpu_init)
    i.mpu_load_firmware                      0x08004984   Section        0  inv_mpu.o(i.mpu_load_firmware)
    i.mpu_lp_accel_mode                      0x08004a3c   Section        0  inv_mpu.o(i.mpu_lp_accel_mode)
    i.mpu_read_fifo_stream                   0x08004b1c   Section        0  inv_mpu.o(i.mpu_read_fifo_stream)
    i.mpu_read_mem                           0x08004bdc   Section        0  inv_mpu.o(i.mpu_read_mem)
    i.mpu_reset_fifo                         0x08004c5c   Section        0  inv_mpu.o(i.mpu_reset_fifo)
    i.mpu_run_self_test                      0x08004e24   Section        0  inv_mpu.o(i.mpu_run_self_test)
    i.mpu_set_accel_fsr                      0x08004f40   Section        0  inv_mpu.o(i.mpu_set_accel_fsr)
    i.mpu_set_bypass                         0x08004fc4   Section        0  inv_mpu.o(i.mpu_set_bypass)
    i.mpu_set_dmp_state                      0x08005110   Section        0  inv_mpu.o(i.mpu_set_dmp_state)
    i.mpu_set_gyro_fsr                       0x080051a0   Section        0  inv_mpu.o(i.mpu_set_gyro_fsr)
    i.mpu_set_int_latched                    0x08005228   Section        0  inv_mpu.o(i.mpu_set_int_latched)
    i.mpu_set_lpf                            0x08005294   Section        0  inv_mpu.o(i.mpu_set_lpf)
    i.mpu_set_sample_rate                    0x08005318   Section        0  inv_mpu.o(i.mpu_set_sample_rate)
    i.mpu_set_sensors                        0x080053b4   Section        0  inv_mpu.o(i.mpu_set_sensors)
    i.mpu_write_mem                          0x08005484   Section        0  inv_mpu.o(i.mpu_write_mem)
    i.run_self_test                          0x08005504   Section        0  inv_mpu.o(i.run_self_test)
    i.set_int_enable                         0x08005598   Section        0  inv_mpu.o(i.set_int_enable)
    set_int_enable                           0x08005599   Thumb Code   138  inv_mpu.o(i.set_int_enable)
    i.sqrt                                   0x08005628   Section        0  sqrt.o(i.sqrt)
    .constdata                               0x08005674   Section     3062  inv_mpu_dmp_motion_driver.o(.constdata)
    dmp_memory                               0x08005674   Data        3062  inv_mpu_dmp_motion_driver.o(.constdata)
    .constdata                               0x0800626c   Section       80  inv_mpu.o(.constdata)
    .constdata                               0x080062bc   Section     7696  oled.o(.constdata)
    .constdata                               0x080080d0   Section       80  asin.o(.constdata)
    pS                                       0x080080d0   Data          48  asin.o(.constdata)
    qS                                       0x08008100   Data          32  asin.o(.constdata)
    .constdata                               0x08008120   Section      152  atan.o(.constdata)
    atanhi                                   0x08008120   Data          32  atan.o(.constdata)
    atanlo                                   0x08008140   Data          32  atan.o(.constdata)
    aTodd                                    0x08008160   Data          40  atan.o(.constdata)
    aTeven                                   0x08008188   Data          48  atan.o(.constdata)
    .constdata                               0x080081b8   Section        8  qnan.o(.constdata)
    .conststring                             0x080081c0   Section       77  inv_mpu.o(.conststring)
    .data                                    0x20000000   Section       20  system_stm32f10x.o(.data)
    .data                                    0x20000014   Section       20  stm32f10x_rcc.o(.data)
    APBAHBPrescTable                         0x20000014   Data          16  stm32f10x_rcc.o(.data)
    ADCPrescTable                            0x20000024   Data           4  stm32f10x_rcc.o(.data)
    .data                                    0x20000028   Section        4  delay.o(.data)
    fac_us                                   0x20000028   Data           1  delay.o(.data)
    fac_ms                                   0x2000002a   Data           2  delay.o(.data)
    .data                                    0x2000002c   Section        6  usart.o(.data)
    .data                                    0x20000034   Section       53  inv_mpu.o(.data)
    st                                       0x20000034   Data          44  inv_mpu.o(.data)
    gyro_orientation                         0x20000060   Data           9  inv_mpu.o(.data)
    .data                                    0x20000069   Section        1  uart.o(.data)
    .data                                    0x2000006c   Section        4  errno.o(.data)
    _errno                                   0x2000006c   Data           4  errno.o(.data)
    .bss                                     0x20000070   Section       16  inv_mpu_dmp_motion_driver.o(.bss)
    dmp                                      0x20000070   Data          16  inv_mpu_dmp_motion_driver.o(.bss)
    .bss                                     0x20000080   Section     1152  oled.o(.bss)
    STACK                                    0x20000500   Section     1024  startup_stm32f10x_hd.o(STACK)

    Global Symbols

    Symbol Name                              Value     Ov Type        Size  Object(Section)

    BuildAttributes$$THM_ISAv4$P$D$K$B$S$PE$A:L22UL41UL21$X:L11$S22US41US21$IEEE1$IW$USESV6$~STKCKD$USESV7$~SHL$OTIME$ROPI$IEEEX$EBA8$MICROLIB$REQ8$PRES8$EABIv2 0x00000000   Number         0  anon$$obj.o ABSOLUTE
    __ARM_use_no_argv                        0x00000000   Number         0  main.o ABSOLUTE
    __use_no_errno                           0x00000000   Number         0  useno.o ABSOLUTE
    __use_no_exception_handling              0x00000000   Number         0  useno.o ABSOLUTE
    __use_no_fp                              0x00000000   Number         0  useno.o ABSOLUTE
    __use_no_heap                            0x00000000   Number         0  useno.o ABSOLUTE
    __use_no_heap_region                     0x00000000   Number         0  useno.o ABSOLUTE
    __use_no_semihosting                     0x00000000   Number         0  useno.o ABSOLUTE
    __use_no_semihosting_swi                 0x00000000   Number         0  useno.o ABSOLUTE
    __use_no_signal_handling                 0x00000000   Number         0  useno.o ABSOLUTE
    _printf_a                                0x00000000   Number         0  stubs.o ABSOLUTE
    _printf_c                                0x00000000   Number         0  stubs.o ABSOLUTE
    _printf_charcount                        0x00000000   Number         0  stubs.o ABSOLUTE
    _printf_d                                0x00000000   Number         0  stubs.o ABSOLUTE
    _printf_e                                0x00000000   Number         0  stubs.o ABSOLUTE
    _printf_f                                0x00000000   Number         0  stubs.o ABSOLUTE
    _printf_flags                            0x00000000   Number         0  stubs.o ABSOLUTE
    _printf_fp_dec                           0x00000000   Number         0  stubs.o ABSOLUTE
    _printf_fp_hex                           0x00000000   Number         0  stubs.o ABSOLUTE
    _printf_g                                0x00000000   Number         0  stubs.o ABSOLUTE
    _printf_i                                0x00000000   Number         0  stubs.o ABSOLUTE
    _printf_int_dec                          0x00000000   Number         0  stubs.o ABSOLUTE
    _printf_l                                0x00000000   Number         0  stubs.o ABSOLUTE
    _printf_lc                               0x00000000   Number         0  stubs.o ABSOLUTE
    _printf_ll                               0x00000000   Number         0  stubs.o ABSOLUTE
    _printf_lld                              0x00000000   Number         0  stubs.o ABSOLUTE
    _printf_lli                              0x00000000   Number         0  stubs.o ABSOLUTE
    _printf_llo                              0x00000000   Number         0  stubs.o ABSOLUTE
    _printf_llu                              0x00000000   Number         0  stubs.o ABSOLUTE
    _printf_llx                              0x00000000   Number         0  stubs.o ABSOLUTE
    _printf_longlong_dec                     0x00000000   Number         0  stubs.o ABSOLUTE
    _printf_longlong_hex                     0x00000000   Number         0  stubs.o ABSOLUTE
    _printf_longlong_oct                     0x00000000   Number         0  stubs.o ABSOLUTE
    _printf_ls                               0x00000000   Number         0  stubs.o ABSOLUTE
    _printf_mbtowc                           0x00000000   Number         0  stubs.o ABSOLUTE
    _printf_n                                0x00000000   Number         0  stubs.o ABSOLUTE
    _printf_o                                0x00000000   Number         0  stubs.o ABSOLUTE
    _printf_p                                0x00000000   Number         0  stubs.o ABSOLUTE
    _printf_percent                          0x00000000   Number         0  stubs.o ABSOLUTE
    _printf_pre_padding                      0x00000000   Number         0  stubs.o ABSOLUTE
    _printf_return_value                     0x00000000   Number         0  stubs.o ABSOLUTE
    _printf_s                                0x00000000   Number         0  stubs.o ABSOLUTE
    _printf_sizespec                         0x00000000   Number         0  stubs.o ABSOLUTE
    _printf_str                              0x00000000   Number         0  stubs.o ABSOLUTE
    _printf_truncate_signed                  0x00000000   Number         0  stubs.o ABSOLUTE
    _printf_truncate_unsigned                0x00000000   Number         0  stubs.o ABSOLUTE
    _printf_u                                0x00000000   Number         0  stubs.o ABSOLUTE
    _printf_wc                               0x00000000   Number         0  stubs.o ABSOLUTE
    _printf_wctomb                           0x00000000   Number         0  stubs.o ABSOLUTE
    _printf_widthprec                        0x00000000   Number         0  stubs.o ABSOLUTE
    _printf_x                                0x00000000   Number         0  stubs.o ABSOLUTE
    __cpp_initialize__aeabi_                  - Undefined Weak Reference
    __cxa_finalize                            - Undefined Weak Reference
    __decompress                              - Undefined Weak Reference
    _clock_init                               - Undefined Weak Reference
    _microlib_exit                            - Undefined Weak Reference
    __Vectors_Size                           0x00000130   Number         0  startup_stm32f10x_hd.o ABSOLUTE
    __Vectors                                0x08000000   Data           4  startup_stm32f10x_hd.o(RESET)
    __Vectors_End                            0x08000130   Data           0  startup_stm32f10x_hd.o(RESET)
    __main                                   0x08000131   Thumb Code     0  entry.o(.ARM.Collect$$$$00000000)
    _main_stk                                0x08000131   Thumb Code     0  entry2.o(.ARM.Collect$$$$00000001)
    _main_scatterload                        0x08000135   Thumb Code     0  entry5.o(.ARM.Collect$$$$00000004)
    __main_after_scatterload                 0x08000139   Thumb Code     0  entry5.o(.ARM.Collect$$$$00000004)
    _main_clock                              0x08000139   Thumb Code     0  entry7b.o(.ARM.Collect$$$$00000008)
    _main_cpp_init                           0x08000139   Thumb Code     0  entry8b.o(.ARM.Collect$$$$0000000A)
    _main_init                               0x08000139   Thumb Code     0  entry9a.o(.ARM.Collect$$$$0000000B)
    __rt_final_cpp                           0x08000141   Thumb Code     0  entry10a.o(.ARM.Collect$$$$0000000D)
    __rt_final_exit                          0x08000141   Thumb Code     0  entry11a.o(.ARM.Collect$$$$0000000F)
    Reset_Handler                            0x08000145   Thumb Code     8  startup_stm32f10x_hd.o(.text)
    ADC1_2_IRQHandler                        0x0800015f   Thumb Code     0  startup_stm32f10x_hd.o(.text)
    ADC3_IRQHandler                          0x0800015f   Thumb Code     0  startup_stm32f10x_hd.o(.text)
    CAN1_RX1_IRQHandler                      0x0800015f   Thumb Code     0  startup_stm32f10x_hd.o(.text)
    CAN1_SCE_IRQHandler                      0x0800015f   Thumb Code     0  startup_stm32f10x_hd.o(.text)
    DMA1_Channel1_IRQHandler                 0x0800015f   Thumb Code     0  startup_stm32f10x_hd.o(.text)
    DMA1_Channel2_IRQHandler                 0x0800015f   Thumb Code     0  startup_stm32f10x_hd.o(.text)
    DMA1_Channel3_IRQHandler                 0x0800015f   Thumb Code     0  startup_stm32f10x_hd.o(.text)
    DMA1_Channel4_IRQHandler                 0x0800015f   Thumb Code     0  startup_stm32f10x_hd.o(.text)
    DMA1_Channel5_IRQHandler                 0x0800015f   Thumb Code     0  startup_stm32f10x_hd.o(.text)
    DMA1_Channel6_IRQHandler                 0x0800015f   Thumb Code     0  startup_stm32f10x_hd.o(.text)
    DMA1_Channel7_IRQHandler                 0x0800015f   Thumb Code     0  startup_stm32f10x_hd.o(.text)
    DMA2_Channel1_IRQHandler                 0x0800015f   Thumb Code     0  startup_stm32f10x_hd.o(.text)
    DMA2_Channel2_IRQHandler                 0x0800015f   Thumb Code     0  startup_stm32f10x_hd.o(.text)
    DMA2_Channel3_IRQHandler                 0x0800015f   Thumb Code     0  startup_stm32f10x_hd.o(.text)
    DMA2_Channel4_5_IRQHandler               0x0800015f   Thumb Code     0  startup_stm32f10x_hd.o(.text)
    EXTI0_IRQHandler                         0x0800015f   Thumb Code     0  startup_stm32f10x_hd.o(.text)
    EXTI15_10_IRQHandler                     0x0800015f   Thumb Code     0  startup_stm32f10x_hd.o(.text)
    EXTI1_IRQHandler                         0x0800015f   Thumb Code     0  startup_stm32f10x_hd.o(.text)
    EXTI2_IRQHandler                         0x0800015f   Thumb Code     0  startup_stm32f10x_hd.o(.text)
    EXTI3_IRQHandler                         0x0800015f   Thumb Code     0  startup_stm32f10x_hd.o(.text)
    EXTI4_IRQHandler                         0x0800015f   Thumb Code     0  startup_stm32f10x_hd.o(.text)
    EXTI9_5_IRQHandler                       0x0800015f   Thumb Code     0  startup_stm32f10x_hd.o(.text)
    FLASH_IRQHandler                         0x0800015f   Thumb Code     0  startup_stm32f10x_hd.o(.text)
    FSMC_IRQHandler                          0x0800015f   Thumb Code     0  startup_stm32f10x_hd.o(.text)
    I2C1_ER_IRQHandler                       0x0800015f   Thumb Code     0  startup_stm32f10x_hd.o(.text)
    I2C1_EV_IRQHandler                       0x0800015f   Thumb Code     0  startup_stm32f10x_hd.o(.text)
    I2C2_ER_IRQHandler                       0x0800015f   Thumb Code     0  startup_stm32f10x_hd.o(.text)
    I2C2_EV_IRQHandler                       0x0800015f   Thumb Code     0  startup_stm32f10x_hd.o(.text)
    PVD_IRQHandler                           0x0800015f   Thumb Code     0  startup_stm32f10x_hd.o(.text)
    RCC_IRQHandler                           0x0800015f   Thumb Code     0  startup_stm32f10x_hd.o(.text)
    RTCAlarm_IRQHandler                      0x0800015f   Thumb Code     0  startup_stm32f10x_hd.o(.text)
    RTC_IRQHandler                           0x0800015f   Thumb Code     0  startup_stm32f10x_hd.o(.text)
    SDIO_IRQHandler                          0x0800015f   Thumb Code     0  startup_stm32f10x_hd.o(.text)
    SPI1_IRQHandler                          0x0800015f   Thumb Code     0  startup_stm32f10x_hd.o(.text)
    SPI2_IRQHandler                          0x0800015f   Thumb Code     0  startup_stm32f10x_hd.o(.text)
    SPI3_IRQHandler                          0x0800015f   Thumb Code     0  startup_stm32f10x_hd.o(.text)
    TAMPER_IRQHandler                        0x0800015f   Thumb Code     0  startup_stm32f10x_hd.o(.text)
    TIM1_BRK_IRQHandler                      0x0800015f   Thumb Code     0  startup_stm32f10x_hd.o(.text)
    TIM1_CC_IRQHandler                       0x0800015f   Thumb Code     0  startup_stm32f10x_hd.o(.text)
    TIM1_TRG_COM_IRQHandler                  0x0800015f   Thumb Code     0  startup_stm32f10x_hd.o(.text)
    TIM1_UP_IRQHandler                       0x0800015f   Thumb Code     0  startup_stm32f10x_hd.o(.text)
    TIM2_IRQHandler                          0x0800015f   Thumb Code     0  startup_stm32f10x_hd.o(.text)
    TIM3_IRQHandler                          0x0800015f   Thumb Code     0  startup_stm32f10x_hd.o(.text)
    TIM4_IRQHandler                          0x0800015f   Thumb Code     0  startup_stm32f10x_hd.o(.text)
    TIM5_IRQHandler                          0x0800015f   Thumb Code     0  startup_stm32f10x_hd.o(.text)
    TIM6_IRQHandler                          0x0800015f   Thumb Code     0  startup_stm32f10x_hd.o(.text)
    TIM7_IRQHandler                          0x0800015f   Thumb Code     0  startup_stm32f10x_hd.o(.text)
    TIM8_BRK_IRQHandler                      0x0800015f   Thumb Code     0  startup_stm32f10x_hd.o(.text)
    TIM8_CC_IRQHandler                       0x0800015f   Thumb Code     0  startup_stm32f10x_hd.o(.text)
    TIM8_TRG_COM_IRQHandler                  0x0800015f   Thumb Code     0  startup_stm32f10x_hd.o(.text)
    TIM8_UP_IRQHandler                       0x0800015f   Thumb Code     0  startup_stm32f10x_hd.o(.text)
    UART4_IRQHandler                         0x0800015f   Thumb Code     0  startup_stm32f10x_hd.o(.text)
    UART5_IRQHandler                         0x0800015f   Thumb Code     0  startup_stm32f10x_hd.o(.text)
    USART2_IRQHandler                        0x0800015f   Thumb Code     0  startup_stm32f10x_hd.o(.text)
    USART3_IRQHandler                        0x0800015f   Thumb Code     0  startup_stm32f10x_hd.o(.text)
    USBWakeUp_IRQHandler                     0x0800015f   Thumb Code     0  startup_stm32f10x_hd.o(.text)
    USB_HP_CAN1_TX_IRQHandler                0x0800015f   Thumb Code     0  startup_stm32f10x_hd.o(.text)
    USB_LP_CAN1_RX0_IRQHandler               0x0800015f   Thumb Code     0  startup_stm32f10x_hd.o(.text)
    WWDG_IRQHandler                          0x0800015f   Thumb Code     0  startup_stm32f10x_hd.o(.text)
    __aeabi_ldivmod                          0x08000169   Thumb Code    98  ldiv.o(.text)
    __aeabi_memset                           0x080001cb   Thumb Code    14  memseta.o(.text)
    __aeabi_memset4                          0x080001cb   Thumb Code     0  memseta.o(.text)
    __aeabi_memset8                          0x080001cb   Thumb Code     0  memseta.o(.text)
    __aeabi_memclr                           0x080001d9   Thumb Code     4  memseta.o(.text)
    __aeabi_memclr4                          0x080001d9   Thumb Code     0  memseta.o(.text)
    __aeabi_memclr8                          0x080001d9   Thumb Code     0  memseta.o(.text)
    _memset$wrapper                          0x080001dd   Thumb Code    18  memseta.o(.text)
    memcmp                                   0x080001ef   Thumb Code    26  memcmp.o(.text)
    __aeabi_fadd                             0x08000209   Thumb Code   164  fadd.o(.text)
    __aeabi_fsub                             0x080002ad   Thumb Code     6  fadd.o(.text)
    __aeabi_frsub                            0x080002b3   Thumb Code     6  fadd.o(.text)
    __aeabi_fmul                             0x080002b9   Thumb Code   100  fmul.o(.text)
    __aeabi_fdiv                             0x0800031d   Thumb Code   124  fdiv.o(.text)
    __aeabi_dadd                             0x08000399   Thumb Code   322  dadd.o(.text)
    __aeabi_dsub                             0x080004db   Thumb Code     6  dadd.o(.text)
    __aeabi_drsub                            0x080004e1   Thumb Code     6  dadd.o(.text)
    __aeabi_dmul                             0x080004e7   Thumb Code   228  dmul.o(.text)
    __aeabi_ddiv                             0x080005cb   Thumb Code   222  ddiv.o(.text)
    __aeabi_i2f                              0x080006a9   Thumb Code    18  fflti.o(.text)
    __aeabi_ui2f                             0x080006bb   Thumb Code    10  ffltui.o(.text)
    __aeabi_i2d                              0x080006c5   Thumb Code    34  dflti.o(.text)
    __aeabi_f2iz                             0x080006e7   Thumb Code    50  ffixi.o(.text)
    __aeabi_f2uiz                            0x08000719   Thumb Code    40  ffixui.o(.text)
    __aeabi_f2d                              0x08000741   Thumb Code    38  f2d.o(.text)
    __aeabi_d2f                              0x08000767   Thumb Code    56  d2f.o(.text)
    __aeabi_cfcmpeq                          0x080007a1   Thumb Code     0  cfcmple.o(.text)
    __aeabi_cfcmple                          0x080007a1   Thumb Code    20  cfcmple.o(.text)
    __aeabi_cfrcmple                         0x080007b5   Thumb Code    20  cfrcmple.o(.text)
    __aeabi_uldivmod                         0x080007c9   Thumb Code    98  uldiv.o(.text)
    __aeabi_llsl                             0x0800082b   Thumb Code    30  llshl.o(.text)
    _ll_shift_l                              0x0800082b   Thumb Code     0  llshl.o(.text)
    __aeabi_lasr                             0x08000849   Thumb Code    36  llsshr.o(.text)
    _ll_sshift_r                             0x08000849   Thumb Code     0  llsshr.o(.text)
    __I$use$fp                               0x0800086d   Thumb Code     0  iusefp.o(.text)
    _float_round                             0x0800086d   Thumb Code    18  fepilogue.o(.text)
    _float_epilogue                          0x0800087f   Thumb Code    92  fepilogue.o(.text)
    _double_round                            0x080008db   Thumb Code    30  depilogue.o(.text)
    _double_epilogue                         0x080008f9   Thumb Code   156  depilogue.o(.text)
    __ARM_scalbn                             0x08000995   Thumb Code    46  dscalb.o(.text)
    scalbn                                   0x08000995   Thumb Code     0  dscalb.o(.text)
    __scatterload                            0x080009c5   Thumb Code    28  init.o(.text)
    __scatterload_rt2                        0x080009c5   Thumb Code     0  init.o(.text)
    __aeabi_llsr                             0x080009e9   Thumb Code    32  llushr.o(.text)
    _ll_ushift_r                             0x080009e9   Thumb Code     0  llushr.o(.text)
    _dsqrt                                   0x08000a09   Thumb Code   162  dsqrt.o(.text)
    BusFault_Handler                         0x08000aab   Thumb Code     4  stm32f10x_it.o(i.BusFault_Handler)
    DebugMon_Handler                         0x08000aaf   Thumb Code     2  stm32f10x_it.o(i.DebugMon_Handler)
    GPIO_Init                                0x08000ab1   Thumb Code   278  stm32f10x_gpio.o(i.GPIO_Init)
    GPIO_PinRemapConfig                      0x08000bc9   Thumb Code   138  stm32f10x_gpio.o(i.GPIO_PinRemapConfig)
    GPIO_ResetBits                           0x08000c59   Thumb Code     4  stm32f10x_gpio.o(i.GPIO_ResetBits)
    GPIO_SetBits                             0x08000c5d   Thumb Code     4  stm32f10x_gpio.o(i.GPIO_SetBits)
    HardFault_Handler                        0x08000c61   Thumb Code     4  stm32f10x_it.o(i.HardFault_Handler)
    I2C_Start                                0x08000c65   Thumb Code    48  olediic.o(i.I2C_Start)
    I2C_Stop                                 0x08000c99   Thumb Code    32  olediic.o(i.I2C_Stop)
    I2C_WaitAck                              0x08000cbd   Thumb Code    40  olediic.o(i.I2C_WaitAck)
    IIC_delay                                0x08000ce9   Thumb Code    16  olediic.o(i.IIC_delay)
    LED_Init                                 0x08000cf9   Thumb Code    46  led.o(i.LED_Init)
    MPU_Get_Accelerometer                    0x08000d2d   Thumb Code    80  mpu6050.o(i.MPU_Get_Accelerometer)
    MPU_Get_Gyroscope                        0x08000d7d   Thumb Code    80  mpu6050.o(i.MPU_Get_Gyroscope)
    MPU_Get_Temperature                      0x08000dcd   Thumb Code    86  mpu6050.o(i.MPU_Get_Temperature)
    MPU_IIC_Ack                              0x08000e35   Thumb Code    62  mpuiic.o(i.MPU_IIC_Ack)
    MPU_IIC_Delay                            0x08000e81   Thumb Code    10  mpuiic.o(i.MPU_IIC_Delay)
    MPU_IIC_Init                             0x08000e8d   Thumb Code    50  mpuiic.o(i.MPU_IIC_Init)
    MPU_IIC_NAck                             0x08000ec5   Thumb Code    62  mpuiic.o(i.MPU_IIC_NAck)
    MPU_IIC_Read_Byte                        0x08000f11   Thumb Code    94  mpuiic.o(i.MPU_IIC_Read_Byte)
    MPU_IIC_Send_Byte                        0x08000f7d   Thumb Code    80  mpuiic.o(i.MPU_IIC_Send_Byte)
    MPU_IIC_Start                            0x08000fd9   Thumb Code    60  mpuiic.o(i.MPU_IIC_Start)
    MPU_IIC_Stop                             0x08001021   Thumb Code    58  mpuiic.o(i.MPU_IIC_Stop)
    MPU_IIC_Wait_Ack                         0x08001069   Thumb Code    86  mpuiic.o(i.MPU_IIC_Wait_Ack)
    MPU_Init                                 0x080010cd   Thumb Code   180  mpu6050.o(i.MPU_Init)
    MPU_Read_Byte                            0x0800118d   Thumb Code    58  mpu6050.o(i.MPU_Read_Byte)
    MPU_Read_Len                             0x080011c7   Thumb Code   116  mpu6050.o(i.MPU_Read_Len)
    MPU_Set_Accel_Fsr                        0x0800123b   Thumb Code    16  mpu6050.o(i.MPU_Set_Accel_Fsr)
    MPU_Set_Gyro_Fsr                         0x0800124b   Thumb Code    16  mpu6050.o(i.MPU_Set_Gyro_Fsr)
    MPU_Set_LPF                              0x0800125b   Thumb Code    58  mpu6050.o(i.MPU_Set_LPF)
    MPU_Set_Rate                             0x08001295   Thumb Code    58  mpu6050.o(i.MPU_Set_Rate)
    MPU_Write_Byte                           0x080012cf   Thumb Code    68  mpu6050.o(i.MPU_Write_Byte)
    MPU_Write_Len                            0x08001313   Thumb Code    96  mpu6050.o(i.MPU_Write_Len)
    MemManage_Handler                        0x08001373   Thumb Code     4  stm32f10x_it.o(i.MemManage_Handler)
    My_abs                                   0x08001377   Thumb Code    24  oled.o(i.My_abs)
    NMI_Handler                              0x0800138f   Thumb Code     2  stm32f10x_it.o(i.NMI_Handler)
    NVIC_Init                                0x08001391   Thumb Code   100  misc.o(i.NVIC_Init)
    NVIC_PriorityGroupConfig                 0x08001401   Thumb Code    10  misc.o(i.NVIC_PriorityGroupConfig)
    OLED_Clear                               0x08001415   Thumb Code    42  oled.o(i.OLED_Clear)
    OLED_ColorTurn                           0x08001445   Thumb Code    28  oled.o(i.OLED_ColorTurn)
    OLED_DisplayTurn                         0x08001461   Thumb Code    44  oled.o(i.OLED_DisplayTurn)
    OLED_DrawPoint                           0x0800148d   Thumb Code   114  oled.o(i.OLED_DrawPoint)
    OLED_Init                                0x08001505   Thumb Code   258  oled.o(i.OLED_Init)
    OLED_Pow                                 0x0800160d   Thumb Code    22  oled.o(i.OLED_Pow)
    OLED_Refresh                             0x08001625   Thumb Code   100  oled.o(i.OLED_Refresh)
    OLED_ShowChar                            0x0800168d   Thumb Code   300  oled.o(i.OLED_ShowChar)
    OLED_ShowFloat                           0x080017c9   Thumb Code   482  oled.o(i.OLED_ShowFloat)
    OLED_ShowNum                             0x080019b5   Thumb Code   140  oled.o(i.OLED_ShowNum)
    OLED_ShowString                          0x08001a41   Thumb Code    74  oled.o(i.OLED_ShowString)
    OLED_WR_Byte                             0x08001a8b   Thumb Code    56  oled.o(i.OLED_WR_Byte)
    PendSV_Handler                           0x08001ac3   Thumb Code     2  stm32f10x_it.o(i.PendSV_Handler)
    RCC_APB2PeriphClockCmd                   0x08001ac5   Thumb Code    26  stm32f10x_rcc.o(i.RCC_APB2PeriphClockCmd)
    RCC_GetClocksFreq                        0x08001ae5   Thumb Code   192  stm32f10x_rcc.o(i.RCC_GetClocksFreq)
    SVC_Handler                              0x08001bb9   Thumb Code     2  stm32f10x_it.o(i.SVC_Handler)
    Send_Byte                                0x08001bbd   Thumb Code    70  olediic.o(i.Send_Byte)
    SysTick_CLKSourceConfig                  0x08001cf1   Thumb Code    40  misc.o(i.SysTick_CLKSourceConfig)
    SysTick_Handler                          0x08001d19   Thumb Code     2  stm32f10x_it.o(i.SysTick_Handler)
    SystemInit                               0x08001d1d   Thumb Code    78  system_stm32f10x.o(i.SystemInit)
    USART1_IRQHandler                        0x08001d7d   Thumb Code   162  uart.o(i.USART1_IRQHandler)
    USART1_Init                              0x08001e2d   Thumb Code   174  uart.o(i.USART1_Init)
    USART_ClearFlag                          0x08001ee5   Thumb Code    18  stm32f10x_usart.o(i.USART_ClearFlag)
    USART_ClearITPendingBit                  0x08001ef7   Thumb Code    30  stm32f10x_usart.o(i.USART_ClearITPendingBit)
    USART_Cmd                                0x08001f15   Thumb Code    24  stm32f10x_usart.o(i.USART_Cmd)
    USART_GetITStatus                        0x08001f2d   Thumb Code    84  stm32f10x_usart.o(i.USART_GetITStatus)
    USART_ITConfig                           0x08001f81   Thumb Code    74  stm32f10x_usart.o(i.USART_ITConfig)
    USART_Init                               0x08001fcd   Thumb Code   210  stm32f10x_usart.o(i.USART_Init)
    USART_ReceiveData                        0x080020a5   Thumb Code    10  stm32f10x_usart.o(i.USART_ReceiveData)
    UsageFault_Handler                       0x080020af   Thumb Code     4  stm32f10x_it.o(i.UsageFault_Handler)
    __0printf$8                              0x080020b5   Thumb Code    22  printf8.o(i.__0printf$8)
    __1printf$8                              0x080020b5   Thumb Code     0  printf8.o(i.__0printf$8)
    __2printf                                0x080020b5   Thumb Code     0  printf8.o(i.__0printf$8)
    __ARM_fpclassify                         0x080020d5   Thumb Code    40  fpclassify.o(i.__ARM_fpclassify)
    __kernel_poly                            0x080020fd   Thumb Code   170  poly.o(i.__kernel_poly)
    __mathlib_dbl_infnan                     0x080021a7   Thumb Code     6  dunder.o(i.__mathlib_dbl_infnan)
    __mathlib_dbl_infnan2                    0x080021ad   Thumb Code     4  dunder.o(i.__mathlib_dbl_infnan2)
    __mathlib_dbl_invalid                    0x080021b1   Thumb Code    12  dunder.o(i.__mathlib_dbl_invalid)
    __mathlib_dbl_underflow                  0x080021bd   Thumb Code    10  dunder.o(i.__mathlib_dbl_underflow)
    __scatterload_copy                       0x080021cd   Thumb Code    14  handlers.o(i.__scatterload_copy)
    __scatterload_null                       0x080021db   Thumb Code     2  handlers.o(i.__scatterload_null)
    __scatterload_zeroinit                   0x080021dd   Thumb Code    14  handlers.o(i.__scatterload_zeroinit)
    __set_errno                              0x080021ed   Thumb Code     6  errno.o(i.__set_errno)
    asin                                     0x08002705   Thumb Code   572  asin.o(i.asin)
    atan                                     0x08002975   Thumb Code   474  atan.o(i.atan)
    atan2                                    0x08002b95   Thumb Code   346  atan2.o(i.atan2)
    delay_init                               0x08002d79   Thumb Code    50  delay.o(i.delay_init)
    delay_ms                                 0x08002dbd   Thumb Code    72  delay.o(i.delay_ms)
    delay_us                                 0x08002e09   Thumb Code    72  delay.o(i.delay_us)
    dmp_enable_6x_lp_quat                    0x08002e55   Thumb Code    60  inv_mpu_dmp_motion_driver.o(i.dmp_enable_6x_lp_quat)
    dmp_enable_feature                       0x08002e91   Thumb Code   530  inv_mpu_dmp_motion_driver.o(i.dmp_enable_feature)
    dmp_enable_gyro_cal                      0x080030ad   Thumb Code    62  inv_mpu_dmp_motion_driver.o(i.dmp_enable_gyro_cal)
    dmp_enable_lp_quat                       0x08003105   Thumb Code    60  inv_mpu_dmp_motion_driver.o(i.dmp_enable_lp_quat)
    dmp_load_motion_driver_firmware          0x08003141   Thumb Code    20  inv_mpu_dmp_motion_driver.o(i.dmp_load_motion_driver_firmware)
    dmp_read_fifo                            0x08003159   Thumb Code   456  inv_mpu_dmp_motion_driver.o(i.dmp_read_fifo)
    dmp_set_accel_bias                       0x08003325   Thumb Code   300  inv_mpu_dmp_motion_driver.o(i.dmp_set_accel_bias)
    dmp_set_fifo_rate                        0x08003455   Thumb Code    96  inv_mpu_dmp_motion_driver.o(i.dmp_set_fifo_rate)
    dmp_set_gyro_bias                        0x080034c5   Thumb Code   294  inv_mpu_dmp_motion_driver.o(i.dmp_set_gyro_bias)
    dmp_set_orientation                      0x080035f5   Thumb Code   290  inv_mpu_dmp_motion_driver.o(i.dmp_set_orientation)
    dmp_set_shake_reject_thresh              0x0800372d   Thumb Code    56  inv_mpu_dmp_motion_driver.o(i.dmp_set_shake_reject_thresh)
    dmp_set_shake_reject_time                0x08003765   Thumb Code    38  inv_mpu_dmp_motion_driver.o(i.dmp_set_shake_reject_time)
    dmp_set_shake_reject_timeout             0x0800378b   Thumb Code    38  inv_mpu_dmp_motion_driver.o(i.dmp_set_shake_reject_timeout)
    dmp_set_tap_axes                         0x080037b1   Thumb Code    70  inv_mpu_dmp_motion_driver.o(i.dmp_set_tap_axes)
    dmp_set_tap_count                        0x080037f7   Thumb Code    38  inv_mpu_dmp_motion_driver.o(i.dmp_set_tap_count)
    dmp_set_tap_thresh                       0x0800381d   Thumb Code   396  inv_mpu_dmp_motion_driver.o(i.dmp_set_tap_thresh)
    dmp_set_tap_time                         0x080039bd   Thumb Code    38  inv_mpu_dmp_motion_driver.o(i.dmp_set_tap_time)
    dmp_set_tap_time_multi                   0x080039e3   Thumb Code    38  inv_mpu_dmp_motion_driver.o(i.dmp_set_tap_time_multi)
    fputc                                    0x08003a09   Thumb Code    24  usart.o(i.fputc)
    inv_orientation_matrix_to_scalar         0x08004059   Thumb Code    40  inv_mpu.o(i.inv_orientation_matrix_to_scalar)
    inv_row_2_scale                          0x08004081   Thumb Code    78  inv_mpu.o(i.inv_row_2_scale)
    main                                     0x080040d1   Thumb Code   388  main.o(i.main)
    mget_ms                                  0x080042a9   Thumb Code     2  inv_mpu.o(i.mget_ms)
    mpu_configure_fifo                       0x080042ad   Thumb Code   106  inv_mpu.o(i.mpu_configure_fifo)
    mpu_dmp_get_data                         0x0800431d   Thumb Code   544  inv_mpu.o(i.mpu_dmp_get_data)
    mpu_dmp_init                             0x08004541   Thumb Code   154  inv_mpu.o(i.mpu_dmp_init)
    mpu_get_accel_fsr                        0x080045e1   Thumb Code    72  inv_mpu.o(i.mpu_get_accel_fsr)
    mpu_get_accel_sens                       0x0800462d   Thumb Code    78  inv_mpu.o(i.mpu_get_accel_sens)
    mpu_get_fifo_config                      0x08004681   Thumb Code    12  inv_mpu.o(i.mpu_get_fifo_config)
    mpu_get_gyro_fsr                         0x08004691   Thumb Code    64  inv_mpu.o(i.mpu_get_gyro_fsr)
    mpu_get_gyro_sens                        0x080046d5   Thumb Code    58  inv_mpu.o(i.mpu_get_gyro_sens)
    mpu_get_lpf                              0x08004725   Thumb Code    74  inv_mpu.o(i.mpu_get_lpf)
    mpu_get_sample_rate                      0x08004775   Thumb Code    26  inv_mpu.o(i.mpu_get_sample_rate)
    mpu_init                                 0x08004795   Thumb Code   416  inv_mpu.o(i.mpu_init)
    mpu_load_firmware                        0x08004985   Thumb Code   180  inv_mpu.o(i.mpu_load_firmware)
    mpu_lp_accel_mode                        0x08004a3d   Thumb Code   218  inv_mpu.o(i.mpu_lp_accel_mode)
    mpu_read_fifo_stream                     0x08004b1d   Thumb Code   186  inv_mpu.o(i.mpu_read_fifo_stream)
    mpu_read_mem                             0x08004bdd   Thumb Code   122  inv_mpu.o(i.mpu_read_mem)
    mpu_reset_fifo                           0x08004c5d   Thumb Code   450  inv_mpu.o(i.mpu_reset_fifo)
    mpu_run_self_test                        0x08004e25   Thumb Code   278  inv_mpu.o(i.mpu_run_self_test)
    mpu_set_accel_fsr                        0x08004f41   Thumb Code   126  inv_mpu.o(i.mpu_set_accel_fsr)
    mpu_set_bypass                           0x08004fc5   Thumb Code   328  inv_mpu.o(i.mpu_set_bypass)
    mpu_set_dmp_state                        0x08005111   Thumb Code   138  inv_mpu.o(i.mpu_set_dmp_state)
    mpu_set_gyro_fsr                         0x080051a1   Thumb Code   132  inv_mpu.o(i.mpu_set_gyro_fsr)
    mpu_set_int_latched                      0x08005229   Thumb Code   102  inv_mpu.o(i.mpu_set_int_latched)
    mpu_set_lpf                              0x08005295   Thumb Code   126  inv_mpu.o(i.mpu_set_lpf)
    mpu_set_sample_rate                      0x08005319   Thumb Code   152  inv_mpu.o(i.mpu_set_sample_rate)
    mpu_set_sensors                          0x080053b5   Thumb Code   202  inv_mpu.o(i.mpu_set_sensors)
    mpu_write_mem                            0x08005485   Thumb Code   122  inv_mpu.o(i.mpu_write_mem)
    run_self_test                            0x08005505   Thumb Code   148  inv_mpu.o(i.run_self_test)
    sqrt                                     0x08005629   Thumb Code    76  sqrt.o(i.sqrt)
    reg                                      0x0800626c   Data          27  inv_mpu.o(.constdata)
    hw                                       0x08006288   Data          12  inv_mpu.o(.constdata)
    test                                     0x08006294   Data          40  inv_mpu.o(.constdata)
    asc2_0806                                0x080062bc   Data         552  oled.o(.constdata)
    asc2_1206                                0x080064e4   Data        1140  oled.o(.constdata)
    asc2_1608                                0x08006958   Data        1520  oled.o(.constdata)
    asc2_2412                                0x08006f48   Data        3420  oled.o(.constdata)
    Hzk1                                     0x08007ca4   Data         352  oled.o(.constdata)
    Hzk2                                     0x08007e04   Data          72  oled.o(.constdata)
    Hzk3                                     0x08007e4c   Data         128  oled.o(.constdata)
    Hzk4                                     0x08007ecc   Data         512  oled.o(.constdata)
    __mathlib_zero                           0x080081b8   Data           8  qnan.o(.constdata)
    Region$$Table$$Base                      0x08008210   Number         0  anon$$obj.o(Region$$Table)
    Region$$Table$$Limit                     0x08008230   Number         0  anon$$obj.o(Region$$Table)
    SystemCoreClock                          0x20000000   Data           4  system_stm32f10x.o(.data)
    AHBPrescTable                            0x20000004   Data          16  system_stm32f10x.o(.data)
    __stdout                                 0x2000002c   Data           4  usart.o(.data)
    USART_RX_STA                             0x20000030   Data           2  usart.o(.data)
    Serial_Rxdata                            0x20000069   Data           1  uart.o(.data)
    OLED_GRAM                                0x20000080   Data        1152  oled.o(.bss)
    __initial_sp                             0x20000900   Data           0  startup_stm32f10x_hd.o(STACK)



==============================================================================

Memory Map of the image

  Image Entry point : 0x08000131

  Load Region LR_IROM1 (Base: 0x08000000, Size: 0x000082a0, Max: 0x00010000, ABSOLUTE)

    Execution Region ER_IROM1 (Exec base: 0x08000000, Load base: 0x08000000, Size: 0x00008230, Max: 0x00010000, ABSOLUTE)

    Exec Addr    Load Addr    Size         Type   Attr      Idx    E Section Name        Object

    0x08000000   0x08000000   0x00000130   Data   RO          267    RESET               startup_stm32f10x_hd.o
    0x08000130   0x08000130   0x00000000   Code   RO         4236  * .ARM.Collect$$$$00000000  mc_w.l(entry.o)
    0x08000130   0x08000130   0x00000004   Code   RO         4573    .ARM.Collect$$$$00000001  mc_w.l(entry2.o)
    0x08000134   0x08000134   0x00000004   Code   RO         4576    .ARM.Collect$$$$00000004  mc_w.l(entry5.o)
    0x08000138   0x08000138   0x00000000   Code   RO         4578    .ARM.Collect$$$$00000008  mc_w.l(entry7b.o)
    0x08000138   0x08000138   0x00000000   Code   RO         4580    .ARM.Collect$$$$0000000A  mc_w.l(entry8b.o)
    0x08000138   0x08000138   0x00000008   Code   RO         4581    .ARM.Collect$$$$0000000B  mc_w.l(entry9a.o)
    0x08000140   0x08000140   0x00000000   Code   RO         4583    .ARM.Collect$$$$0000000D  mc_w.l(entry10a.o)
    0x08000140   0x08000140   0x00000000   Code   RO         4585    .ARM.Collect$$$$0000000F  mc_w.l(entry11a.o)
    0x08000140   0x08000140   0x00000004   Code   RO         4574    .ARM.Collect$$$$00002712  mc_w.l(entry2.o)
    0x08000144   0x08000144   0x00000024   Code   RO          268    .text               startup_stm32f10x_hd.o
    0x08000168   0x08000168   0x00000062   Code   RO         4239    .text               mc_w.l(ldiv.o)
    0x080001ca   0x080001ca   0x00000024   Code   RO         4241    .text               mc_w.l(memseta.o)
    0x080001ee   0x080001ee   0x0000001a   Code   RO         4243    .text               mc_w.l(memcmp.o)
    0x08000208   0x08000208   0x000000b0   Code   RO         4506    .text               mf_w.l(fadd.o)
    0x080002b8   0x080002b8   0x00000064   Code   RO         4508    .text               mf_w.l(fmul.o)
    0x0800031c   0x0800031c   0x0000007c   Code   RO         4510    .text               mf_w.l(fdiv.o)
    0x08000398   0x08000398   0x0000014e   Code   RO         4512    .text               mf_w.l(dadd.o)
    0x080004e6   0x080004e6   0x000000e4   Code   RO         4514    .text               mf_w.l(dmul.o)
    0x080005ca   0x080005ca   0x000000de   Code   RO         4516    .text               mf_w.l(ddiv.o)
    0x080006a8   0x080006a8   0x00000012   Code   RO         4518    .text               mf_w.l(fflti.o)
    0x080006ba   0x080006ba   0x0000000a   Code   RO         4520    .text               mf_w.l(ffltui.o)
    0x080006c4   0x080006c4   0x00000022   Code   RO         4522    .text               mf_w.l(dflti.o)
    0x080006e6   0x080006e6   0x00000032   Code   RO         4524    .text               mf_w.l(ffixi.o)
    0x08000718   0x08000718   0x00000028   Code   RO         4526    .text               mf_w.l(ffixui.o)
    0x08000740   0x08000740   0x00000026   Code   RO         4528    .text               mf_w.l(f2d.o)
    0x08000766   0x08000766   0x00000038   Code   RO         4530    .text               mf_w.l(d2f.o)
    0x0800079e   0x0800079e   0x00000002   PAD
    0x080007a0   0x080007a0   0x00000014   Code   RO         4532    .text               mf_w.l(cfcmple.o)
    0x080007b4   0x080007b4   0x00000014   Code   RO         4534    .text               mf_w.l(cfrcmple.o)
    0x080007c8   0x080007c8   0x00000062   Code   RO         4589    .text               mc_w.l(uldiv.o)
    0x0800082a   0x0800082a   0x0000001e   Code   RO         4591    .text               mc_w.l(llshl.o)
    0x08000848   0x08000848   0x00000024   Code   RO         4593    .text               mc_w.l(llsshr.o)
    0x0800086c   0x0800086c   0x00000000   Code   RO         4602    .text               mc_w.l(iusefp.o)
    0x0800086c   0x0800086c   0x0000006e   Code   RO         4603    .text               mf_w.l(fepilogue.o)
    0x080008da   0x080008da   0x000000ba   Code   RO         4605    .text               mf_w.l(depilogue.o)
    0x08000994   0x08000994   0x0000002e   Code   RO         4607    .text               mf_w.l(dscalb.o)
    0x080009c2   0x080009c2   0x00000002   PAD
    0x080009c4   0x080009c4   0x00000024   Code   RO         4613    .text               mc_w.l(init.o)
    0x080009e8   0x080009e8   0x00000020   Code   RO         4615    .text               mc_w.l(llushr.o)
    0x08000a08   0x08000a08   0x000000a2   Code   RO         4617    .text               mf_w.l(dsqrt.o)
    0x08000aaa   0x08000aaa   0x00000004   Code   RO          142    i.BusFault_Handler  stm32f10x_it.o
    0x08000aae   0x08000aae   0x00000002   Code   RO          143    i.DebugMon_Handler  stm32f10x_it.o
    0x08000ab0   0x08000ab0   0x00000116   Code   RO         1434    i.GPIO_Init         stm32f10x_gpio.o
    0x08000bc6   0x08000bc6   0x00000002   PAD
    0x08000bc8   0x08000bc8   0x00000090   Code   RO         1436    i.GPIO_PinRemapConfig  stm32f10x_gpio.o
    0x08000c58   0x08000c58   0x00000004   Code   RO         1441    i.GPIO_ResetBits    stm32f10x_gpio.o
    0x08000c5c   0x08000c5c   0x00000004   Code   RO         1442    i.GPIO_SetBits      stm32f10x_gpio.o
    0x08000c60   0x08000c60   0x00000004   Code   RO          144    i.HardFault_Handler  stm32f10x_it.o
    0x08000c64   0x08000c64   0x00000034   Code   RO         4134    i.I2C_Start         olediic.o
    0x08000c98   0x08000c98   0x00000024   Code   RO         4135    i.I2C_Stop          olediic.o
    0x08000cbc   0x08000cbc   0x0000002c   Code   RO         4136    i.I2C_WaitAck       olediic.o
    0x08000ce8   0x08000ce8   0x00000010   Code   RO         4137    i.IIC_delay         olediic.o
    0x08000cf8   0x08000cf8   0x00000034   Code   RO         4206    i.LED_Init          led.o
    0x08000d2c   0x08000d2c   0x00000050   Code   RO         3339    i.MPU_Get_Accelerometer  mpu6050.o
    0x08000d7c   0x08000d7c   0x00000050   Code   RO         3340    i.MPU_Get_Gyroscope  mpu6050.o
    0x08000dcc   0x08000dcc   0x00000068   Code   RO         3341    i.MPU_Get_Temperature  mpu6050.o
    0x08000e34   0x08000e34   0x0000004c   Code   RO         3421    i.MPU_IIC_Ack       mpuiic.o
    0x08000e80   0x08000e80   0x0000000a   Code   RO         3422    i.MPU_IIC_Delay     mpuiic.o
    0x08000e8a   0x08000e8a   0x00000002   PAD
    0x08000e8c   0x08000e8c   0x00000038   Code   RO         3423    i.MPU_IIC_Init      mpuiic.o
    0x08000ec4   0x08000ec4   0x0000004c   Code   RO         3424    i.MPU_IIC_NAck      mpuiic.o
    0x08000f10   0x08000f10   0x0000006c   Code   RO         3425    i.MPU_IIC_Read_Byte  mpuiic.o
    0x08000f7c   0x08000f7c   0x0000005c   Code   RO         3426    i.MPU_IIC_Send_Byte  mpuiic.o
    0x08000fd8   0x08000fd8   0x00000048   Code   RO         3427    i.MPU_IIC_Start     mpuiic.o
    0x08001020   0x08001020   0x00000048   Code   RO         3428    i.MPU_IIC_Stop      mpuiic.o
    0x08001068   0x08001068   0x00000064   Code   RO         3429    i.MPU_IIC_Wait_Ack  mpuiic.o
    0x080010cc   0x080010cc   0x000000c0   Code   RO         3342    i.MPU_Init          mpu6050.o
    0x0800118c   0x0800118c   0x0000003a   Code   RO         3343    i.MPU_Read_Byte     mpu6050.o
    0x080011c6   0x080011c6   0x00000074   Code   RO         3344    i.MPU_Read_Len      mpu6050.o
    0x0800123a   0x0800123a   0x00000010   Code   RO         3345    i.MPU_Set_Accel_Fsr  mpu6050.o
    0x0800124a   0x0800124a   0x00000010   Code   RO         3346    i.MPU_Set_Gyro_Fsr  mpu6050.o
    0x0800125a   0x0800125a   0x0000003a   Code   RO         3347    i.MPU_Set_LPF       mpu6050.o
    0x08001294   0x08001294   0x0000003a   Code   RO         3348    i.MPU_Set_Rate      mpu6050.o
    0x080012ce   0x080012ce   0x00000044   Code   RO         3349    i.MPU_Write_Byte    mpu6050.o
    0x08001312   0x08001312   0x00000060   Code   RO         3350    i.MPU_Write_Len     mpu6050.o
    0x08001372   0x08001372   0x00000004   Code   RO          145    i.MemManage_Handler  stm32f10x_it.o
    0x08001376   0x08001376   0x00000018   Code   RO         3998    i.My_abs            oled.o
    0x0800138e   0x0800138e   0x00000002   Code   RO          146    i.NMI_Handler       stm32f10x_it.o
    0x08001390   0x08001390   0x00000070   Code   RO          283    i.NVIC_Init         misc.o
    0x08001400   0x08001400   0x00000014   Code   RO          284    i.NVIC_PriorityGroupConfig  misc.o
    0x08001414   0x08001414   0x00000030   Code   RO         3999    i.OLED_Clear        oled.o
    0x08001444   0x08001444   0x0000001c   Code   RO         4000    i.OLED_ColorTurn    oled.o
    0x08001460   0x08001460   0x0000002c   Code   RO         4003    i.OLED_DisplayTurn  oled.o
    0x0800148c   0x0800148c   0x00000078   Code   RO         4006    i.OLED_DrawPoint    oled.o
    0x08001504   0x08001504   0x00000108   Code   RO         4007    i.OLED_Init         oled.o
    0x0800160c   0x0800160c   0x00000016   Code   RO         4008    i.OLED_Pow          oled.o
    0x08001622   0x08001622   0x00000002   PAD
    0x08001624   0x08001624   0x00000068   Code   RO         4009    i.OLED_Refresh      oled.o
    0x0800168c   0x0800168c   0x0000013c   Code   RO         4011    i.OLED_ShowChar     oled.o
    0x080017c8   0x080017c8   0x000001ec   Code   RO         4013    i.OLED_ShowFloat    oled.o
    0x080019b4   0x080019b4   0x0000008c   Code   RO         4014    i.OLED_ShowNum      oled.o
    0x08001a40   0x08001a40   0x0000004a   Code   RO         4016    i.OLED_ShowString   oled.o
    0x08001a8a   0x08001a8a   0x00000038   Code   RO         4017    i.OLED_WR_Byte      oled.o
    0x08001ac2   0x08001ac2   0x00000002   Code   RO          147    i.PendSV_Handler    stm32f10x_it.o
    0x08001ac4   0x08001ac4   0x00000020   Code   RO         1852    i.RCC_APB2PeriphClockCmd  stm32f10x_rcc.o
    0x08001ae4   0x08001ae4   0x000000d4   Code   RO         1860    i.RCC_GetClocksFreq  stm32f10x_rcc.o
    0x08001bb8   0x08001bb8   0x00000002   Code   RO          148    i.SVC_Handler       stm32f10x_it.o
    0x08001bba   0x08001bba   0x00000002   PAD
    0x08001bbc   0x08001bbc   0x0000004c   Code   RO         4138    i.Send_Byte         olediic.o
    0x08001c08   0x08001c08   0x00000008   Code   RO          231    i.SetSysClock       system_stm32f10x.o
    0x08001c10   0x08001c10   0x000000e0   Code   RO          232    i.SetSysClockTo72   system_stm32f10x.o
    0x08001cf0   0x08001cf0   0x00000028   Code   RO          287    i.SysTick_CLKSourceConfig  misc.o
    0x08001d18   0x08001d18   0x00000002   Code   RO          149    i.SysTick_Handler   stm32f10x_it.o
    0x08001d1a   0x08001d1a   0x00000002   PAD
    0x08001d1c   0x08001d1c   0x00000060   Code   RO          234    i.SystemInit        system_stm32f10x.o
    0x08001d7c   0x08001d7c   0x000000b0   Code   RO         4170    i.USART1_IRQHandler  uart.o
    0x08001e2c   0x08001e2c   0x000000b8   Code   RO         4171    i.USART1_Init       uart.o
    0x08001ee4   0x08001ee4   0x00000012   Code   RO         3016    i.USART_ClearFlag   stm32f10x_usart.o
    0x08001ef6   0x08001ef6   0x0000001e   Code   RO         3017    i.USART_ClearITPendingBit  stm32f10x_usart.o
    0x08001f14   0x08001f14   0x00000018   Code   RO         3020    i.USART_Cmd         stm32f10x_usart.o
    0x08001f2c   0x08001f2c   0x00000054   Code   RO         3024    i.USART_GetITStatus  stm32f10x_usart.o
    0x08001f80   0x08001f80   0x0000004a   Code   RO         3026    i.USART_ITConfig    stm32f10x_usart.o
    0x08001fca   0x08001fca   0x00000002   PAD
    0x08001fcc   0x08001fcc   0x000000d8   Code   RO         3027    i.USART_Init        stm32f10x_usart.o
    0x080020a4   0x080020a4   0x0000000a   Code   RO         3034    i.USART_ReceiveData  stm32f10x_usart.o
    0x080020ae   0x080020ae   0x00000004   Code   RO          150    i.UsageFault_Handler  stm32f10x_it.o
    0x080020b2   0x080020b2   0x00000002   PAD
    0x080020b4   0x080020b4   0x00000020   Code   RO         4452    i.__0printf$8       mc_w.l(printf8.o)
    0x080020d4   0x080020d4   0x00000028   Code   RO         4560    i.__ARM_fpclassify  m_ws.l(fpclassify.o)
    0x080020fc   0x080020fc   0x000000aa   Code   RO         4562    i.__kernel_poly     m_ws.l(poly.o)
    0x080021a6   0x080021a6   0x00000006   Code   RO         4547    i.__mathlib_dbl_infnan  m_ws.l(dunder.o)
    0x080021ac   0x080021ac   0x00000004   Code   RO         4548    i.__mathlib_dbl_infnan2  m_ws.l(dunder.o)
    0x080021b0   0x080021b0   0x0000000c   Code   RO         4549    i.__mathlib_dbl_invalid  m_ws.l(dunder.o)
    0x080021bc   0x080021bc   0x00000010   Code   RO         4552    i.__mathlib_dbl_underflow  m_ws.l(dunder.o)
    0x080021cc   0x080021cc   0x0000000e   Code   RO         4623    i.__scatterload_copy  mc_w.l(handlers.o)
    0x080021da   0x080021da   0x00000002   Code   RO         4624    i.__scatterload_null  mc_w.l(handlers.o)
    0x080021dc   0x080021dc   0x0000000e   Code   RO         4625    i.__scatterload_zeroinit  mc_w.l(handlers.o)
    0x080021ea   0x080021ea   0x00000002   PAD
    0x080021ec   0x080021ec   0x0000000c   Code   RO         4597    i.__set_errno       mc_w.l(errno.o)
    0x080021f8   0x080021f8   0x00000410   Code   RO         4459    i._printf_core      mc_w.l(printf8.o)
    0x08002608   0x08002608   0x00000024   Code   RO         4460    i._printf_post_padding  mc_w.l(printf8.o)
    0x0800262c   0x0800262c   0x0000002e   Code   RO         4461    i._printf_pre_padding  mc_w.l(printf8.o)
    0x0800265a   0x0800265a   0x00000002   PAD
    0x0800265c   0x0800265c   0x000000a8   Code   RO         3673    i.accel_self_test   inv_mpu.o
    0x08002704   0x08002704   0x00000270   Code   RO         4219    i.asin              m_ws.l(asin.o)
    0x08002974   0x08002974   0x00000220   Code   RO         4537    i.atan              m_ws.l(atan.o)
    0x08002b94   0x08002b94   0x00000180   Code   RO         4229    i.atan2             m_ws.l(atan2.o)
    0x08002d14   0x08002d14   0x00000064   Code   RO         3481    i.decode_gesture    inv_mpu_dmp_motion_driver.o
    0x08002d78   0x08002d78   0x00000044   Code   RO         3250    i.delay_init        delay.o
    0x08002dbc   0x08002dbc   0x0000004c   Code   RO         3251    i.delay_ms          delay.o
    0x08002e08   0x08002e08   0x0000004c   Code   RO         3252    i.delay_us          delay.o
    0x08002e54   0x08002e54   0x0000003c   Code   RO         3482    i.dmp_enable_6x_lp_quat  inv_mpu_dmp_motion_driver.o
    0x08002e90   0x08002e90   0x0000021c   Code   RO         3483    i.dmp_enable_feature  inv_mpu_dmp_motion_driver.o
    0x080030ac   0x080030ac   0x00000058   Code   RO         3484    i.dmp_enable_gyro_cal  inv_mpu_dmp_motion_driver.o
    0x08003104   0x08003104   0x0000003c   Code   RO         3485    i.dmp_enable_lp_quat  inv_mpu_dmp_motion_driver.o
    0x08003140   0x08003140   0x00000018   Code   RO         3490    i.dmp_load_motion_driver_firmware  inv_mpu_dmp_motion_driver.o
    0x08003158   0x08003158   0x000001cc   Code   RO         3491    i.dmp_read_fifo     inv_mpu_dmp_motion_driver.o
    0x08003324   0x08003324   0x00000130   Code   RO         3494    i.dmp_set_accel_bias  inv_mpu_dmp_motion_driver.o
    0x08003454   0x08003454   0x00000070   Code   RO         3495    i.dmp_set_fifo_rate  inv_mpu_dmp_motion_driver.o
    0x080034c4   0x080034c4   0x00000130   Code   RO         3496    i.dmp_set_gyro_bias  inv_mpu_dmp_motion_driver.o
    0x080035f4   0x080035f4   0x00000138   Code   RO         3498    i.dmp_set_orientation  inv_mpu_dmp_motion_driver.o
    0x0800372c   0x0800372c   0x00000038   Code   RO         3501    i.dmp_set_shake_reject_thresh  inv_mpu_dmp_motion_driver.o
    0x08003764   0x08003764   0x00000026   Code   RO         3502    i.dmp_set_shake_reject_time  inv_mpu_dmp_motion_driver.o
    0x0800378a   0x0800378a   0x00000026   Code   RO         3503    i.dmp_set_shake_reject_timeout  inv_mpu_dmp_motion_driver.o
    0x080037b0   0x080037b0   0x00000046   Code   RO         3504    i.dmp_set_tap_axes  inv_mpu_dmp_motion_driver.o
    0x080037f6   0x080037f6   0x00000026   Code   RO         3505    i.dmp_set_tap_count  inv_mpu_dmp_motion_driver.o
    0x0800381c   0x0800381c   0x000001a0   Code   RO         3506    i.dmp_set_tap_thresh  inv_mpu_dmp_motion_driver.o
    0x080039bc   0x080039bc   0x00000026   Code   RO         3507    i.dmp_set_tap_time  inv_mpu_dmp_motion_driver.o
    0x080039e2   0x080039e2   0x00000026   Code   RO         3508    i.dmp_set_tap_time_multi  inv_mpu_dmp_motion_driver.o
    0x08003a08   0x08003a08   0x0000001c   Code   RO         3305    i.fputc             usart.o
    0x08003a24   0x08003a24   0x000000b4   Code   RO         3674    i.get_accel_prod_shift  inv_mpu.o
    0x08003ad8   0x08003ad8   0x00000470   Code   RO         3675    i.get_st_biases     inv_mpu.o
    0x08003f48   0x08003f48   0x00000110   Code   RO         3676    i.gyro_self_test    inv_mpu.o
    0x08004058   0x08004058   0x00000028   Code   RO         3677    i.inv_orientation_matrix_to_scalar  inv_mpu.o
    0x08004080   0x08004080   0x0000004e   Code   RO         3678    i.inv_row_2_scale   inv_mpu.o
    0x080040ce   0x080040ce   0x00000002   PAD
    0x080040d0   0x080040d0   0x000001d8   Code   RO            1    i.main              main.o
    0x080042a8   0x080042a8   0x00000002   Code   RO         3679    i.mget_ms           inv_mpu.o
    0x080042aa   0x080042aa   0x00000002   PAD
    0x080042ac   0x080042ac   0x00000070   Code   RO         3680    i.mpu_configure_fifo  inv_mpu.o
    0x0800431c   0x0800431c   0x00000224   Code   RO         3681    i.mpu_dmp_get_data  inv_mpu.o
    0x08004540   0x08004540   0x000000a0   Code   RO         3682    i.mpu_dmp_init      inv_mpu.o
    0x080045e0   0x080045e0   0x0000004c   Code   RO         3683    i.mpu_get_accel_fsr  inv_mpu.o
    0x0800462c   0x0800462c   0x00000054   Code   RO         3685    i.mpu_get_accel_sens  inv_mpu.o
    0x08004680   0x08004680   0x00000010   Code   RO         3690    i.mpu_get_fifo_config  inv_mpu.o
    0x08004690   0x08004690   0x00000044   Code   RO         3691    i.mpu_get_gyro_fsr  inv_mpu.o
    0x080046d4   0x080046d4   0x00000050   Code   RO         3693    i.mpu_get_gyro_sens  inv_mpu.o
    0x08004724   0x08004724   0x00000050   Code   RO         3695    i.mpu_get_lpf       inv_mpu.o
    0x08004774   0x08004774   0x00000020   Code   RO         3697    i.mpu_get_sample_rate  inv_mpu.o
    0x08004794   0x08004794   0x000001f0   Code   RO         3699    i.mpu_init          inv_mpu.o
    0x08004984   0x08004984   0x000000b8   Code   RO         3700    i.mpu_load_firmware  inv_mpu.o
    0x08004a3c   0x08004a3c   0x000000e0   Code   RO         3701    i.mpu_lp_accel_mode  inv_mpu.o
    0x08004b1c   0x08004b1c   0x000000c0   Code   RO         3704    i.mpu_read_fifo_stream  inv_mpu.o
    0x08004bdc   0x08004bdc   0x00000080   Code   RO         3705    i.mpu_read_mem      inv_mpu.o
    0x08004c5c   0x08004c5c   0x000001c8   Code   RO         3708    i.mpu_reset_fifo    inv_mpu.o
    0x08004e24   0x08004e24   0x0000011c   Code   RO         3709    i.mpu_run_self_test  inv_mpu.o
    0x08004f40   0x08004f40   0x00000084   Code   RO         3711    i.mpu_set_accel_fsr  inv_mpu.o
    0x08004fc4   0x08004fc4   0x0000014c   Code   RO         3712    i.mpu_set_bypass    inv_mpu.o
    0x08005110   0x08005110   0x00000090   Code   RO         3714    i.mpu_set_dmp_state  inv_mpu.o
    0x080051a0   0x080051a0   0x00000088   Code   RO         3715    i.mpu_set_gyro_fsr  inv_mpu.o
    0x08005228   0x08005228   0x0000006c   Code   RO         3716    i.mpu_set_int_latched  inv_mpu.o
    0x08005294   0x08005294   0x00000084   Code   RO         3718    i.mpu_set_lpf       inv_mpu.o
    0x08005318   0x08005318   0x0000009c   Code   RO         3719    i.mpu_set_sample_rate  inv_mpu.o
    0x080053b4   0x080053b4   0x000000d0   Code   RO         3720    i.mpu_set_sensors   inv_mpu.o
    0x08005484   0x08005484   0x00000080   Code   RO         3721    i.mpu_write_mem     inv_mpu.o
    0x08005504   0x08005504   0x00000094   Code   RO         3722    i.run_self_test     inv_mpu.o
    0x08005598   0x08005598   0x00000090   Code   RO         3723    i.set_int_enable    inv_mpu.o
    0x08005628   0x08005628   0x0000004c   Code   RO         4566    i.sqrt              m_ws.l(sqrt.o)
    0x08005674   0x08005674   0x00000bf6   Data   RO         3510    .constdata          inv_mpu_dmp_motion_driver.o
    0x0800626a   0x0800626a   0x00000002   PAD
    0x0800626c   0x0800626c   0x00000050   Data   RO         3725    .constdata          inv_mpu.o
    0x080062bc   0x080062bc   0x00001e10   Data   RO         4019    .constdata          oled.o
    0x080080cc   0x080080cc   0x00000004   PAD
    0x080080d0   0x080080d0   0x00000050   Data   RO         4220    .constdata          m_ws.l(asin.o)
    0x08008120   0x08008120   0x00000098   Data   RO         4538    .constdata          m_ws.l(atan.o)
    0x080081b8   0x080081b8   0x00000008   Data   RO         4564    .constdata          m_ws.l(qnan.o)
    0x080081c0   0x080081c0   0x0000004d   Data   RO         3726    .conststring        inv_mpu.o
    0x0800820d   0x0800820d   0x00000003   PAD
    0x08008210   0x08008210   0x00000020   Data   RO         4621    Region$$Table       anon$$obj.o


    Execution Region RW_IRAM1 (Exec base: 0x20000000, Load base: 0x08008230, Size: 0x00000900, Max: 0x00005000, ABSOLUTE)

    Exec Addr    Load Addr    Size         Type   Attr      Idx    E Section Name        Object

    0x20000000   0x08008230   0x00000014   Data   RW          235    .data               system_stm32f10x.o
    0x20000014   0x08008244   0x00000014   Data   RW         1880    .data               stm32f10x_rcc.o
    0x20000028   0x08008258   0x00000004   Data   RW         3253    .data               delay.o
    0x2000002c   0x0800825c   0x00000006   Data   RW         3308    .data               usart.o
    0x20000032   0x08008262   0x00000002   PAD
    0x20000034   0x08008264   0x00000035   Data   RW         3727    .data               inv_mpu.o
    0x20000069   0x08008299   0x00000001   Data   RW         4172    .data               uart.o
    0x2000006a   0x0800829a   0x00000002   PAD
    0x2000006c   0x0800829c   0x00000004   Data   RW         4598    .data               mc_w.l(errno.o)
    0x20000070        -       0x00000010   Zero   RW         3509    .bss                inv_mpu_dmp_motion_driver.o
    0x20000080        -       0x00000480   Zero   RW         4018    .bss                oled.o
    0x20000500        -       0x00000400   Zero   RW          265    STACK               startup_stm32f10x_hd.o


==============================================================================

Image component sizes


      Code (inc. data)   RO Data    RW Data    ZI Data      Debug   Object Name

       220         26          0          4          0       1751   delay.o
      6864        290        157         53          0      31472   inv_mpu.o
      3096        122       3062          0         16      20910   inv_mpu_dmp_motion_driver.o
        52          6          0          0          0        491   led.o
       472         84          0          0          0     231831   main.o
       172         22          0          0          0       2081   misc.o
       942         30          0          0          0       8381   mpu6050.o
       662        100          0          0          0       4902   mpuiic.o
      1732         48       7696          0       1152      10298   oled.o
       224         18          0          0          0       2453   olediic.o
        36          8        304          0       1024        820   startup_stm32f10x_hd.o
       430          6          0          0          0       3902   stm32f10x_gpio.o
        26          0          0          0          0       3770   stm32f10x_it.o
       244         26          0         20          0       3893   stm32f10x_rcc.o
       456          6          0          0          0       6238   stm32f10x_usart.o
       328         28          0         20          0       2117   system_stm32f10x.o
       360         24          0          1          0       1466   uart.o
        28          4          0          6          0       2400   usart.o

    ----------------------------------------------------------------------
     16362        848      11260        108       2192     339176   Object Totals
         0          0         32          0          0          0   (incl. Generated)
        18          0          9          4          0          0   (incl. Padding)

    ----------------------------------------------------------------------

      Code (inc. data)   RO Data    RW Data    ZI Data      Debug   Library Member Name

       624         52         80          0          0        168   asin.o
       544         70        152          0          0        124   atan.o
       384         38          0          0          0        144   atan2.o
        38          6          0          0          0        272   dunder.o
        40          0          0          0          0         68   fpclassify.o
       170          0          0          0          0         96   poly.o
         0          0          8          0          0          0   qnan.o
        76          0          0          0          0         84   sqrt.o
         0          0          0          0          0          0   entry.o
         0          0          0          0          0          0   entry10a.o
         0          0          0          0          0          0   entry11a.o
         8          4          0          0          0          0   entry2.o
         4          0          0          0          0          0   entry5.o
         0          0          0          0          0          0   entry7b.o
         0          0          0          0          0          0   entry8b.o
         8          4          0          0          0          0   entry9a.o
        12          6          0          4          0         68   errno.o
        30          0          0          0          0          0   handlers.o
        36          8          0          0          0         68   init.o
         0          0          0          0          0          0   iusefp.o
        98          0          0          0          0         84   ldiv.o
        30          0          0          0          0         68   llshl.o
        36          0          0          0          0         68   llsshr.o
        32          0          0          0          0         68   llushr.o
        26          0          0          0          0         80   memcmp.o
        36          0          0          0          0        108   memseta.o
      1154         54          0          0          0        352   printf8.o
        98          0          0          0          0         92   uldiv.o
        20          0          0          0          0         68   cfcmple.o
        20          0          0          0          0         68   cfrcmple.o
        56          0          0          0          0         88   d2f.o
       334          0          0          0          0        148   dadd.o
       222          0          0          0          0        100   ddiv.o
       186          0          0          0          0        176   depilogue.o
        34          0          0          0          0         76   dflti.o
       228          0          0          0          0         96   dmul.o
        46          0          0          0          0         80   dscalb.o
       162          0          0          0          0        100   dsqrt.o
        38          0          0          0          0         68   f2d.o
       176          0          0          0          0        140   fadd.o
       124          0          0          0          0         88   fdiv.o
       110          0          0          0          0        168   fepilogue.o
        50          0          0          0          0         68   ffixi.o
        40          0          0          0          0         68   ffixui.o
        18          0          0          0          0         68   fflti.o
        10          0          0          0          0         68   ffltui.o
       100          0          0          0          0         76   fmul.o

    ----------------------------------------------------------------------
      5466        242        240          4          0       3824   Library Totals
         8          0          0          0          0          0   (incl. Padding)

    ----------------------------------------------------------------------

      Code (inc. data)   RO Data    RW Data    ZI Data      Debug   Library Name

      1876        166        240          0          0        956   m_ws.l
      1608         76          0          4          0       1056   mc_w.l
      1974          0          0          0          0       1812   mf_w.l

    ----------------------------------------------------------------------
      5466        242        240          4          0       3824   Library Totals

    ----------------------------------------------------------------------

==============================================================================


      Code (inc. data)   RO Data    RW Data    ZI Data      Debug   

     21828       1090      11500        112       2192     334624   Grand Totals
     21828       1090      11500        112       2192     334624   ELF Image Totals
     21828       1090      11500        112          0          0   ROM Totals

==============================================================================

    Total RO  Size (Code + RO Data)                33328 (  32.55kB)
    Total RW  Size (RW Data + ZI Data)              2304 (   2.25kB)
    Total ROM Size (Code + RO Data + RW Data)      33440 (  32.66kB)

==============================================================================

